2025-09-22 10:34:07,606 : INFO : popt.loop.optimize :        ====== Running optimization - Line search (Newton-CG) ======
2025-09-22 10:34:07,606 : INFO : popt.loop.optimize : 
SPECIFIED OPTIONS:
     save_folder: results/weight0.0
         maxiter: 20
 step_size_adapt: 2
            ftol: 1e-05
2025-09-22 10:34:07,606 : INFO : popt.loop.optimize : 
2025-09-22 10:34:07,606 : INFO : popt.loop.optimize :        iter.      fun(xₖ)         ‖jac(xₖ)‖∞      step-size      
2025-09-22 10:34:07,606 : INFO : popt.loop.optimize :        0          -1.0000e+00     1.6908e-01      0.0000e+00     
2025-09-22 10:34:07,607 : INFO : popt.loop.optimize : 
2025-09-22 10:34:07,607 : INFO : popt.loop.optimize : Running Newton-CG subroutine..........
2025-09-22 10:34:07,607 : INFO : popt.loop.optimize : iteration: 0
2025-09-22 10:34:07,607 : INFO : popt.loop.optimize : Negative curvature detected, terminating subroutine
2025-09-22 10:34:07,607 : INFO : popt.loop.optimize : 
2025-09-22 10:34:07,607 : INFO : popt.loop.optimize : Performing line search.............
2025-09-22 10:34:07,607 : INFO : popt.loop.optimize : Line search iteration: 0
2025-09-22 10:34:07,607 : INFO : popt.loop.optimize :     Evaluating Armijo condition
2025-09-22 10:38:27,571 : INFO : popt.loop.optimize :     Evaluating curvature condition
2025-09-22 10:42:52,817 : INFO : popt.loop.optimize : 
2025-09-22 10:42:52,817 : INFO : popt.loop.optimize :        iter.      fun(xₖ)         ‖jac(xₖ)‖∞      step-size      
2025-09-22 10:42:52,818 : INFO : popt.loop.optimize :        1          -1.0321e+00     9.2945e-02      1.4786e+00     
2025-09-22 10:42:52,818 : INFO : popt.loop.optimize : 
2025-09-22 10:42:52,819 : INFO : popt.loop.optimize : Running Newton-CG subroutine..........
2025-09-22 10:42:52,819 : INFO : popt.loop.optimize : iteration: 0
2025-09-22 10:42:52,819 : INFO : popt.loop.optimize : iteration: 1
2025-09-22 10:42:52,819 : INFO : popt.loop.optimize : Negative curvature detected, terminating subroutine
2025-09-22 10:42:52,819 : INFO : popt.loop.optimize : 
2025-09-22 10:42:52,820 : INFO : popt.loop.optimize : Performing line search.............
2025-09-22 10:42:52,820 : INFO : popt.loop.optimize : Line search iteration: 0
2025-09-22 10:42:52,820 : INFO : popt.loop.optimize :     Evaluating Armijo condition
2025-09-22 10:47:17,243 : INFO : popt.loop.optimize :     Evaluating curvature condition
2025-09-22 10:51:37,342 : INFO : popt.loop.optimize : 
2025-09-22 10:51:37,342 : INFO : popt.loop.optimize :        iter.      fun(xₖ)         ‖jac(xₖ)‖∞      step-size      
2025-09-22 10:51:37,342 : INFO : popt.loop.optimize :        2          -1.0534e+00     3.0818e-02      7.8490e-01     
2025-09-22 10:51:37,342 : INFO : popt.loop.optimize : 
2025-09-22 10:51:37,343 : INFO : popt.loop.optimize : Running Newton-CG subroutine..........
2025-09-22 10:51:37,343 : INFO : popt.loop.optimize : iteration: 0
2025-09-22 10:51:37,343 : INFO : popt.loop.optimize : iteration: 1
2025-09-22 10:51:37,344 : INFO : popt.loop.optimize : Negative curvature detected, terminating subroutine
2025-09-22 10:51:37,344 : INFO : popt.loop.optimize : 
2025-09-22 10:51:37,344 : INFO : popt.loop.optimize : Performing line search.............
2025-09-22 10:51:37,344 : INFO : popt.loop.optimize : Line search iteration: 0
2025-09-22 10:51:37,344 : INFO : popt.loop.optimize :     Evaluating Armijo condition
2025-09-22 10:56:22,443 : INFO : popt.loop.optimize : Line search iteration: 1
2025-09-22 10:56:22,443 : INFO : popt.loop.optimize :     Evaluating Armijo condition
2025-09-22 11:00:47,303 : INFO : popt.loop.optimize : Line search iteration: 2
2025-09-22 11:00:47,303 : INFO : popt.loop.optimize :     Evaluating Armijo condition
2025-09-22 11:05:06,179 : INFO : popt.loop.optimize :     Evaluating curvature condition
2025-09-22 11:09:30,040 : INFO : popt.loop.optimize : 
2025-09-22 11:09:30,040 : INFO : popt.loop.optimize :        iter.      fun(xₖ)         ‖jac(xₖ)‖∞      step-size      
2025-09-22 11:09:30,040 : INFO : popt.loop.optimize :        3          -1.0601e+00     4.3807e-02      2.0056e-01     
2025-09-22 11:09:30,040 : INFO : popt.loop.optimize : 
2025-09-22 11:09:30,041 : INFO : popt.loop.optimize : Running Newton-CG subroutine..........
2025-09-22 11:09:30,041 : INFO : popt.loop.optimize : iteration: 0
2025-09-22 11:09:30,042 : INFO : popt.loop.optimize : iteration: 1
2025-09-22 11:09:30,042 : INFO : popt.loop.optimize : Negative curvature detected, terminating subroutine
2025-09-22 11:09:30,042 : INFO : popt.loop.optimize : 
2025-09-22 11:09:30,042 : INFO : popt.loop.optimize : Performing line search.............
2025-09-22 11:09:30,042 : INFO : popt.loop.optimize : Line search iteration: 0
2025-09-22 11:09:30,042 : INFO : popt.loop.optimize :     Evaluating Armijo condition
2025-09-22 11:13:54,199 : INFO : popt.loop.optimize :     Evaluating curvature condition
2025-09-22 11:18:19,267 : INFO : popt.loop.optimize : 
2025-09-22 11:18:19,267 : INFO : popt.loop.optimize :        iter.      fun(xₖ)         ‖jac(xₖ)‖∞      step-size      
2025-09-22 11:18:19,268 : INFO : popt.loop.optimize :        4          -1.0665e+00     2.5467e-02      5.0797e-01     
2025-09-22 11:18:19,268 : INFO : popt.loop.optimize : 
2025-09-22 11:18:19,269 : INFO : popt.loop.optimize : Running Newton-CG subroutine..........
2025-09-22 11:18:19,269 : INFO : popt.loop.optimize : iteration: 0
2025-09-22 11:18:19,269 : INFO : popt.loop.optimize : iteration: 1
2025-09-22 11:18:19,269 : INFO : popt.loop.optimize : Negative curvature detected, terminating subroutine
2025-09-22 11:18:19,269 : INFO : popt.loop.optimize : 
2025-09-22 11:18:19,269 : INFO : popt.loop.optimize : Performing line search.............
2025-09-22 11:18:19,269 : INFO : popt.loop.optimize : Line search iteration: 0
2025-09-22 11:18:19,269 : INFO : popt.loop.optimize :     Evaluating Armijo condition
2025-09-22 11:22:45,913 : INFO : popt.loop.optimize :     Evaluating curvature condition
2025-09-22 11:27:12,716 : INFO : popt.loop.optimize : 
2025-09-22 11:27:12,716 : INFO : popt.loop.optimize :        iter.      fun(xₖ)         ‖jac(xₖ)‖∞      step-size      
2025-09-22 11:27:12,716 : INFO : popt.loop.optimize :        5          -1.0710e+00     3.4240e-02      2.6831e-01     
2025-09-22 11:27:12,716 : INFO : popt.loop.optimize : 
2025-09-22 11:27:12,717 : INFO : popt.loop.optimize : Running Newton-CG subroutine..........
2025-09-22 11:27:12,718 : INFO : popt.loop.optimize : iteration: 0
2025-09-22 11:27:12,718 : INFO : popt.loop.optimize : iteration: 1
2025-09-22 11:27:12,718 : INFO : popt.loop.optimize : Negative curvature detected, terminating subroutine
2025-09-22 11:27:12,718 : INFO : popt.loop.optimize : 
2025-09-22 11:27:12,718 : INFO : popt.loop.optimize : Performing line search.............
2025-09-22 11:27:12,718 : INFO : popt.loop.optimize : Line search iteration: 0
2025-09-22 11:27:12,718 : INFO : popt.loop.optimize :     Evaluating Armijo condition
2025-09-22 11:31:46,383 : INFO : popt.loop.optimize :     Evaluating curvature condition
2025-09-22 11:36:16,534 : INFO : popt.loop.optimize : 
2025-09-22 11:36:16,534 : INFO : popt.loop.optimize :        iter.      fun(xₖ)         ‖jac(xₖ)‖∞      step-size      
2025-09-22 11:36:16,535 : INFO : popt.loop.optimize :        6          -1.0767e+00     2.4412e-02      1.0258e+00     
2025-09-22 11:36:16,535 : INFO : popt.loop.optimize : 
2025-09-22 11:36:16,536 : INFO : popt.loop.optimize : Running Newton-CG subroutine..........
2025-09-22 11:36:16,536 : INFO : popt.loop.optimize : iteration: 0
2025-09-22 11:36:16,536 : INFO : popt.loop.optimize : Negative curvature detected, terminating subroutine
2025-09-22 11:36:16,536 : INFO : popt.loop.optimize : 
2025-09-22 11:36:16,536 : INFO : popt.loop.optimize : Performing line search.............
2025-09-22 11:36:16,536 : INFO : popt.loop.optimize : Line search iteration: 0
2025-09-22 11:36:16,536 : INFO : popt.loop.optimize :     Evaluating Armijo condition
2025-09-22 11:40:48,175 : INFO : popt.loop.optimize :     Evaluating curvature condition
2025-09-22 11:45:21,838 : INFO : popt.loop.optimize : 
2025-09-22 11:45:21,838 : INFO : popt.loop.optimize :        iter.      fun(xₖ)         ‖jac(xₖ)‖∞      step-size      
2025-09-22 11:45:21,838 : INFO : popt.loop.optimize :        7          -1.0795e+00     2.6698e-02      9.1511e+00     
2025-09-22 11:45:21,838 : INFO : popt.loop.optimize : 
2025-09-22 11:45:21,839 : INFO : popt.loop.optimize : Running Newton-CG subroutine..........
2025-09-22 11:45:21,839 : INFO : popt.loop.optimize : iteration: 0
2025-09-22 11:45:21,840 : INFO : popt.loop.optimize : Negative curvature detected, terminating subroutine
2025-09-22 11:45:21,840 : INFO : popt.loop.optimize : 
2025-09-22 11:45:21,840 : INFO : popt.loop.optimize : Performing line search.............
2025-09-22 11:45:21,840 : INFO : popt.loop.optimize : Line search iteration: 0
2025-09-22 11:45:21,840 : INFO : popt.loop.optimize :     Evaluating Armijo condition
2025-09-22 11:49:54,283 : INFO : popt.loop.optimize : Line search iteration: 1
2025-09-22 11:49:54,283 : INFO : popt.loop.optimize :     Evaluating Armijo condition
2025-09-22 11:54:27,680 : INFO : popt.loop.optimize :     Evaluating curvature condition
2025-09-22 11:59:01,696 : INFO : popt.loop.optimize : 
2025-09-22 11:59:01,696 : INFO : popt.loop.optimize :        iter.      fun(xₖ)         ‖jac(xₖ)‖∞      step-size      
2025-09-22 11:59:01,697 : INFO : popt.loop.optimize :        8          -1.0840e+00     2.6465e-02      3.6865e+00     
2025-09-22 11:59:01,697 : INFO : popt.loop.optimize : 
2025-09-22 11:59:01,698 : INFO : popt.loop.optimize : Running Newton-CG subroutine..........
2025-09-22 11:59:01,698 : INFO : popt.loop.optimize : iteration: 0
2025-09-22 11:59:01,698 : INFO : popt.loop.optimize : iteration: 1
2025-09-22 11:59:01,698 : INFO : popt.loop.optimize : Negative curvature detected, terminating subroutine
2025-09-22 11:59:01,698 : INFO : popt.loop.optimize : 
2025-09-22 11:59:01,698 : INFO : popt.loop.optimize : Performing line search.............
2025-09-22 11:59:01,698 : INFO : popt.loop.optimize : Line search iteration: 0
2025-09-22 11:59:01,698 : INFO : popt.loop.optimize :     Evaluating Armijo condition
2025-09-22 12:03:34,436 : INFO : popt.loop.optimize :     Evaluating curvature condition
2025-09-22 12:08:09,204 : INFO : popt.loop.optimize : 
2025-09-22 12:08:09,204 : INFO : popt.loop.optimize :        iter.      fun(xₖ)         ‖jac(xₖ)‖∞      step-size      
2025-09-22 12:08:09,204 : INFO : popt.loop.optimize :        9          -1.0876e+00     1.9298e-02      1.4887e-01     
2025-09-22 12:08:09,204 : INFO : popt.loop.optimize : 
2025-09-22 12:08:09,206 : INFO : popt.loop.optimize : Running Newton-CG subroutine..........
2025-09-22 12:08:09,206 : INFO : popt.loop.optimize : iteration: 0
2025-09-22 12:08:09,206 : INFO : popt.loop.optimize : Negative curvature detected, terminating subroutine
2025-09-22 12:08:09,206 : INFO : popt.loop.optimize : 
2025-09-22 12:08:09,206 : INFO : popt.loop.optimize : Performing line search.............
2025-09-22 12:08:09,206 : INFO : popt.loop.optimize : Line search iteration: 0
2025-09-22 12:08:09,206 : INFO : popt.loop.optimize :     Evaluating Armijo condition
2025-09-22 12:12:49,304 : INFO : popt.loop.optimize :     Evaluating curvature condition
2025-09-22 12:17:27,479 : INFO : popt.loop.optimize : 
2025-09-22 12:17:27,480 : INFO : popt.loop.optimize :        iter.      fun(xₖ)         ‖jac(xₖ)‖∞      step-size      
2025-09-22 12:17:27,480 : INFO : popt.loop.optimize :        10         -1.0907e+00     1.8513e-02      4.3261e+00     
2025-09-22 12:17:27,480 : INFO : popt.loop.optimize : 
2025-09-22 12:17:27,481 : INFO : popt.loop.optimize : Running Newton-CG subroutine..........
2025-09-22 12:17:27,481 : INFO : popt.loop.optimize : iteration: 0
2025-09-22 12:17:27,481 : INFO : popt.loop.optimize : iteration: 1
2025-09-22 12:17:27,481 : INFO : popt.loop.optimize : Negative curvature detected, terminating subroutine
2025-09-22 12:17:27,481 : INFO : popt.loop.optimize : 
2025-09-22 12:17:27,482 : INFO : popt.loop.optimize : Performing line search.............
2025-09-22 12:17:27,482 : INFO : popt.loop.optimize : Line search iteration: 0
2025-09-22 12:17:27,482 : INFO : popt.loop.optimize :     Evaluating Armijo condition
2025-09-22 12:22:09,591 : INFO : popt.loop.optimize :     Evaluating curvature condition
2025-09-22 12:26:47,900 : INFO : popt.loop.optimize : 
2025-09-22 12:26:47,901 : INFO : popt.loop.optimize :        iter.      fun(xₖ)         ‖jac(xₖ)‖∞      step-size      
2025-09-22 12:26:47,901 : INFO : popt.loop.optimize :        11         -1.0935e+00     1.6829e-02      5.2646e-01     
2025-09-22 12:26:47,901 : INFO : popt.loop.optimize : 
2025-09-22 12:26:47,902 : INFO : popt.loop.optimize : Running Newton-CG subroutine..........
2025-09-22 12:26:47,902 : INFO : popt.loop.optimize : iteration: 0
2025-09-22 12:26:47,902 : INFO : popt.loop.optimize : iteration: 1
2025-09-22 12:26:47,902 : INFO : popt.loop.optimize : Negative curvature detected, terminating subroutine
2025-09-22 12:26:47,902 : INFO : popt.loop.optimize : 
2025-09-22 12:26:47,903 : INFO : popt.loop.optimize : Performing line search.............
2025-09-22 12:26:47,903 : INFO : popt.loop.optimize : Line search iteration: 0
2025-09-22 12:26:47,903 : INFO : popt.loop.optimize :     Evaluating Armijo condition
2025-09-22 12:31:23,573 : INFO : popt.loop.optimize :     Evaluating curvature condition
2025-09-22 12:36:00,043 : INFO : popt.loop.optimize : 
2025-09-22 12:36:00,044 : INFO : popt.loop.optimize :        iter.      fun(xₖ)         ‖jac(xₖ)‖∞      step-size      
2025-09-22 12:36:00,044 : INFO : popt.loop.optimize :        12         -1.0975e+00     2.6540e-02      1.7950e-01     
2025-09-22 12:36:00,044 : INFO : popt.loop.optimize : 
2025-09-22 12:36:00,045 : INFO : popt.loop.optimize : Running Newton-CG subroutine..........
2025-09-22 12:36:00,045 : INFO : popt.loop.optimize : iteration: 0
2025-09-22 12:36:00,045 : INFO : popt.loop.optimize : iteration: 1
2025-09-22 12:36:00,045 : INFO : popt.loop.optimize : Negative curvature detected, terminating subroutine
2025-09-22 12:36:00,045 : INFO : popt.loop.optimize : 
2025-09-22 12:36:00,046 : INFO : popt.loop.optimize : Performing line search.............
2025-09-22 12:36:00,046 : INFO : popt.loop.optimize : Line search iteration: 0
2025-09-22 12:36:00,046 : INFO : popt.loop.optimize :     Evaluating Armijo condition
2025-09-22 12:40:36,477 : INFO : popt.loop.optimize : Line search iteration: 1
2025-09-22 12:40:36,478 : INFO : popt.loop.optimize :     Evaluating Armijo condition
2025-09-22 12:45:11,333 : INFO : popt.loop.optimize :     Evaluating curvature condition
2025-09-22 12:49:45,923 : INFO : popt.loop.optimize : 
2025-09-22 12:49:45,923 : INFO : popt.loop.optimize :        iter.      fun(xₖ)         ‖jac(xₖ)‖∞      step-size      
2025-09-22 12:49:45,923 : INFO : popt.loop.optimize :        13         -1.0977e+00     2.4156e-02      1.6407e-01     
2025-09-22 12:49:45,923 : INFO : popt.loop.optimize : 
2025-09-22 12:49:45,925 : INFO : popt.loop.optimize : Running Newton-CG subroutine..........
2025-09-22 12:49:45,925 : INFO : popt.loop.optimize : iteration: 0
2025-09-22 12:49:45,925 : INFO : popt.loop.optimize : iteration: 1
2025-09-22 12:49:45,925 : INFO : popt.loop.optimize : Negative curvature detected, terminating subroutine
2025-09-22 12:49:45,925 : INFO : popt.loop.optimize : 
2025-09-22 12:49:45,925 : INFO : popt.loop.optimize : Performing line search.............
2025-09-22 12:49:45,925 : INFO : popt.loop.optimize : Line search iteration: 0
2025-09-22 12:49:45,925 : INFO : popt.loop.optimize :     Evaluating Armijo condition
2025-09-22 12:54:21,105 : INFO : popt.loop.optimize :     Evaluating curvature condition
2025-09-22 12:58:59,590 : INFO : popt.loop.optimize : 
2025-09-22 12:58:59,590 : INFO : popt.loop.optimize :        iter.      fun(xₖ)         ‖jac(xₖ)‖∞      step-size      
2025-09-22 12:58:59,590 : INFO : popt.loop.optimize :        14         -1.0988e+00     1.7170e-02      1.4372e-01     
2025-09-22 12:58:59,591 : INFO : popt.loop.optimize : 
2025-09-22 12:58:59,592 : INFO : popt.loop.optimize : Running Newton-CG subroutine..........
2025-09-22 12:58:59,592 : INFO : popt.loop.optimize : iteration: 0
2025-09-22 12:58:59,592 : INFO : popt.loop.optimize : Negative curvature detected, terminating subroutine
2025-09-22 12:58:59,592 : INFO : popt.loop.optimize : 
2025-09-22 12:58:59,592 : INFO : popt.loop.optimize : Performing line search.............
2025-09-22 12:58:59,592 : INFO : popt.loop.optimize : Line search iteration: 0
2025-09-22 12:58:59,592 : INFO : popt.loop.optimize :     Evaluating Armijo condition
2025-09-22 13:03:39,179 : INFO : popt.loop.optimize :     Evaluating curvature condition
2025-09-22 13:08:16,123 : INFO : popt.loop.optimize : 
2025-09-22 13:08:16,123 : INFO : popt.loop.optimize :        iter.      fun(xₖ)         ‖jac(xₖ)‖∞      step-size      
2025-09-22 13:08:16,123 : INFO : popt.loop.optimize :        15         -1.0994e+00     1.1874e-02      3.3331e+00     
2025-09-22 13:08:16,123 : INFO : popt.loop.optimize : 
2025-09-22 13:08:16,124 : INFO : popt.loop.optimize : Running Newton-CG subroutine..........
2025-09-22 13:08:16,124 : INFO : popt.loop.optimize : iteration: 0
2025-09-22 13:08:16,125 : INFO : popt.loop.optimize : Negative curvature detected, terminating subroutine
2025-09-22 13:08:16,125 : INFO : popt.loop.optimize : 
2025-09-22 13:08:16,125 : INFO : popt.loop.optimize : Performing line search.............
2025-09-22 13:08:16,125 : INFO : popt.loop.optimize : Line search iteration: 0
2025-09-22 13:08:16,125 : INFO : popt.loop.optimize :     Evaluating Armijo condition
2025-09-22 13:12:53,240 : INFO : popt.loop.optimize :     Evaluating curvature condition
2025-09-22 13:17:30,574 : INFO : popt.loop.optimize : 
2025-09-22 13:17:30,574 : INFO : popt.loop.optimize :        iter.      fun(xₖ)         ‖jac(xₖ)‖∞      step-size      
2025-09-22 13:17:30,574 : INFO : popt.loop.optimize :        16         -1.1013e+00     1.8951e-02      4.6832e+00     
2025-09-22 13:17:30,574 : INFO : popt.loop.optimize : 
2025-09-22 13:17:30,575 : INFO : popt.loop.optimize : Running Newton-CG subroutine..........
2025-09-22 13:17:30,575 : INFO : popt.loop.optimize : iteration: 0
2025-09-22 13:17:30,575 : INFO : popt.loop.optimize : Negative curvature detected, terminating subroutine
2025-09-22 13:17:30,575 : INFO : popt.loop.optimize : 
2025-09-22 13:17:30,576 : INFO : popt.loop.optimize : Performing line search.............
2025-09-22 13:17:30,576 : INFO : popt.loop.optimize : Line search iteration: 0
2025-09-22 13:17:30,576 : INFO : popt.loop.optimize :     Evaluating Armijo condition
2025-09-22 13:22:09,681 : INFO : popt.loop.optimize :     Evaluating curvature condition
2025-09-22 13:26:46,937 : INFO : popt.loop.optimize : 
2025-09-22 13:26:46,937 : INFO : popt.loop.optimize :        iter.      fun(xₖ)         ‖jac(xₖ)‖∞      step-size      
2025-09-22 13:26:46,938 : INFO : popt.loop.optimize :        17         -1.1021e+00     2.3620e-02      2.8219e+00     
2025-09-22 13:26:46,938 : INFO : popt.loop.optimize : 
2025-09-22 13:26:46,939 : INFO : popt.loop.optimize : Running Newton-CG subroutine..........
2025-09-22 13:26:46,939 : INFO : popt.loop.optimize : iteration: 0
2025-09-22 13:26:46,939 : INFO : popt.loop.optimize : Negative curvature detected, terminating subroutine
2025-09-22 13:26:46,939 : INFO : popt.loop.optimize : 
2025-09-22 13:26:46,939 : INFO : popt.loop.optimize : Performing line search.............
2025-09-22 13:26:46,939 : INFO : popt.loop.optimize : Line search iteration: 0
2025-09-22 13:26:46,939 : INFO : popt.loop.optimize :     Evaluating Armijo condition
2025-09-22 13:31:26,998 : INFO : popt.loop.optimize :     Evaluating curvature condition
2025-09-22 13:36:08,130 : INFO : popt.loop.optimize : 
2025-09-22 13:36:08,130 : INFO : popt.loop.optimize :        iter.      fun(xₖ)         ‖jac(xₖ)‖∞      step-size      
2025-09-22 13:36:08,130 : INFO : popt.loop.optimize :        18         -1.1033e+00     2.6349e-02      2.8258e+00     
2025-09-22 13:36:08,130 : INFO : popt.loop.optimize : 
2025-09-22 13:36:08,132 : INFO : popt.loop.optimize : Running Newton-CG subroutine..........
2025-09-22 13:36:08,132 : INFO : popt.loop.optimize : iteration: 0
2025-09-22 13:36:08,132 : INFO : popt.loop.optimize : iteration: 1
2025-09-22 13:36:08,132 : INFO : popt.loop.optimize : Negative curvature detected, terminating subroutine
2025-09-22 13:36:08,132 : INFO : popt.loop.optimize : 
2025-09-22 13:36:08,132 : INFO : popt.loop.optimize : Performing line search.............
2025-09-22 13:36:08,132 : INFO : popt.loop.optimize : Line search iteration: 0
2025-09-22 13:36:08,132 : INFO : popt.loop.optimize :     Evaluating Armijo condition
2025-09-22 13:40:49,075 : INFO : popt.loop.optimize : Line search iteration: 1
2025-09-22 13:40:49,075 : INFO : popt.loop.optimize :     Evaluating Armijo condition
2025-09-22 13:45:28,958 : INFO : popt.loop.optimize :     Evaluating curvature condition
2025-09-22 13:50:06,785 : INFO : popt.loop.optimize : 
2025-09-22 13:50:06,785 : INFO : popt.loop.optimize :        iter.      fun(xₖ)         ‖jac(xₖ)‖∞      step-size      
2025-09-22 13:50:06,785 : INFO : popt.loop.optimize :        19         -1.1046e+00     2.2824e-02      8.1989e-02     
2025-09-22 13:50:06,785 : INFO : popt.loop.optimize : 
2025-09-22 13:50:06,786 : INFO : popt.loop.optimize : Running Newton-CG subroutine..........
2025-09-22 13:50:06,786 : INFO : popt.loop.optimize : iteration: 0
2025-09-22 13:50:06,787 : INFO : popt.loop.optimize : Negative curvature detected, terminating subroutine
2025-09-22 13:50:06,787 : INFO : popt.loop.optimize : 
2025-09-22 13:50:06,787 : INFO : popt.loop.optimize : Performing line search.............
2025-09-22 13:50:06,787 : INFO : popt.loop.optimize : Line search iteration: 0
2025-09-22 13:50:06,787 : INFO : popt.loop.optimize :     Evaluating Armijo condition
2025-09-22 13:54:44,554 : INFO : popt.loop.optimize : Line search iteration: 1
2025-09-22 13:54:44,554 : INFO : popt.loop.optimize :     Evaluating Armijo condition
2025-09-22 13:59:22,924 : INFO : popt.loop.optimize : Line search iteration: 2
2025-09-22 13:59:22,925 : INFO : popt.loop.optimize :     Evaluating Armijo condition
2025-09-22 14:04:04,459 : INFO : popt.loop.optimize :     Evaluating curvature condition
2025-09-22 14:08:46,149 : INFO : popt.loop.optimize : 
2025-09-22 14:08:46,149 : INFO : popt.loop.optimize :        iter.      fun(xₖ)         ‖jac(xₖ)‖∞      step-size      
2025-09-22 14:08:46,149 : INFO : popt.loop.optimize :        20         -1.1046e+00     1.9145e-02      1.9166e-01     
2025-09-22 14:08:46,150 : INFO : popt.loop.optimize : 
2025-09-22 14:08:46,150 : INFO : popt.loop.optimize : Convergence criteria met: |f(x+dx) - f(x)| < ftol * |f(x)|
2025-09-22 14:08:46,150 : INFO : popt.loop.optimize :        Optimization converged in 19 iterations 
2025-09-22 14:08:46,150 : INFO : popt.loop.optimize :        Optimization converged with final obj_func = -1.1046
2025-09-22 14:08:46,151 : INFO : popt.loop.optimize :        Total number of function evaluations = 28
2025-09-22 14:08:46,151 : INFO : popt.loop.optimize :        Total number of jacobi evaluations = 21
2025-09-22 14:08:46,151 : INFO : popt.loop.optimize :        Total elapsed time = 222.99 minutes
2025-09-22 14:08:46,151 : INFO : popt.loop.optimize :        ============================================
2025-09-22 14:21:42,392 : INFO : popt.loop.optimize :        ====== Running optimization - Line search (Newton-CG) ======
2025-09-22 14:21:42,393 : INFO : popt.loop.optimize : 
SPECIFIED OPTIONS:
     save_folder: results/weight0.25
         maxiter: 20
 step_size_adapt: 2
            ftol: 1e-05
2025-09-22 14:21:42,393 : INFO : popt.loop.optimize : 
2025-09-22 14:21:42,393 : INFO : popt.loop.optimize :        iter.      fun(xₖ)         ‖jac(xₖ)‖∞      step-size      
2025-09-22 14:21:42,393 : INFO : popt.loop.optimize :        0          -5.0000e-01     7.6781e-02      0.0000e+00     
2025-09-22 14:21:42,393 : INFO : popt.loop.optimize : 
2025-09-22 14:21:42,393 : INFO : popt.loop.optimize : Running Newton-CG subroutine..........
2025-09-22 14:21:42,393 : INFO : popt.loop.optimize : iteration: 0
2025-09-22 14:21:42,393 : INFO : popt.loop.optimize : Negative curvature detected, terminating subroutine
2025-09-22 14:21:42,394 : INFO : popt.loop.optimize : 
2025-09-22 14:21:42,394 : INFO : popt.loop.optimize : Performing line search.............
2025-09-22 14:21:42,394 : INFO : popt.loop.optimize : Line search iteration: 0
2025-09-22 14:21:42,394 : INFO : popt.loop.optimize :     Evaluating Armijo condition
2025-09-22 14:26:01,975 : INFO : popt.loop.optimize :     Evaluating curvature condition
2025-09-22 14:30:23,843 : INFO : popt.loop.optimize : 
2025-09-22 14:30:23,843 : INFO : popt.loop.optimize :        iter.      fun(xₖ)         ‖jac(xₖ)‖∞      step-size      
2025-09-22 14:30:23,843 : INFO : popt.loop.optimize :        1          -5.1701e-01     5.1344e-02      3.2560e+00     
2025-09-22 14:30:23,844 : INFO : popt.loop.optimize : 
2025-09-22 14:30:23,845 : INFO : popt.loop.optimize : Running Newton-CG subroutine..........
2025-09-22 14:30:23,845 : INFO : popt.loop.optimize : iteration: 0
2025-09-22 14:30:23,845 : INFO : popt.loop.optimize : Negative curvature detected, terminating subroutine
2025-09-22 14:30:23,845 : INFO : popt.loop.optimize : 
2025-09-22 14:30:23,845 : INFO : popt.loop.optimize : Performing line search.............
2025-09-22 14:30:23,845 : INFO : popt.loop.optimize : Line search iteration: 0
2025-09-22 14:30:23,845 : INFO : popt.loop.optimize :     Evaluating Armijo condition
2025-09-22 14:34:58,098 : INFO : popt.loop.optimize :     Evaluating curvature condition
2025-09-22 14:39:23,133 : INFO : popt.loop.optimize : 
2025-09-22 14:39:23,134 : INFO : popt.loop.optimize :        iter.      fun(xₖ)         ‖jac(xₖ)‖∞      step-size      
2025-09-22 14:39:23,134 : INFO : popt.loop.optimize :        2          -5.4605e-01     3.5923e-02      6.9594e+00     
2025-09-22 14:39:23,134 : INFO : popt.loop.optimize : 
2025-09-22 14:39:23,135 : INFO : popt.loop.optimize : Running Newton-CG subroutine..........
2025-09-22 14:39:23,135 : INFO : popt.loop.optimize : iteration: 0
2025-09-22 14:39:23,135 : INFO : popt.loop.optimize : Negative curvature detected, terminating subroutine
2025-09-22 14:39:23,135 : INFO : popt.loop.optimize : 
2025-09-22 14:39:23,136 : INFO : popt.loop.optimize : Performing line search.............
2025-09-22 14:39:23,136 : INFO : popt.loop.optimize : Line search iteration: 0
2025-09-22 14:39:23,136 : INFO : popt.loop.optimize :     Evaluating Armijo condition
2025-09-22 14:43:47,733 : INFO : popt.loop.optimize : Line search iteration: 1
2025-09-22 14:43:47,734 : INFO : popt.loop.optimize :     Evaluating Armijo condition
2025-09-22 14:48:13,926 : INFO : popt.loop.optimize :     Evaluating curvature condition
2025-09-22 14:52:40,203 : INFO : popt.loop.optimize : 
2025-09-22 14:52:40,203 : INFO : popt.loop.optimize :        iter.      fun(xₖ)         ‖jac(xₖ)‖∞      step-size      
2025-09-22 14:52:40,203 : INFO : popt.loop.optimize :        3          -5.5275e-01     4.6417e-02      7.3066e+00     
2025-09-22 14:52:40,203 : INFO : popt.loop.optimize : 
2025-09-22 14:52:40,204 : INFO : popt.loop.optimize : Running Newton-CG subroutine..........
2025-09-22 14:52:40,204 : INFO : popt.loop.optimize : iteration: 0
2025-09-22 14:52:40,204 : INFO : popt.loop.optimize : Negative curvature detected, terminating subroutine
2025-09-22 14:52:40,204 : INFO : popt.loop.optimize : 
2025-09-22 14:52:40,205 : INFO : popt.loop.optimize : Performing line search.............
2025-09-22 14:52:40,205 : INFO : popt.loop.optimize : Line search iteration: 0
2025-09-22 14:52:40,205 : INFO : popt.loop.optimize :     Evaluating Armijo condition
2025-09-22 14:57:11,070 : INFO : popt.loop.optimize :     Evaluating curvature condition
2025-09-22 15:01:38,207 : INFO : popt.loop.optimize : 
2025-09-22 15:01:38,207 : INFO : popt.loop.optimize :        iter.      fun(xₖ)         ‖jac(xₖ)‖∞      step-size      
2025-09-22 15:01:38,207 : INFO : popt.loop.optimize :        4          -5.6929e-01     2.5490e-02      3.0434e+00     
2025-09-22 15:01:38,207 : INFO : popt.loop.optimize : 
2025-09-22 15:01:38,208 : INFO : popt.loop.optimize : Running Newton-CG subroutine..........
2025-09-22 15:01:38,209 : INFO : popt.loop.optimize : iteration: 0
2025-09-22 15:01:38,209 : INFO : popt.loop.optimize : Negative curvature detected, terminating subroutine
2025-09-22 15:01:38,209 : INFO : popt.loop.optimize : 
2025-09-22 15:01:38,209 : INFO : popt.loop.optimize : Performing line search.............
2025-09-22 15:01:38,209 : INFO : popt.loop.optimize : Line search iteration: 0
2025-09-22 15:01:38,209 : INFO : popt.loop.optimize :     Evaluating Armijo condition
2025-09-22 15:06:11,061 : INFO : popt.loop.optimize :     Evaluating curvature condition
2025-09-22 15:10:46,284 : INFO : popt.loop.optimize : 
2025-09-22 15:10:46,285 : INFO : popt.loop.optimize :        iter.      fun(xₖ)         ‖jac(xₖ)‖∞      step-size      
2025-09-22 15:10:46,285 : INFO : popt.loop.optimize :        5          -5.7109e-01     3.5084e-02      9.4899e+00     
2025-09-22 15:10:46,285 : INFO : popt.loop.optimize : 
2025-09-22 15:10:46,286 : INFO : popt.loop.optimize : Running Newton-CG subroutine..........
2025-09-22 15:10:46,286 : INFO : popt.loop.optimize : iteration: 0
2025-09-22 15:10:46,286 : INFO : popt.loop.optimize : iteration: 1
2025-09-22 15:10:46,286 : INFO : popt.loop.optimize : Negative curvature detected, terminating subroutine
2025-09-22 15:10:46,286 : INFO : popt.loop.optimize : 
2025-09-22 15:10:46,287 : INFO : popt.loop.optimize : Performing line search.............
2025-09-22 15:10:46,287 : INFO : popt.loop.optimize : Line search iteration: 0
2025-09-22 15:10:46,287 : INFO : popt.loop.optimize :     Evaluating Armijo condition
2025-09-22 15:15:16,652 : INFO : popt.loop.optimize :     Evaluating curvature condition
2025-09-22 15:19:54,606 : INFO : popt.loop.optimize : 
2025-09-22 15:19:54,606 : INFO : popt.loop.optimize :        iter.      fun(xₖ)         ‖jac(xₖ)‖∞      step-size      
2025-09-22 15:19:54,606 : INFO : popt.loop.optimize :        6          -5.7792e-01     2.6175e-02      2.1017e+00     
2025-09-22 15:19:54,606 : INFO : popt.loop.optimize : 
2025-09-22 15:19:54,608 : INFO : popt.loop.optimize : Running Newton-CG subroutine..........
2025-09-22 15:19:54,608 : INFO : popt.loop.optimize : iteration: 0
2025-09-22 15:19:54,608 : INFO : popt.loop.optimize : Negative curvature detected, terminating subroutine
2025-09-22 15:19:54,608 : INFO : popt.loop.optimize : 
2025-09-22 15:19:54,608 : INFO : popt.loop.optimize : Performing line search.............
2025-09-22 15:19:54,608 : INFO : popt.loop.optimize : Line search iteration: 0
2025-09-22 15:19:54,608 : INFO : popt.loop.optimize :     Evaluating Armijo condition
2025-09-22 15:24:42,164 : INFO : popt.loop.optimize :     Evaluating curvature condition
2025-09-22 15:29:29,101 : INFO : popt.loop.optimize : 
2025-09-22 15:29:29,101 : INFO : popt.loop.optimize :        iter.      fun(xₖ)         ‖jac(xₖ)‖∞      step-size      
2025-09-22 15:29:29,101 : INFO : popt.loop.optimize :        7          -5.8192e-01     2.4330e-02      1.2567e+01     
2025-09-22 15:29:29,101 : INFO : popt.loop.optimize : 
2025-09-22 15:29:29,102 : INFO : popt.loop.optimize : Running Newton-CG subroutine..........
2025-09-22 15:29:29,103 : INFO : popt.loop.optimize : iteration: 0
2025-09-22 15:29:29,103 : INFO : popt.loop.optimize : Negative curvature detected, terminating subroutine
2025-09-22 15:29:29,103 : INFO : popt.loop.optimize : 
2025-09-22 15:29:29,103 : INFO : popt.loop.optimize : Performing line search.............
2025-09-22 15:29:29,103 : INFO : popt.loop.optimize : Line search iteration: 0
2025-09-22 15:29:29,103 : INFO : popt.loop.optimize :     Evaluating Armijo condition
2025-09-22 15:34:19,929 : INFO : popt.loop.optimize : Line search iteration: 1
2025-09-22 15:34:19,929 : INFO : popt.loop.optimize :     Evaluating Armijo condition
2025-09-22 15:39:08,853 : INFO : popt.loop.optimize :     Evaluating curvature condition
2025-09-22 15:43:58,557 : INFO : popt.loop.optimize : 
2025-09-22 15:43:58,558 : INFO : popt.loop.optimize :        iter.      fun(xₖ)         ‖jac(xₖ)‖∞      step-size      
2025-09-22 15:43:58,558 : INFO : popt.loop.optimize :        8          -5.9046e-01     4.1278e-02      5.6989e+00     
2025-09-22 15:43:58,558 : INFO : popt.loop.optimize : 
2025-09-22 15:43:58,559 : INFO : popt.loop.optimize : Running Newton-CG subroutine..........
2025-09-22 15:43:58,559 : INFO : popt.loop.optimize : iteration: 0
2025-09-22 15:43:58,559 : INFO : popt.loop.optimize : iteration: 1
2025-09-22 15:43:58,559 : INFO : popt.loop.optimize : Negative curvature detected, terminating subroutine
2025-09-22 15:43:58,559 : INFO : popt.loop.optimize : 
2025-09-22 15:43:58,560 : INFO : popt.loop.optimize : Performing line search.............
2025-09-22 15:43:58,560 : INFO : popt.loop.optimize : Line search iteration: 0
2025-09-22 15:43:58,560 : INFO : popt.loop.optimize :     Evaluating Armijo condition
2025-09-22 15:48:45,595 : INFO : popt.loop.optimize :     Evaluating curvature condition
2025-09-22 15:53:40,730 : INFO : popt.loop.optimize : 
2025-09-22 15:53:40,730 : INFO : popt.loop.optimize :        iter.      fun(xₖ)         ‖jac(xₖ)‖∞      step-size      
2025-09-22 15:53:40,730 : INFO : popt.loop.optimize :        9          -5.9217e-01     3.2385e-02      3.0136e-01     
2025-09-22 15:53:40,730 : INFO : popt.loop.optimize : 
2025-09-22 15:53:40,731 : INFO : popt.loop.optimize : Running Newton-CG subroutine..........
2025-09-22 15:53:40,731 : INFO : popt.loop.optimize : iteration: 0
2025-09-22 15:53:40,731 : INFO : popt.loop.optimize : Negative curvature detected, terminating subroutine
2025-09-22 15:53:40,731 : INFO : popt.loop.optimize : 
2025-09-22 15:53:40,732 : INFO : popt.loop.optimize : Performing line search.............
2025-09-22 15:53:40,732 : INFO : popt.loop.optimize : Line search iteration: 0
2025-09-22 15:53:40,732 : INFO : popt.loop.optimize :     Evaluating Armijo condition
2025-09-22 15:58:29,012 : INFO : popt.loop.optimize :     Evaluating curvature condition
2025-09-22 16:03:14,438 : INFO : popt.loop.optimize : 
2025-09-22 16:03:14,438 : INFO : popt.loop.optimize :        iter.      fun(xₖ)         ‖jac(xₖ)‖∞      step-size      
2025-09-22 16:03:14,439 : INFO : popt.loop.optimize :        10         -5.9349e-01     2.6529e-02      4.6447e+00     
2025-09-22 16:03:14,439 : INFO : popt.loop.optimize : 
2025-09-22 16:03:14,440 : INFO : popt.loop.optimize : Running Newton-CG subroutine..........
2025-09-22 16:03:14,440 : INFO : popt.loop.optimize : iteration: 0
2025-09-22 16:03:14,440 : INFO : popt.loop.optimize : iteration: 1
2025-09-22 16:03:14,440 : INFO : popt.loop.optimize : Negative curvature detected, terminating subroutine
2025-09-22 16:03:14,440 : INFO : popt.loop.optimize : 
2025-09-22 16:03:14,440 : INFO : popt.loop.optimize : Performing line search.............
2025-09-22 16:03:14,440 : INFO : popt.loop.optimize : Line search iteration: 0
2025-09-22 16:03:14,441 : INFO : popt.loop.optimize :     Evaluating Armijo condition
2025-09-22 16:08:09,944 : INFO : popt.loop.optimize :     Evaluating curvature condition
2025-09-22 16:13:01,517 : INFO : popt.loop.optimize : 
2025-09-22 16:13:01,517 : INFO : popt.loop.optimize :        iter.      fun(xₖ)         ‖jac(xₖ)‖∞      step-size      
2025-09-22 16:13:01,518 : INFO : popt.loop.optimize :        11         -5.9563e-01     2.0749e-02      7.4040e-01     
2025-09-22 16:13:01,518 : INFO : popt.loop.optimize : 
2025-09-22 16:13:01,519 : INFO : popt.loop.optimize : Running Newton-CG subroutine..........
2025-09-22 16:13:01,519 : INFO : popt.loop.optimize : iteration: 0
2025-09-22 16:13:01,519 : INFO : popt.loop.optimize : Negative curvature detected, terminating subroutine
2025-09-22 16:13:01,519 : INFO : popt.loop.optimize : 
2025-09-22 16:13:01,519 : INFO : popt.loop.optimize : Performing line search.............
2025-09-22 16:13:01,519 : INFO : popt.loop.optimize : Line search iteration: 0
2025-09-22 16:13:01,519 : INFO : popt.loop.optimize :     Evaluating Armijo condition
2025-09-22 16:17:55,319 : INFO : popt.loop.optimize :     Evaluating curvature condition
2025-09-22 16:22:43,593 : INFO : popt.loop.optimize : 
2025-09-22 16:22:43,593 : INFO : popt.loop.optimize :        iter.      fun(xₖ)         ‖jac(xₖ)‖∞      step-size      
2025-09-22 16:22:43,593 : INFO : popt.loop.optimize :        12         -5.9681e-01     1.9812e-02      9.7970e+00     
2025-09-22 16:22:43,593 : INFO : popt.loop.optimize : 
2025-09-22 16:22:43,595 : INFO : popt.loop.optimize : Running Newton-CG subroutine..........
2025-09-22 16:22:43,595 : INFO : popt.loop.optimize : iteration: 0
2025-09-22 16:22:43,595 : INFO : popt.loop.optimize : Negative curvature detected, terminating subroutine
2025-09-22 16:22:43,595 : INFO : popt.loop.optimize : 
2025-09-22 16:22:43,595 : INFO : popt.loop.optimize : Performing line search.............
2025-09-22 16:22:43,595 : INFO : popt.loop.optimize : Line search iteration: 0
2025-09-22 16:22:43,595 : INFO : popt.loop.optimize :     Evaluating Armijo condition
2025-09-22 16:27:41,710 : INFO : popt.loop.optimize :     Evaluating curvature condition
2025-09-22 16:32:34,528 : INFO : popt.loop.optimize : 
2025-09-22 16:32:34,529 : INFO : popt.loop.optimize :        iter.      fun(xₖ)         ‖jac(xₖ)‖∞      step-size      
2025-09-22 16:32:34,529 : INFO : popt.loop.optimize :        13         -5.9736e-01     2.0651e-02      1.0393e+01     
2025-09-22 16:32:34,529 : INFO : popt.loop.optimize : 
2025-09-22 16:32:34,530 : INFO : popt.loop.optimize : Running Newton-CG subroutine..........
2025-09-22 16:32:34,530 : INFO : popt.loop.optimize : iteration: 0
2025-09-22 16:32:34,530 : INFO : popt.loop.optimize : Negative curvature detected, terminating subroutine
2025-09-22 16:32:34,530 : INFO : popt.loop.optimize : 
2025-09-22 16:32:34,531 : INFO : popt.loop.optimize : Performing line search.............
2025-09-22 16:32:34,531 : INFO : popt.loop.optimize : Line search iteration: 0
2025-09-22 16:32:34,531 : INFO : popt.loop.optimize :     Evaluating Armijo condition
2025-09-22 16:37:30,967 : INFO : popt.loop.optimize :     Evaluating curvature condition
2025-09-22 16:42:26,870 : INFO : popt.loop.optimize : 
2025-09-22 16:42:26,870 : INFO : popt.loop.optimize :        iter.      fun(xₖ)         ‖jac(xₖ)‖∞      step-size      
2025-09-22 16:42:26,870 : INFO : popt.loop.optimize :        14         -6.0131e-01     3.2060e-02      7.6020e+00     
2025-09-22 16:42:26,870 : INFO : popt.loop.optimize : 
2025-09-22 16:42:26,871 : INFO : popt.loop.optimize : Running Newton-CG subroutine..........
2025-09-22 16:42:26,871 : INFO : popt.loop.optimize : iteration: 0
2025-09-22 16:42:26,872 : INFO : popt.loop.optimize : Negative curvature detected, terminating subroutine
2025-09-22 16:42:26,872 : INFO : popt.loop.optimize : 
2025-09-22 16:42:26,872 : INFO : popt.loop.optimize : Performing line search.............
2025-09-22 16:42:26,872 : INFO : popt.loop.optimize : Line search iteration: 0
2025-09-22 16:42:26,872 : INFO : popt.loop.optimize :     Evaluating Armijo condition
2025-09-22 16:47:20,142 : INFO : popt.loop.optimize :     Evaluating curvature condition
2025-09-22 16:52:12,966 : INFO : popt.loop.optimize : 
2025-09-22 16:52:12,966 : INFO : popt.loop.optimize :        iter.      fun(xₖ)         ‖jac(xₖ)‖∞      step-size      
2025-09-22 16:52:12,966 : INFO : popt.loop.optimize :        15         -6.0141e-01     2.7296e-02      4.1882e+00     
2025-09-22 16:52:12,966 : INFO : popt.loop.optimize : 
2025-09-22 16:52:12,967 : INFO : popt.loop.optimize : Running Newton-CG subroutine..........
2025-09-22 16:52:12,968 : INFO : popt.loop.optimize : iteration: 0
2025-09-22 16:52:12,968 : INFO : popt.loop.optimize : Negative curvature detected, terminating subroutine
2025-09-22 16:52:12,968 : INFO : popt.loop.optimize : 
2025-09-22 16:52:12,968 : INFO : popt.loop.optimize : Performing line search.............
2025-09-22 16:52:12,968 : INFO : popt.loop.optimize : Line search iteration: 0
2025-09-22 16:52:12,968 : INFO : popt.loop.optimize :     Evaluating Armijo condition
2025-09-22 16:57:09,852 : INFO : popt.loop.optimize :     Evaluating curvature condition
2025-09-22 17:02:05,244 : INFO : popt.loop.optimize : 
2025-09-22 17:02:05,245 : INFO : popt.loop.optimize :        iter.      fun(xₖ)         ‖jac(xₖ)‖∞      step-size      
2025-09-22 17:02:05,245 : INFO : popt.loop.optimize :        16         -6.0724e-01     2.2997e-02      5.1726e+00     
2025-09-22 17:02:05,245 : INFO : popt.loop.optimize : 
2025-09-22 17:02:05,246 : INFO : popt.loop.optimize : Running Newton-CG subroutine..........
2025-09-22 17:02:05,246 : INFO : popt.loop.optimize : iteration: 0
2025-09-22 17:02:05,246 : INFO : popt.loop.optimize : Negative curvature detected, terminating subroutine
2025-09-22 17:02:05,246 : INFO : popt.loop.optimize : 
2025-09-22 17:02:05,246 : INFO : popt.loop.optimize : Performing line search.............
2025-09-22 17:02:05,247 : INFO : popt.loop.optimize : Line search iteration: 0
2025-09-22 17:02:05,247 : INFO : popt.loop.optimize :     Evaluating Armijo condition
2025-09-22 17:07:01,159 : INFO : popt.loop.optimize :     Evaluating curvature condition
2025-09-22 17:11:55,691 : INFO : popt.loop.optimize : 
2025-09-22 17:11:55,691 : INFO : popt.loop.optimize :        iter.      fun(xₖ)         ‖jac(xₖ)‖∞      step-size      
2025-09-22 17:11:55,691 : INFO : popt.loop.optimize :        17         -6.0905e-01     3.9136e-02      1.1305e+01     
2025-09-22 17:11:55,691 : INFO : popt.loop.optimize : 
2025-09-22 17:11:55,693 : INFO : popt.loop.optimize : Running Newton-CG subroutine..........
2025-09-22 17:11:55,693 : INFO : popt.loop.optimize : iteration: 0
2025-09-22 17:11:55,693 : INFO : popt.loop.optimize : Negative curvature detected, terminating subroutine
2025-09-22 17:11:55,693 : INFO : popt.loop.optimize : 
2025-09-22 17:11:55,693 : INFO : popt.loop.optimize : Performing line search.............
2025-09-22 17:11:55,693 : INFO : popt.loop.optimize : Line search iteration: 0
2025-09-22 17:11:55,693 : INFO : popt.loop.optimize :     Evaluating Armijo condition
2025-09-22 17:16:51,357 : INFO : popt.loop.optimize : Line search iteration: 1
2025-09-22 17:16:51,357 : INFO : popt.loop.optimize :     Evaluating Armijo condition
2025-09-22 17:21:43,543 : INFO : popt.loop.optimize :     Evaluating curvature condition
2025-09-22 17:26:35,805 : INFO : popt.loop.optimize : 
2025-09-22 17:26:35,805 : INFO : popt.loop.optimize :        iter.      fun(xₖ)         ‖jac(xₖ)‖∞      step-size      
2025-09-22 17:26:35,805 : INFO : popt.loop.optimize :        18         -6.0975e-01     2.7437e-02      2.3173e+00     
2025-09-22 17:26:35,805 : INFO : popt.loop.optimize : 
2025-09-22 17:26:35,807 : INFO : popt.loop.optimize : Running Newton-CG subroutine..........
2025-09-22 17:26:35,807 : INFO : popt.loop.optimize : iteration: 0
2025-09-22 17:26:35,807 : INFO : popt.loop.optimize : Negative curvature detected, terminating subroutine
2025-09-22 17:26:35,807 : INFO : popt.loop.optimize : 
2025-09-22 17:26:35,807 : INFO : popt.loop.optimize : Performing line search.............
2025-09-22 17:26:35,807 : INFO : popt.loop.optimize : Line search iteration: 0
2025-09-22 17:26:35,807 : INFO : popt.loop.optimize :     Evaluating Armijo condition
2025-09-22 17:31:27,467 : INFO : popt.loop.optimize :     Evaluating curvature condition
2025-09-22 17:36:18,226 : INFO : popt.loop.optimize : 
2025-09-22 17:36:18,226 : INFO : popt.loop.optimize :        iter.      fun(xₖ)         ‖jac(xₖ)‖∞      step-size      
2025-09-22 17:36:18,227 : INFO : popt.loop.optimize :        19         -6.1219e-01     2.4301e-02      2.5458e+00     
2025-09-22 17:36:18,227 : INFO : popt.loop.optimize : 
2025-09-22 17:36:18,228 : INFO : popt.loop.optimize : Running Newton-CG subroutine..........
2025-09-22 17:36:18,228 : INFO : popt.loop.optimize : iteration: 0
2025-09-22 17:36:18,228 : INFO : popt.loop.optimize : Negative curvature detected, terminating subroutine
2025-09-22 17:36:18,228 : INFO : popt.loop.optimize : 
2025-09-22 17:36:18,228 : INFO : popt.loop.optimize : Performing line search.............
2025-09-22 17:36:18,228 : INFO : popt.loop.optimize : Line search iteration: 0
2025-09-22 17:36:18,229 : INFO : popt.loop.optimize :     Evaluating Armijo condition
2025-09-22 17:41:12,327 : INFO : popt.loop.optimize : Line search iteration: 1
2025-09-22 17:41:12,327 : INFO : popt.loop.optimize :     Evaluating Armijo condition
2025-09-22 17:46:03,698 : INFO : popt.loop.optimize :     Evaluating curvature condition
2025-09-22 17:50:56,642 : INFO : popt.loop.optimize : 
2025-09-22 17:50:56,643 : INFO : popt.loop.optimize :        iter.      fun(xₖ)         ‖jac(xₖ)‖∞      step-size      
2025-09-22 17:50:56,643 : INFO : popt.loop.optimize :        20         -6.1251e-01     2.6318e-02      1.6812e+00     
2025-09-22 17:50:56,643 : INFO : popt.loop.optimize : 
2025-09-22 17:50:56,643 : INFO : popt.loop.optimize :        Optimization converged in 20 iterations 
2025-09-22 17:50:56,643 : INFO : popt.loop.optimize :        Optimization converged with final obj_func = -0.6125
2025-09-22 17:50:56,643 : INFO : popt.loop.optimize :        Total number of function evaluations = 25
2025-09-22 17:50:56,643 : INFO : popt.loop.optimize :        Total number of jacobi evaluations = 21
2025-09-22 17:50:56,643 : INFO : popt.loop.optimize :        Total elapsed time = 217.55 minutes
2025-09-22 17:50:56,643 : INFO : popt.loop.optimize :        ============================================
2025-09-22 18:04:08,187 : INFO : popt.loop.optimize :        ====== Running optimization - Line search (Newton-CG) ======
2025-09-22 18:04:08,187 : INFO : popt.loop.optimize : 
SPECIFIED OPTIONS:
     save_folder: results/weight0.5
         maxiter: 20
 step_size_adapt: 2
            ftol: 1e-05
2025-09-22 18:04:08,187 : INFO : popt.loop.optimize : 
2025-09-22 18:04:08,187 : INFO : popt.loop.optimize :        iter.      fun(xₖ)         ‖jac(xₖ)‖∞      step-size      
2025-09-22 18:04:08,187 : INFO : popt.loop.optimize :        0          -7.3275e-17     2.8255e-02      0.0000e+00     
2025-09-22 18:04:08,187 : INFO : popt.loop.optimize : 
2025-09-22 18:04:08,187 : INFO : popt.loop.optimize : Running Newton-CG subroutine..........
2025-09-22 18:04:08,187 : INFO : popt.loop.optimize : iteration: 0
2025-09-22 18:04:08,188 : INFO : popt.loop.optimize : iteration: 1
2025-09-22 18:04:08,188 : INFO : popt.loop.optimize : Negative curvature detected, terminating subroutine
2025-09-22 18:04:08,188 : INFO : popt.loop.optimize : 
2025-09-22 18:04:08,188 : INFO : popt.loop.optimize : Performing line search.............
2025-09-22 18:04:08,188 : INFO : popt.loop.optimize : Line search iteration: 0
2025-09-22 18:04:08,188 : INFO : popt.loop.optimize :     Evaluating Armijo condition
2025-09-22 18:08:29,850 : INFO : popt.loop.optimize :     Evaluating curvature condition
2025-09-22 18:12:51,498 : INFO : popt.loop.optimize : 
2025-09-22 18:12:51,498 : INFO : popt.loop.optimize :        iter.      fun(xₖ)         ‖jac(xₖ)‖∞      step-size      
2025-09-22 18:12:51,498 : INFO : popt.loop.optimize :        1          -9.5680e-03     8.4425e-02      1.0442e+00     
2025-09-22 18:12:51,498 : INFO : popt.loop.optimize : 
2025-09-22 18:12:51,499 : INFO : popt.loop.optimize : Running Newton-CG subroutine..........
2025-09-22 18:12:51,500 : INFO : popt.loop.optimize : iteration: 0
2025-09-22 18:12:51,500 : INFO : popt.loop.optimize : Negative curvature detected, terminating subroutine
2025-09-22 18:12:51,500 : INFO : popt.loop.optimize : 
2025-09-22 18:12:51,500 : INFO : popt.loop.optimize : Performing line search.............
2025-09-22 18:12:51,500 : INFO : popt.loop.optimize : Line search iteration: 0
2025-09-22 18:12:51,500 : INFO : popt.loop.optimize :     Evaluating Armijo condition
2025-09-22 18:17:02,110 : INFO : popt.loop.optimize :     Evaluating curvature condition
2025-09-22 18:21:18,720 : INFO : popt.loop.optimize : 
2025-09-22 18:21:18,720 : INFO : popt.loop.optimize :        iter.      fun(xₖ)         ‖jac(xₖ)‖∞      step-size      
2025-09-22 18:21:18,720 : INFO : popt.loop.optimize :        2          -3.3997e-02     2.3656e-02      1.4309e+00     
2025-09-22 18:21:18,720 : INFO : popt.loop.optimize : 
2025-09-22 18:21:18,721 : INFO : popt.loop.optimize : Running Newton-CG subroutine..........
2025-09-22 18:21:18,721 : INFO : popt.loop.optimize : iteration: 0
2025-09-22 18:21:18,722 : INFO : popt.loop.optimize : Negative curvature detected, terminating subroutine
2025-09-22 18:21:18,722 : INFO : popt.loop.optimize : 
2025-09-22 18:21:18,722 : INFO : popt.loop.optimize : Performing line search.............
2025-09-22 18:21:18,722 : INFO : popt.loop.optimize : Line search iteration: 0
2025-09-22 18:21:18,722 : INFO : popt.loop.optimize :     Evaluating Armijo condition
2025-09-22 18:25:59,449 : INFO : popt.loop.optimize :     Evaluating curvature condition
2025-09-22 18:30:42,885 : INFO : popt.loop.optimize : 
2025-09-22 18:30:42,885 : INFO : popt.loop.optimize :        iter.      fun(xₖ)         ‖jac(xₖ)‖∞      step-size      
2025-09-22 18:30:42,885 : INFO : popt.loop.optimize :        3          -5.2408e-02     3.6952e-02      1.2831e+01     
2025-09-22 18:30:42,886 : INFO : popt.loop.optimize : 
2025-09-22 18:30:42,887 : INFO : popt.loop.optimize : Running Newton-CG subroutine..........
2025-09-22 18:30:42,887 : INFO : popt.loop.optimize : iteration: 0
2025-09-22 18:30:42,887 : INFO : popt.loop.optimize : iteration: 1
2025-09-22 18:30:42,887 : INFO : popt.loop.optimize : Negative curvature detected, terminating subroutine
2025-09-22 18:30:42,887 : INFO : popt.loop.optimize : 
2025-09-22 18:30:42,887 : INFO : popt.loop.optimize : Performing line search.............
2025-09-22 18:30:42,887 : INFO : popt.loop.optimize : Line search iteration: 0
2025-09-22 18:30:42,887 : INFO : popt.loop.optimize :     Evaluating Armijo condition
2025-09-22 18:35:33,729 : INFO : popt.loop.optimize :     Evaluating curvature condition
2025-09-22 18:40:29,619 : INFO : popt.loop.optimize : 
2025-09-22 18:40:29,619 : INFO : popt.loop.optimize :        iter.      fun(xₖ)         ‖jac(xₖ)‖∞      step-size      
2025-09-22 18:40:29,619 : INFO : popt.loop.optimize :        4          -8.2995e-02     3.3714e-02      4.2372e-01     
2025-09-22 18:40:29,619 : INFO : popt.loop.optimize : 
2025-09-22 18:40:29,621 : INFO : popt.loop.optimize : Running Newton-CG subroutine..........
2025-09-22 18:40:29,621 : INFO : popt.loop.optimize : iteration: 0
2025-09-22 18:40:29,621 : INFO : popt.loop.optimize : iteration: 1
2025-09-22 18:40:29,621 : INFO : popt.loop.optimize : Negative curvature detected, terminating subroutine
2025-09-22 18:40:29,621 : INFO : popt.loop.optimize : 
2025-09-22 18:40:29,621 : INFO : popt.loop.optimize : Performing line search.............
2025-09-22 18:40:29,621 : INFO : popt.loop.optimize : Line search iteration: 0
2025-09-22 18:40:29,622 : INFO : popt.loop.optimize :     Evaluating Armijo condition
2025-09-22 18:45:24,129 : INFO : popt.loop.optimize :     Evaluating curvature condition
2025-09-22 18:50:15,866 : INFO : popt.loop.optimize : 
2025-09-22 18:50:15,866 : INFO : popt.loop.optimize :        iter.      fun(xₖ)         ‖jac(xₖ)‖∞      step-size      
2025-09-22 18:50:15,866 : INFO : popt.loop.optimize :        5          -9.3838e-02     3.3417e-02      4.7700e-02     
2025-09-22 18:50:15,866 : INFO : popt.loop.optimize : 
2025-09-22 18:50:15,867 : INFO : popt.loop.optimize : Running Newton-CG subroutine..........
2025-09-22 18:50:15,867 : INFO : popt.loop.optimize : iteration: 0
2025-09-22 18:50:15,867 : INFO : popt.loop.optimize : iteration: 1
2025-09-22 18:50:15,867 : INFO : popt.loop.optimize : Negative curvature detected, terminating subroutine
2025-09-22 18:50:15,867 : INFO : popt.loop.optimize : 
2025-09-22 18:50:15,868 : INFO : popt.loop.optimize : Performing line search.............
2025-09-22 18:50:15,868 : INFO : popt.loop.optimize : Line search iteration: 0
2025-09-22 18:50:15,868 : INFO : popt.loop.optimize :     Evaluating Armijo condition
2025-09-22 18:55:15,911 : INFO : popt.loop.optimize :     Evaluating curvature condition
2025-09-22 19:00:15,225 : INFO : popt.loop.optimize : 
2025-09-22 19:00:15,226 : INFO : popt.loop.optimize :        iter.      fun(xₖ)         ‖jac(xₖ)‖∞      step-size      
2025-09-22 19:00:15,226 : INFO : popt.loop.optimize :        6          -1.1081e-01     4.9574e-02      7.9374e-02     
2025-09-22 19:00:15,226 : INFO : popt.loop.optimize : 
2025-09-22 19:00:15,227 : INFO : popt.loop.optimize : Running Newton-CG subroutine..........
2025-09-22 19:00:15,227 : INFO : popt.loop.optimize : iteration: 0
2025-09-22 19:00:15,227 : INFO : popt.loop.optimize : iteration: 1
2025-09-22 19:00:15,227 : INFO : popt.loop.optimize : Negative curvature detected, terminating subroutine
2025-09-22 19:00:15,227 : INFO : popt.loop.optimize : 
2025-09-22 19:00:15,228 : INFO : popt.loop.optimize : Performing line search.............
2025-09-22 19:00:15,228 : INFO : popt.loop.optimize : Line search iteration: 0
2025-09-22 19:00:15,228 : INFO : popt.loop.optimize :     Evaluating Armijo condition
2025-09-22 19:05:30,176 : INFO : popt.loop.optimize :     Evaluating curvature condition
2025-09-22 19:10:40,092 : INFO : popt.loop.optimize : 
2025-09-22 19:10:40,092 : INFO : popt.loop.optimize :        iter.      fun(xₖ)         ‖jac(xₖ)‖∞      step-size      
2025-09-22 19:10:40,092 : INFO : popt.loop.optimize :        7          -1.1131e-01     2.6829e-02      3.9298e-01     
2025-09-22 19:10:40,092 : INFO : popt.loop.optimize : 
2025-09-22 19:10:40,094 : INFO : popt.loop.optimize : Running Newton-CG subroutine..........
2025-09-22 19:10:40,094 : INFO : popt.loop.optimize : iteration: 0
2025-09-22 19:10:40,094 : INFO : popt.loop.optimize : Negative curvature detected, terminating subroutine
2025-09-22 19:10:40,094 : INFO : popt.loop.optimize : 
2025-09-22 19:10:40,094 : INFO : popt.loop.optimize : Performing line search.............
2025-09-22 19:10:40,094 : INFO : popt.loop.optimize : Line search iteration: 0
2025-09-22 19:10:40,094 : INFO : popt.loop.optimize :     Evaluating Armijo condition
2025-09-22 19:15:54,861 : INFO : popt.loop.optimize :     Evaluating curvature condition
2025-09-22 19:21:06,842 : INFO : popt.loop.optimize : 
2025-09-22 19:21:06,843 : INFO : popt.loop.optimize :        iter.      fun(xₖ)         ‖jac(xₖ)‖∞      step-size      
2025-09-22 19:21:06,843 : INFO : popt.loop.optimize :        8          -1.1643e-01     2.9182e-02      1.2917e+01     
2025-09-22 19:21:06,843 : INFO : popt.loop.optimize : 
2025-09-22 19:21:06,844 : INFO : popt.loop.optimize : Running Newton-CG subroutine..........
2025-09-22 19:21:06,844 : INFO : popt.loop.optimize : iteration: 0
2025-09-22 19:21:06,844 : INFO : popt.loop.optimize : iteration: 1
2025-09-22 19:21:06,844 : INFO : popt.loop.optimize : Negative curvature detected, terminating subroutine
2025-09-22 19:21:06,844 : INFO : popt.loop.optimize : 
2025-09-22 19:21:06,844 : INFO : popt.loop.optimize : Performing line search.............
2025-09-22 19:21:06,845 : INFO : popt.loop.optimize : Line search iteration: 0
2025-09-22 19:21:06,845 : INFO : popt.loop.optimize :     Evaluating Armijo condition
2025-09-22 19:26:12,884 : INFO : popt.loop.optimize :     Evaluating curvature condition
2025-09-22 19:31:22,253 : INFO : popt.loop.optimize : 
2025-09-22 19:31:22,253 : INFO : popt.loop.optimize :        iter.      fun(xₖ)         ‖jac(xₖ)‖∞      step-size      
2025-09-22 19:31:22,253 : INFO : popt.loop.optimize :        9          -1.2219e-01     3.4449e-02      5.6046e-01     
2025-09-22 19:31:22,253 : INFO : popt.loop.optimize : 
2025-09-22 19:31:22,255 : INFO : popt.loop.optimize : Running Newton-CG subroutine..........
2025-09-22 19:31:22,255 : INFO : popt.loop.optimize : iteration: 0
2025-09-22 19:31:22,255 : INFO : popt.loop.optimize : Negative curvature detected, terminating subroutine
2025-09-22 19:31:22,255 : INFO : popt.loop.optimize : 
2025-09-22 19:31:22,255 : INFO : popt.loop.optimize : Performing line search.............
2025-09-22 19:31:22,255 : INFO : popt.loop.optimize : Line search iteration: 0
2025-09-22 19:31:22,255 : INFO : popt.loop.optimize :     Evaluating Armijo condition
2025-09-22 19:36:34,469 : INFO : popt.loop.optimize : Line search iteration: 1
2025-09-22 19:36:34,469 : INFO : popt.loop.optimize :     Evaluating Armijo condition
2025-09-22 19:41:40,132 : INFO : popt.loop.optimize : Line search iteration: 2
2025-09-22 19:41:40,133 : INFO : popt.loop.optimize :     Evaluating Armijo condition
2025-09-22 19:46:43,386 : INFO : popt.loop.optimize :     Evaluating curvature condition
2025-09-22 19:51:46,458 : INFO : popt.loop.optimize : 
2025-09-22 19:51:46,458 : INFO : popt.loop.optimize :        iter.      fun(xₖ)         ‖jac(xₖ)‖∞      step-size      
2025-09-22 19:51:46,458 : INFO : popt.loop.optimize :        10         -1.2276e-01     2.9929e-02      1.9316e+00     
2025-09-22 19:51:46,458 : INFO : popt.loop.optimize : 
2025-09-22 19:51:46,460 : INFO : popt.loop.optimize : Running Newton-CG subroutine..........
2025-09-22 19:51:46,460 : INFO : popt.loop.optimize : iteration: 0
2025-09-22 19:51:46,460 : INFO : popt.loop.optimize : Negative curvature detected, terminating subroutine
2025-09-22 19:51:46,460 : INFO : popt.loop.optimize : 
2025-09-22 19:51:46,460 : INFO : popt.loop.optimize : Performing line search.............
2025-09-22 19:51:46,460 : INFO : popt.loop.optimize : Line search iteration: 0
2025-09-22 19:51:46,460 : INFO : popt.loop.optimize :     Evaluating Armijo condition
2025-09-22 19:56:52,958 : INFO : popt.loop.optimize : Line search iteration: 1
2025-09-22 19:56:52,958 : INFO : popt.loop.optimize :     Evaluating Armijo condition
2025-09-22 20:01:55,929 : INFO : popt.loop.optimize : Line search iteration: 2
2025-09-22 20:01:55,930 : INFO : popt.loop.optimize :     Evaluating Armijo condition
2025-09-22 20:07:00,096 : INFO : popt.loop.optimize : Line search iteration: 3
2025-09-22 20:07:00,096 : INFO : popt.loop.optimize :     Evaluating Armijo condition
2025-09-22 20:12:00,995 : INFO : popt.loop.optimize : Line search iteration: 4
2025-09-22 20:12:00,995 : INFO : popt.loop.optimize :     Evaluating Armijo condition
2025-09-22 20:17:05,068 : INFO : popt.loop.optimize : Line search iteration: 5
2025-09-22 20:17:05,069 : INFO : popt.loop.optimize :     Evaluating Armijo condition
2025-09-22 20:22:11,889 : INFO : popt.loop.optimize : Line search iteration: 6
2025-09-22 20:22:11,890 : INFO : popt.loop.optimize :     Evaluating Armijo condition
2025-09-22 20:27:11,994 : INFO : popt.loop.optimize : Line search iteration: 7
2025-09-22 20:27:11,994 : INFO : popt.loop.optimize :     Evaluating Armijo condition
2025-09-22 20:32:13,854 : INFO : popt.loop.optimize : Line search iteration: 8
2025-09-22 20:32:13,855 : INFO : popt.loop.optimize :     Evaluating Armijo condition
2025-09-22 20:37:16,282 : INFO : popt.loop.optimize : Line search iteration: 9
2025-09-22 20:37:16,283 : INFO : popt.loop.optimize :     Evaluating Armijo condition
2025-09-22 20:42:16,881 : INFO : popt.loop.optimize : Line search iteration: 10
2025-09-22 20:42:16,881 : INFO : popt.loop.optimize :     Evaluating Armijo condition
2025-09-22 20:47:19,261 : INFO : popt.loop.optimize :        Optimization converged in 10 iterations 
2025-09-22 20:47:19,261 : INFO : popt.loop.optimize :        Optimization converged with final obj_func = -0.1228
2025-09-22 20:47:19,262 : INFO : popt.loop.optimize :        Total number of function evaluations = 13
2025-09-22 20:47:19,262 : INFO : popt.loop.optimize :        Total number of jacobi evaluations = 11
2025-09-22 20:47:19,262 : INFO : popt.loop.optimize :        Total elapsed time = 171.52 minutes
2025-09-22 20:47:19,262 : INFO : popt.loop.optimize :        ============================================
2025-09-22 21:00:36,877 : INFO : popt.loop.optimize :        ====== Running optimization - Line search (Newton-CG) ======
2025-09-22 21:00:36,877 : INFO : popt.loop.optimize : 
SPECIFIED OPTIONS:
     save_folder: results/weight0.75
         maxiter: 20
 step_size_adapt: 2
            ftol: 1e-05
2025-09-22 21:00:36,878 : INFO : popt.loop.optimize : 
2025-09-22 21:00:36,878 : INFO : popt.loop.optimize :        iter.      fun(xₖ)         ‖jac(xₖ)‖∞      step-size      
2025-09-22 21:00:36,878 : INFO : popt.loop.optimize :        0          5.0000e-01      1.0781e-01      0.0000e+00     
2025-09-22 21:00:36,878 : INFO : popt.loop.optimize : 
2025-09-22 21:00:36,878 : INFO : popt.loop.optimize : Running Newton-CG subroutine..........
2025-09-22 21:00:36,878 : INFO : popt.loop.optimize : iteration: 0
2025-09-22 21:00:36,878 : INFO : popt.loop.optimize : iteration: 1
2025-09-22 21:00:36,878 : INFO : popt.loop.optimize : Negative curvature detected, terminating subroutine
2025-09-22 21:00:36,878 : INFO : popt.loop.optimize : 
2025-09-22 21:00:36,878 : INFO : popt.loop.optimize : Performing line search.............
2025-09-22 21:00:36,879 : INFO : popt.loop.optimize : Line search iteration: 0
2025-09-22 21:00:36,879 : INFO : popt.loop.optimize :     Evaluating Armijo condition
2025-09-22 21:05:25,209 : INFO : popt.loop.optimize :     Evaluating curvature condition
2025-09-22 21:10:11,171 : INFO : popt.loop.optimize : 
2025-09-22 21:10:11,171 : INFO : popt.loop.optimize :        iter.      fun(xₖ)         ‖jac(xₖ)‖∞      step-size      
2025-09-22 21:10:11,172 : INFO : popt.loop.optimize :        1          4.6534e-01      1.1347e-01      5.0170e-01     
2025-09-22 21:10:11,172 : INFO : popt.loop.optimize : 
2025-09-22 21:10:11,173 : INFO : popt.loop.optimize : Running Newton-CG subroutine..........
2025-09-22 21:10:11,173 : INFO : popt.loop.optimize : iteration: 0
2025-09-22 21:10:11,173 : INFO : popt.loop.optimize : iteration: 1
2025-09-22 21:10:11,173 : INFO : popt.loop.optimize : Negative curvature detected, terminating subroutine
2025-09-22 21:10:11,173 : INFO : popt.loop.optimize : 
2025-09-22 21:10:11,173 : INFO : popt.loop.optimize : Performing line search.............
2025-09-22 21:10:11,173 : INFO : popt.loop.optimize : Line search iteration: 0
2025-09-22 21:10:11,174 : INFO : popt.loop.optimize :     Evaluating Armijo condition
2025-09-22 21:14:42,372 : INFO : popt.loop.optimize :     Evaluating curvature condition
2025-09-22 21:19:11,557 : INFO : popt.loop.optimize : 
2025-09-22 21:19:11,557 : INFO : popt.loop.optimize :        iter.      fun(xₖ)         ‖jac(xₖ)‖∞      step-size      
2025-09-22 21:19:11,557 : INFO : popt.loop.optimize :        2          4.2502e-01      4.9187e-02      7.6490e-01     
2025-09-22 21:19:11,557 : INFO : popt.loop.optimize : 
2025-09-22 21:19:11,559 : INFO : popt.loop.optimize : Running Newton-CG subroutine..........
2025-09-22 21:19:11,559 : INFO : popt.loop.optimize : iteration: 0
2025-09-22 21:19:11,559 : INFO : popt.loop.optimize : Negative curvature detected, terminating subroutine
2025-09-22 21:19:11,559 : INFO : popt.loop.optimize : 
2025-09-22 21:19:11,559 : INFO : popt.loop.optimize : Performing line search.............
2025-09-22 21:19:11,559 : INFO : popt.loop.optimize : Line search iteration: 0
2025-09-22 21:19:11,559 : INFO : popt.loop.optimize :     Evaluating Armijo condition
2025-09-22 21:23:57,080 : INFO : popt.loop.optimize :     Evaluating curvature condition
2025-09-22 21:28:33,221 : INFO : popt.loop.optimize : 
2025-09-22 21:28:33,221 : INFO : popt.loop.optimize :        iter.      fun(xₖ)         ‖jac(xₖ)‖∞      step-size      
2025-09-22 21:28:33,221 : INFO : popt.loop.optimize :        3          3.4595e-01      8.0481e-02      9.7975e+00     
2025-09-22 21:28:33,221 : INFO : popt.loop.optimize : 
2025-09-22 21:28:33,222 : INFO : popt.loop.optimize : Running Newton-CG subroutine..........
2025-09-22 21:28:33,222 : INFO : popt.loop.optimize : iteration: 0
2025-09-22 21:28:33,222 : INFO : popt.loop.optimize : Negative curvature detected, terminating subroutine
2025-09-22 21:28:33,222 : INFO : popt.loop.optimize : 
2025-09-22 21:28:33,223 : INFO : popt.loop.optimize : Performing line search.............
2025-09-22 21:28:33,223 : INFO : popt.loop.optimize : Line search iteration: 0
2025-09-22 21:28:33,223 : INFO : popt.loop.optimize :     Evaluating Armijo condition
2025-09-22 21:33:01,531 : INFO : popt.loop.optimize :     Evaluating curvature condition
2025-09-22 21:37:34,243 : INFO : popt.loop.optimize : 
2025-09-22 21:37:34,243 : INFO : popt.loop.optimize :        iter.      fun(xₖ)         ‖jac(xₖ)‖∞      step-size      
2025-09-22 21:37:34,243 : INFO : popt.loop.optimize :        4          3.3329e-01      1.4832e-01      3.7343e+00     
2025-09-22 21:37:34,243 : INFO : popt.loop.optimize : 
2025-09-22 21:37:34,245 : INFO : popt.loop.optimize : Running Newton-CG subroutine..........
2025-09-22 21:37:34,245 : INFO : popt.loop.optimize : iteration: 0
2025-09-22 21:37:34,245 : INFO : popt.loop.optimize : iteration: 1
2025-09-22 21:37:34,245 : INFO : popt.loop.optimize : Negative curvature detected, terminating subroutine
2025-09-22 21:37:34,245 : INFO : popt.loop.optimize : 
2025-09-22 21:37:34,245 : INFO : popt.loop.optimize : Performing line search.............
2025-09-22 21:37:34,245 : INFO : popt.loop.optimize : Line search iteration: 0
2025-09-22 21:37:34,245 : INFO : popt.loop.optimize :     Evaluating Armijo condition
2025-09-22 21:42:04,164 : INFO : popt.loop.optimize :     Evaluating curvature condition
2025-09-22 21:46:36,510 : INFO : popt.loop.optimize : 
2025-09-22 21:46:36,511 : INFO : popt.loop.optimize :        iter.      fun(xₖ)         ‖jac(xₖ)‖∞      step-size      
2025-09-22 21:46:36,511 : INFO : popt.loop.optimize :        5          3.2725e-01      6.4211e-02      1.4552e-01     
2025-09-22 21:46:36,511 : INFO : popt.loop.optimize : 
2025-09-22 21:46:36,512 : INFO : popt.loop.optimize : Running Newton-CG subroutine..........
2025-09-22 21:46:36,512 : INFO : popt.loop.optimize : iteration: 0
2025-09-22 21:46:36,512 : INFO : popt.loop.optimize : Negative curvature detected, terminating subroutine
2025-09-22 21:46:36,512 : INFO : popt.loop.optimize : 
2025-09-22 21:46:36,513 : INFO : popt.loop.optimize : Performing line search.............
2025-09-22 21:46:36,513 : INFO : popt.loop.optimize : Line search iteration: 0
2025-09-22 21:46:36,513 : INFO : popt.loop.optimize :     Evaluating Armijo condition
2025-09-22 21:51:37,249 : INFO : popt.loop.optimize :     Evaluating curvature condition
2025-09-22 21:56:41,407 : INFO : popt.loop.optimize : 
2025-09-22 21:56:41,408 : INFO : popt.loop.optimize :        iter.      fun(xₖ)         ‖jac(xₖ)‖∞      step-size      
2025-09-22 21:56:41,408 : INFO : popt.loop.optimize :        6          3.2201e-01      1.0008e-01      8.0459e+00     
2025-09-22 21:56:41,408 : INFO : popt.loop.optimize : 
2025-09-22 21:56:41,409 : INFO : popt.loop.optimize : Running Newton-CG subroutine..........
2025-09-22 21:56:41,409 : INFO : popt.loop.optimize : iteration: 0
2025-09-22 21:56:41,409 : INFO : popt.loop.optimize : Negative curvature detected, terminating subroutine
2025-09-22 21:56:41,409 : INFO : popt.loop.optimize : 
2025-09-22 21:56:41,409 : INFO : popt.loop.optimize : Performing line search.............
2025-09-22 21:56:41,409 : INFO : popt.loop.optimize : Line search iteration: 0
2025-09-22 21:56:41,410 : INFO : popt.loop.optimize :     Evaluating Armijo condition
2025-09-22 22:02:27,510 : INFO : popt.loop.optimize :     Evaluating curvature condition
2025-09-22 22:08:04,186 : INFO : popt.loop.optimize : 
2025-09-22 22:08:04,186 : INFO : popt.loop.optimize :        iter.      fun(xₖ)         ‖jac(xₖ)‖∞      step-size      
2025-09-22 22:08:04,186 : INFO : popt.loop.optimize :        7          2.9909e-01      7.2251e-02      2.8577e+00     
2025-09-22 22:08:04,186 : INFO : popt.loop.optimize : 
2025-09-22 22:08:04,188 : INFO : popt.loop.optimize : Running Newton-CG subroutine..........
2025-09-22 22:08:04,188 : INFO : popt.loop.optimize : iteration: 0
2025-09-22 22:08:04,188 : INFO : popt.loop.optimize : Negative curvature detected, terminating subroutine
2025-09-22 22:08:04,188 : INFO : popt.loop.optimize : 
2025-09-22 22:08:04,188 : INFO : popt.loop.optimize : Performing line search.............
2025-09-22 22:08:04,188 : INFO : popt.loop.optimize : Line search iteration: 0
2025-09-22 22:08:04,188 : INFO : popt.loop.optimize :     Evaluating Armijo condition
2025-09-22 22:13:19,613 : INFO : popt.loop.optimize :     Evaluating curvature condition
2025-09-22 22:19:32,752 : INFO : popt.loop.optimize : 
2025-09-22 22:19:32,753 : INFO : popt.loop.optimize :        iter.      fun(xₖ)         ‖jac(xₖ)‖∞      step-size      
2025-09-22 22:19:32,753 : INFO : popt.loop.optimize :        8          2.7749e-01      8.6376e-02      7.9897e+00     
2025-09-22 22:19:32,753 : INFO : popt.loop.optimize : 
2025-09-22 22:19:32,754 : INFO : popt.loop.optimize : Running Newton-CG subroutine..........
2025-09-22 22:19:32,755 : INFO : popt.loop.optimize : iteration: 0
2025-09-22 22:19:32,755 : INFO : popt.loop.optimize : iteration: 1
2025-09-22 22:19:32,755 : INFO : popt.loop.optimize : Negative curvature detected, terminating subroutine
2025-09-22 22:19:32,755 : INFO : popt.loop.optimize : 
2025-09-22 22:19:32,755 : INFO : popt.loop.optimize : Performing line search.............
2025-09-22 22:19:32,755 : INFO : popt.loop.optimize : Line search iteration: 0
2025-09-22 22:19:32,755 : INFO : popt.loop.optimize :     Evaluating Armijo condition
2025-09-22 22:24:54,055 : INFO : popt.loop.optimize :     Evaluating curvature condition
2025-09-22 22:32:00,005 : INFO : popt.loop.optimize : 
2025-09-22 22:32:00,005 : INFO : popt.loop.optimize :        iter.      fun(xₖ)         ‖jac(xₖ)‖∞      step-size      
2025-09-22 22:32:00,005 : INFO : popt.loop.optimize :        9          2.6034e-01      6.0850e-02      8.3136e+00     
2025-09-22 22:32:00,005 : INFO : popt.loop.optimize : 
2025-09-22 22:32:00,006 : INFO : popt.loop.optimize : Running Newton-CG subroutine..........
2025-09-22 22:32:00,006 : INFO : popt.loop.optimize : iteration: 0
2025-09-22 22:32:00,006 : INFO : popt.loop.optimize : Negative curvature detected, terminating subroutine
2025-09-22 22:32:00,006 : INFO : popt.loop.optimize : 
2025-09-22 22:32:00,006 : INFO : popt.loop.optimize : Performing line search.............
2025-09-22 22:32:00,007 : INFO : popt.loop.optimize : Line search iteration: 0
2025-09-22 22:32:00,007 : INFO : popt.loop.optimize :     Evaluating Armijo condition
2025-09-22 22:36:59,892 : INFO : popt.loop.optimize :     Evaluating curvature condition
2025-09-22 22:42:00,410 : INFO : popt.loop.optimize : 
2025-09-22 22:42:00,410 : INFO : popt.loop.optimize :        iter.      fun(xₖ)         ‖jac(xₖ)‖∞      step-size      
2025-09-22 22:42:00,410 : INFO : popt.loop.optimize :        10         2.5796e-01      6.6703e-02      7.7068e+00     
2025-09-22 22:42:00,410 : INFO : popt.loop.optimize : 
2025-09-22 22:42:00,411 : INFO : popt.loop.optimize : Running Newton-CG subroutine..........
2025-09-22 22:42:00,411 : INFO : popt.loop.optimize : iteration: 0
2025-09-22 22:42:00,411 : INFO : popt.loop.optimize : Negative curvature detected, terminating subroutine
2025-09-22 22:42:00,411 : INFO : popt.loop.optimize : 
2025-09-22 22:42:00,412 : INFO : popt.loop.optimize : Performing line search.............
2025-09-22 22:42:00,412 : INFO : popt.loop.optimize : Line search iteration: 0
2025-09-22 22:42:00,412 : INFO : popt.loop.optimize :     Evaluating Armijo condition
2025-09-22 22:47:03,236 : INFO : popt.loop.optimize : Line search iteration: 1
2025-09-22 22:47:03,237 : INFO : popt.loop.optimize :     Evaluating Armijo condition
2025-09-22 22:52:02,403 : INFO : popt.loop.optimize : Line search iteration: 2
2025-09-22 22:52:02,404 : INFO : popt.loop.optimize :     Evaluating Armijo condition
2025-09-22 22:57:05,918 : INFO : popt.loop.optimize : Line search iteration: 3
2025-09-22 22:57:05,918 : INFO : popt.loop.optimize :     Evaluating Armijo condition
2025-09-22 23:02:05,436 : INFO : popt.loop.optimize : Line search iteration: 4
2025-09-22 23:02:05,436 : INFO : popt.loop.optimize :     Evaluating Armijo condition
2025-09-22 23:07:07,065 : INFO : popt.loop.optimize : Line search iteration: 5
2025-09-22 23:07:07,066 : INFO : popt.loop.optimize :     Evaluating Armijo condition
2025-09-22 23:12:10,052 : INFO : popt.loop.optimize : Line search iteration: 6
2025-09-22 23:12:10,052 : INFO : popt.loop.optimize :     Evaluating Armijo condition
2025-09-22 23:17:08,498 : INFO : popt.loop.optimize : Line search iteration: 7
2025-09-22 23:17:08,498 : INFO : popt.loop.optimize :     Evaluating Armijo condition
2025-09-22 23:22:10,432 : INFO : popt.loop.optimize : Line search iteration: 8
2025-09-22 23:22:10,432 : INFO : popt.loop.optimize :     Evaluating Armijo condition
2025-09-22 23:27:09,001 : INFO : popt.loop.optimize : Line search iteration: 9
2025-09-22 23:27:09,001 : INFO : popt.loop.optimize :     Evaluating Armijo condition
2025-09-22 23:32:04,297 : INFO : popt.loop.optimize : Line search iteration: 10
2025-09-22 23:32:04,297 : INFO : popt.loop.optimize :     Evaluating Armijo condition
2025-09-22 23:37:01,291 : INFO : popt.loop.optimize :        Optimization converged in 10 iterations 
2025-09-22 23:37:01,291 : INFO : popt.loop.optimize :        Optimization converged with final obj_func = 0.2580
2025-09-22 23:37:01,291 : INFO : popt.loop.optimize :        Total number of function evaluations = 11
2025-09-22 23:37:01,291 : INFO : popt.loop.optimize :        Total number of jacobi evaluations = 11
2025-09-22 23:37:01,291 : INFO : popt.loop.optimize :        Total elapsed time = 164.64 minutes
2025-09-22 23:37:01,291 : INFO : popt.loop.optimize :        ============================================
2025-09-22 23:50:16,996 : INFO : popt.loop.optimize :        ====== Running optimization - Line search (Newton-CG) ======
2025-09-22 23:50:16,996 : INFO : popt.loop.optimize : 
SPECIFIED OPTIONS:
     save_folder: results/weight1.0
         maxiter: 20
 step_size_adapt: 2
            ftol: 1e-05
2025-09-22 23:50:16,996 : INFO : popt.loop.optimize : 
2025-09-22 23:50:16,996 : INFO : popt.loop.optimize :        iter.      fun(xₖ)         ‖jac(xₖ)‖∞      step-size      
2025-09-22 23:50:16,996 : INFO : popt.loop.optimize :        0          1.0000e+00      2.0011e-01      0.0000e+00     
2025-09-22 23:50:16,997 : INFO : popt.loop.optimize : 
2025-09-22 23:50:16,997 : INFO : popt.loop.optimize : Running Newton-CG subroutine..........
2025-09-22 23:50:16,997 : INFO : popt.loop.optimize : iteration: 0
2025-09-22 23:50:16,997 : INFO : popt.loop.optimize : iteration: 1
2025-09-22 23:50:16,997 : INFO : popt.loop.optimize : Negative curvature detected, terminating subroutine
2025-09-22 23:50:16,997 : INFO : popt.loop.optimize : 
2025-09-22 23:50:16,997 : INFO : popt.loop.optimize : Performing line search.............
2025-09-22 23:50:16,997 : INFO : popt.loop.optimize : Line search iteration: 0
2025-09-22 23:50:16,997 : INFO : popt.loop.optimize :     Evaluating Armijo condition
2025-09-22 23:55:18,037 : INFO : popt.loop.optimize :     Evaluating curvature condition
2025-09-23 00:00:02,669 : INFO : popt.loop.optimize : 
2025-09-23 00:00:02,669 : INFO : popt.loop.optimize :        iter.      fun(xₖ)         ‖jac(xₖ)‖∞      step-size      
2025-09-23 00:00:02,669 : INFO : popt.loop.optimize :        1          9.0180e-01      1.3833e-01      3.7408e-01     
2025-09-23 00:00:02,669 : INFO : popt.loop.optimize : 
2025-09-23 00:00:02,671 : INFO : popt.loop.optimize : Running Newton-CG subroutine..........
2025-09-23 00:00:02,671 : INFO : popt.loop.optimize : iteration: 0
2025-09-23 00:00:02,671 : INFO : popt.loop.optimize : iteration: 1
2025-09-23 00:00:02,671 : INFO : popt.loop.optimize : Negative curvature detected, terminating subroutine
2025-09-23 00:00:02,671 : INFO : popt.loop.optimize : 
2025-09-23 00:00:02,671 : INFO : popt.loop.optimize : Performing line search.............
2025-09-23 00:00:02,671 : INFO : popt.loop.optimize : Line search iteration: 0
2025-09-23 00:00:02,671 : INFO : popt.loop.optimize :     Evaluating Armijo condition
2025-09-23 00:04:50,829 : INFO : popt.loop.optimize :     Evaluating curvature condition
2025-09-23 00:09:31,574 : INFO : popt.loop.optimize : 
2025-09-23 00:09:31,574 : INFO : popt.loop.optimize :        iter.      fun(xₖ)         ‖jac(xₖ)‖∞      step-size      
2025-09-23 00:09:31,574 : INFO : popt.loop.optimize :        2          7.9849e-01      1.7502e-01      1.4029e+00     
2025-09-23 00:09:31,574 : INFO : popt.loop.optimize : 
2025-09-23 00:09:31,575 : INFO : popt.loop.optimize : Running Newton-CG subroutine..........
2025-09-23 00:09:31,575 : INFO : popt.loop.optimize : iteration: 0
2025-09-23 00:09:31,575 : INFO : popt.loop.optimize : iteration: 1
2025-09-23 00:09:31,575 : INFO : popt.loop.optimize : Negative curvature detected, terminating subroutine
2025-09-23 00:09:31,575 : INFO : popt.loop.optimize : 
2025-09-23 00:09:31,576 : INFO : popt.loop.optimize : Performing line search.............
2025-09-23 00:09:31,576 : INFO : popt.loop.optimize : Line search iteration: 0
2025-09-23 00:09:31,576 : INFO : popt.loop.optimize :     Evaluating Armijo condition
2025-09-23 00:14:30,598 : INFO : popt.loop.optimize :     Evaluating curvature condition
2025-09-23 00:20:54,669 : INFO : popt.loop.optimize : 
2025-09-23 00:20:54,670 : INFO : popt.loop.optimize :        iter.      fun(xₖ)         ‖jac(xₖ)‖∞      step-size      
2025-09-23 00:20:54,670 : INFO : popt.loop.optimize :        3          7.5470e-01      2.6956e-01      1.9784e+00     
2025-09-23 00:20:54,670 : INFO : popt.loop.optimize : 
2025-09-23 00:20:54,671 : INFO : popt.loop.optimize : Running Newton-CG subroutine..........
2025-09-23 00:20:54,671 : INFO : popt.loop.optimize : iteration: 0
2025-09-23 00:20:54,671 : INFO : popt.loop.optimize : iteration: 1
2025-09-23 00:20:54,671 : INFO : popt.loop.optimize : Negative curvature detected, terminating subroutine
2025-09-23 00:20:54,671 : INFO : popt.loop.optimize : 
2025-09-23 00:20:54,671 : INFO : popt.loop.optimize : Performing line search.............
2025-09-23 00:20:54,671 : INFO : popt.loop.optimize : Line search iteration: 0
2025-09-23 00:20:54,671 : INFO : popt.loop.optimize :     Evaluating Armijo condition
2025-09-23 00:26:25,110 : INFO : popt.loop.optimize :     Evaluating curvature condition
2025-09-23 00:32:47,924 : INFO : popt.loop.optimize : 
2025-09-23 00:32:47,924 : INFO : popt.loop.optimize :        iter.      fun(xₖ)         ‖jac(xₖ)‖∞      step-size      
2025-09-23 00:32:47,924 : INFO : popt.loop.optimize :        4          7.1359e-01      1.4817e-01      2.6325e+00     
2025-09-23 00:32:47,924 : INFO : popt.loop.optimize : 
2025-09-23 00:32:47,925 : INFO : popt.loop.optimize : Running Newton-CG subroutine..........
2025-09-23 00:32:47,926 : INFO : popt.loop.optimize : iteration: 0
2025-09-23 00:32:47,926 : INFO : popt.loop.optimize : Negative curvature detected, terminating subroutine
2025-09-23 00:32:47,926 : INFO : popt.loop.optimize : 
2025-09-23 00:32:47,926 : INFO : popt.loop.optimize : Performing line search.............
2025-09-23 00:32:47,926 : INFO : popt.loop.optimize : Line search iteration: 0
2025-09-23 00:32:47,926 : INFO : popt.loop.optimize :     Evaluating Armijo condition
2025-09-23 00:38:26,690 : INFO : popt.loop.optimize :     Evaluating curvature condition
2025-09-23 00:46:10,718 : INFO : popt.loop.optimize : 
2025-09-23 00:46:10,718 : INFO : popt.loop.optimize :        iter.      fun(xₖ)         ‖jac(xₖ)‖∞      step-size      
2025-09-23 00:46:10,718 : INFO : popt.loop.optimize :        5          6.7529e-01      8.7454e-02      3.5011e+00     
2025-09-23 00:46:10,719 : INFO : popt.loop.optimize : 
2025-09-23 00:46:10,720 : INFO : popt.loop.optimize : Running Newton-CG subroutine..........
2025-09-23 00:46:10,720 : INFO : popt.loop.optimize : iteration: 0
2025-09-23 00:46:10,720 : INFO : popt.loop.optimize : Negative curvature detected, terminating subroutine
2025-09-23 00:46:10,720 : INFO : popt.loop.optimize : 
2025-09-23 00:46:10,720 : INFO : popt.loop.optimize : Performing line search.............
2025-09-23 00:46:10,720 : INFO : popt.loop.optimize : Line search iteration: 0
2025-09-23 00:46:10,720 : INFO : popt.loop.optimize :     Evaluating Armijo condition
2025-09-23 00:51:46,425 : INFO : popt.loop.optimize :     Evaluating curvature condition
2025-09-23 00:58:47,270 : INFO : popt.loop.optimize : 
2025-09-23 00:58:47,270 : INFO : popt.loop.optimize :        iter.      fun(xₖ)         ‖jac(xₖ)‖∞      step-size      
2025-09-23 00:58:47,271 : INFO : popt.loop.optimize :        6          6.2425e-01      6.8636e-02      6.0362e+00     
2025-09-23 00:58:47,271 : INFO : popt.loop.optimize : 
2025-09-23 00:58:47,272 : INFO : popt.loop.optimize : Running Newton-CG subroutine..........
2025-09-23 00:58:47,272 : INFO : popt.loop.optimize : iteration: 0
2025-09-23 00:58:47,272 : INFO : popt.loop.optimize : Negative curvature detected, terminating subroutine
2025-09-23 00:58:47,272 : INFO : popt.loop.optimize : 
2025-09-23 00:58:47,272 : INFO : popt.loop.optimize : Performing line search.............
2025-09-23 00:58:47,273 : INFO : popt.loop.optimize : Line search iteration: 0
2025-09-23 00:58:47,273 : INFO : popt.loop.optimize :     Evaluating Armijo condition
2025-09-23 01:03:39,100 : INFO : popt.loop.optimize :     Evaluating curvature condition
2025-09-23 01:09:25,315 : INFO : popt.loop.optimize : 
2025-09-23 01:09:25,315 : INFO : popt.loop.optimize :        iter.      fun(xₖ)         ‖jac(xₖ)‖∞      step-size      
2025-09-23 01:09:25,315 : INFO : popt.loop.optimize :        7          5.7366e-01      7.0883e-02      1.7431e+01     
2025-09-23 01:09:25,315 : INFO : popt.loop.optimize : 
2025-09-23 01:09:25,317 : INFO : popt.loop.optimize : Running Newton-CG subroutine..........
2025-09-23 01:09:25,317 : INFO : popt.loop.optimize : iteration: 0
2025-09-23 01:09:25,317 : INFO : popt.loop.optimize : Negative curvature detected, terminating subroutine
2025-09-23 01:09:25,317 : INFO : popt.loop.optimize : 
2025-09-23 01:09:25,317 : INFO : popt.loop.optimize : Performing line search.............
2025-09-23 01:09:25,317 : INFO : popt.loop.optimize : Line search iteration: 0
2025-09-23 01:09:25,317 : INFO : popt.loop.optimize :     Evaluating Armijo condition
2025-09-23 01:14:30,035 : INFO : popt.loop.optimize :     Evaluating curvature condition
2025-09-23 01:21:13,105 : INFO : popt.loop.optimize : 
2025-09-23 01:21:13,106 : INFO : popt.loop.optimize :        iter.      fun(xₖ)         ‖jac(xₖ)‖∞      step-size      
2025-09-23 01:21:13,106 : INFO : popt.loop.optimize :        8          5.4630e-01      1.0309e-01      9.9265e+00     
2025-09-23 01:21:13,106 : INFO : popt.loop.optimize : 
2025-09-23 01:21:13,107 : INFO : popt.loop.optimize : Running Newton-CG subroutine..........
2025-09-23 01:21:13,107 : INFO : popt.loop.optimize : iteration: 0
2025-09-23 01:21:13,107 : INFO : popt.loop.optimize : Negative curvature detected, terminating subroutine
2025-09-23 01:21:13,107 : INFO : popt.loop.optimize : 
2025-09-23 01:21:13,107 : INFO : popt.loop.optimize : Performing line search.............
2025-09-23 01:21:13,108 : INFO : popt.loop.optimize : Line search iteration: 0
2025-09-23 01:21:13,108 : INFO : popt.loop.optimize :     Evaluating Armijo condition
2025-09-23 01:26:04,336 : INFO : popt.loop.optimize :     Evaluating curvature condition
2025-09-23 01:31:16,585 : INFO : popt.loop.optimize : 
2025-09-23 01:31:16,585 : INFO : popt.loop.optimize :        iter.      fun(xₖ)         ‖jac(xₖ)‖∞      step-size      
2025-09-23 01:31:16,585 : INFO : popt.loop.optimize :        9          5.2553e-01      9.4736e-02      8.1501e+00     
2025-09-23 01:31:16,585 : INFO : popt.loop.optimize : 
2025-09-23 01:31:16,587 : INFO : popt.loop.optimize : Running Newton-CG subroutine..........
2025-09-23 01:31:16,587 : INFO : popt.loop.optimize : iteration: 0
2025-09-23 01:31:16,587 : INFO : popt.loop.optimize : Negative curvature detected, terminating subroutine
2025-09-23 01:31:16,587 : INFO : popt.loop.optimize : 
2025-09-23 01:31:16,587 : INFO : popt.loop.optimize : Performing line search.............
2025-09-23 01:31:16,587 : INFO : popt.loop.optimize : Line search iteration: 0
2025-09-23 01:31:16,587 : INFO : popt.loop.optimize :     Evaluating Armijo condition
2025-09-23 01:36:42,921 : INFO : popt.loop.optimize :     Evaluating curvature condition
2025-09-23 01:45:42,594 : INFO : popt.loop.optimize : 
2025-09-23 01:45:42,594 : INFO : popt.loop.optimize :        iter.      fun(xₖ)         ‖jac(xₖ)‖∞      step-size      
2025-09-23 01:45:42,594 : INFO : popt.loop.optimize :        10         5.2268e-01      1.1205e-01      1.0219e+01     
2025-09-23 01:45:42,594 : INFO : popt.loop.optimize : 
2025-09-23 01:45:42,595 : INFO : popt.loop.optimize : Running Newton-CG subroutine..........
2025-09-23 01:45:42,596 : INFO : popt.loop.optimize : iteration: 0
2025-09-23 01:45:42,596 : INFO : popt.loop.optimize : Negative curvature detected, terminating subroutine
2025-09-23 01:45:42,596 : INFO : popt.loop.optimize : 
2025-09-23 01:45:42,596 : INFO : popt.loop.optimize : Performing line search.............
2025-09-23 01:45:42,596 : INFO : popt.loop.optimize : Line search iteration: 0
2025-09-23 01:45:42,596 : INFO : popt.loop.optimize :     Evaluating Armijo condition
2025-09-23 01:50:28,362 : INFO : popt.loop.optimize : Line search iteration: 1
2025-09-23 01:50:28,363 : INFO : popt.loop.optimize :     Evaluating Armijo condition
2025-09-23 01:55:24,163 : INFO : popt.loop.optimize :     Evaluating curvature condition
2025-09-23 02:01:18,780 : INFO : popt.loop.optimize : 
2025-09-23 02:01:18,780 : INFO : popt.loop.optimize :        iter.      fun(xₖ)         ‖jac(xₖ)‖∞      step-size      
2025-09-23 02:01:18,781 : INFO : popt.loop.optimize :        11         5.1645e-01      1.0716e-01      2.6546e+00     
2025-09-23 02:01:18,781 : INFO : popt.loop.optimize : 
2025-09-23 02:01:18,782 : INFO : popt.loop.optimize : Running Newton-CG subroutine..........
2025-09-23 02:01:18,782 : INFO : popt.loop.optimize : iteration: 0
2025-09-23 02:01:18,782 : INFO : popt.loop.optimize : Negative curvature detected, terminating subroutine
2025-09-23 02:01:18,782 : INFO : popt.loop.optimize : 
2025-09-23 02:01:18,782 : INFO : popt.loop.optimize : Performing line search.............
2025-09-23 02:01:18,782 : INFO : popt.loop.optimize : Line search iteration: 0
2025-09-23 02:01:18,782 : INFO : popt.loop.optimize :     Evaluating Armijo condition
2025-09-23 02:08:29,822 : INFO : popt.loop.optimize : Line search iteration: 1
2025-09-23 02:08:29,822 : INFO : popt.loop.optimize :     Evaluating Armijo condition
2025-09-23 02:14:32,288 : INFO : popt.loop.optimize :     Evaluating curvature condition
2025-09-23 02:20:52,039 : INFO : popt.loop.optimize : 
2025-09-23 02:20:52,039 : INFO : popt.loop.optimize :        iter.      fun(xₖ)         ‖jac(xₖ)‖∞      step-size      
2025-09-23 02:20:52,039 : INFO : popt.loop.optimize :        12         5.1460e-01      9.9619e-02      1.1939e+00     
2025-09-23 02:20:52,040 : INFO : popt.loop.optimize : 
2025-09-23 02:20:52,041 : INFO : popt.loop.optimize : Running Newton-CG subroutine..........
2025-09-23 02:20:52,041 : INFO : popt.loop.optimize : iteration: 0
2025-09-23 02:20:52,041 : INFO : popt.loop.optimize : Negative curvature detected, terminating subroutine
2025-09-23 02:20:52,041 : INFO : popt.loop.optimize : 
2025-09-23 02:20:52,041 : INFO : popt.loop.optimize : Performing line search.............
2025-09-23 02:20:52,041 : INFO : popt.loop.optimize : Line search iteration: 0
2025-09-23 02:20:52,041 : INFO : popt.loop.optimize :     Evaluating Armijo condition
2025-09-23 02:25:34,494 : INFO : popt.loop.optimize : Line search iteration: 1
2025-09-23 02:25:34,495 : INFO : popt.loop.optimize :     Evaluating Armijo condition
2025-09-23 02:30:23,432 : INFO : popt.loop.optimize : Line search iteration: 2
2025-09-23 02:30:23,432 : INFO : popt.loop.optimize :     Evaluating Armijo condition
2025-09-23 02:35:31,937 : INFO : popt.loop.optimize : Line search iteration: 3
2025-09-23 02:35:31,937 : INFO : popt.loop.optimize :     Evaluating Armijo condition
2025-09-23 02:41:32,850 : INFO : popt.loop.optimize : Line search iteration: 4
2025-09-23 02:41:32,850 : INFO : popt.loop.optimize :     Evaluating Armijo condition
2025-09-23 02:47:42,863 : INFO : popt.loop.optimize : Line search iteration: 5
2025-09-23 02:47:42,864 : INFO : popt.loop.optimize :     Evaluating Armijo condition
2025-09-23 02:53:49,743 : INFO : popt.loop.optimize : Line search iteration: 6
2025-09-23 02:53:49,744 : INFO : popt.loop.optimize :     Evaluating Armijo condition
2025-09-23 02:59:42,623 : INFO : popt.loop.optimize : Line search iteration: 7
2025-09-23 02:59:42,623 : INFO : popt.loop.optimize :     Evaluating Armijo condition
2025-09-23 03:05:44,273 : INFO : popt.loop.optimize : Line search iteration: 8
2025-09-23 03:05:44,273 : INFO : popt.loop.optimize :     Evaluating Armijo condition
2025-09-23 03:12:09,971 : INFO : popt.loop.optimize : Line search iteration: 9
2025-09-23 03:12:09,972 : INFO : popt.loop.optimize :     Evaluating Armijo condition
2025-09-23 03:18:09,643 : INFO : popt.loop.optimize : Line search iteration: 10
2025-09-23 03:18:09,644 : INFO : popt.loop.optimize :     Evaluating Armijo condition
2025-09-23 03:24:28,579 : INFO : popt.loop.optimize :        Optimization converged in 12 iterations 
2025-09-23 03:24:28,580 : INFO : popt.loop.optimize :        Optimization converged with final obj_func = 0.5146
2025-09-23 03:24:28,580 : INFO : popt.loop.optimize :        Total number of function evaluations = 15
2025-09-23 03:24:28,580 : INFO : popt.loop.optimize :        Total number of jacobi evaluations = 13
2025-09-23 03:24:28,580 : INFO : popt.loop.optimize :        Total elapsed time = 222.48 minutes
2025-09-23 03:24:28,580 : INFO : popt.loop.optimize :        ============================================
