2025-10-13 13:26:50 : INFO : popt.loop.optimize : 


2025-10-13 13:26:50 : INFO : popt.loop.optimize :        ====== Running optimization - EnOpt ======
2025-10-13 13:26:50 : INFO : popt.loop.optimize : 
{'datatype': ['fopt', 'fgpt', 'fwpt', 'fwit', 'wthp a5', 'wthp a6'],
 'epf': {'conv_crit': 0.04,
         'max_epf_iter': 10,
         'penalty': [array([3.43698704e+11, 0.00000000e+00, 2.52687681e+11, 7.02023708e+08,
       1.09731230e+10, 0.00000000e+00, 2.27279058e+11, 0.00000000e+00,
       0.00000000e+00, 0.00000000e+00, 5.31556584e+10, 2.43249622e+10,
       9.20497801e+10, 0.00000000e+00, 0.00000000e+00, 0.00000000e+00,
       1.87500906e+10, 0.00000000e+00, 2.01222379e+11, 5.01809620e+10,
       0.00000000e+00, 3.18688130e+11, 5.29358187e+08, 0.00000000e+00,
       0.00000000e+00, 0.00000000e+00, 4.25217351e+11, 0.00000000e+00,
       0.00000000e+00, 0.00000000e+00, 0.00000000e+00, 0.00000000e+00,
       0.00000000e+00, 3.78499445e+09, 0.00000000e+00, 0.00000000e+00,
       1.17083636e+11, 1.03880645e+07, 1.29014714e+10, 0.00000000e+00,
       1.52038988e+10, 0.00000000e+00, 0.00000000e+00, 1.13449919e+10,
       0.00000000e+00, 0.00000000e+00, 0.00000000e+00, 5.54727749e+10,
       1.95288584e+10, 0.00000000e+00]),
                     array([1.16111737e+12, 0.00000000e+00, 9.94467240e+11, 1.18098766e+11,
       4.28060732e+10, 0.00000000e+00, 9.05804700e+11, 0.00000000e+00,
       1.08414846e+10, 0.00000000e+00, 3.85648796e+11, 1.89990279e+11,
       5.50286219e+11, 5.60199968e+09, 0.00000000e+00, 0.00000000e+00,
       2.39382603e+11, 0.00000000e+00, 7.85764755e+11, 3.81820263e+11,
       6.36348307e+10, 1.15152562e+12, 2.62767449e+11, 0.00000000e+00,
       0.00000000e+00, 7.67224802e+10, 1.32944264e+12, 0.00000000e+00,
       3.04115244e+10, 9.31184882e+10, 0.00000000e+00, 0.00000000e+00,
       0.00000000e+00, 2.56963937e+11, 8.90490924e+08, 5.14754403e+10,
       4.98644258e+11, 7.64003676e+10, 1.71299020e+11, 0.00000000e+00,
       3.44457439e+11, 4.06577491e+08, 0.00000000e+00, 3.30542485e+11,
       0.00000000e+00, 0.00000000e+00, 2.49792714e+09, 3.23062998e+11,
       2.04705842e+11, 0.00000000e+00]),
                     array([2.09341329e+11, 0.00000000e+00, 1.17062047e+09, 1.52387863e+11,
       0.00000000e+00, 0.00000000e+00, 2.57873262e+09, 0.00000000e+00,
       0.00000000e+00, 0.00000000e+00, 1.65996922e+09, 0.00000000e+00,
       9.17052020e+10, 0.00000000e+00, 4.99155535e+09, 0.00000000e+00,
       1.05451334e+11, 0.00000000e+00, 3.86225245e+10, 1.03189886e+10,
       1.91834950e+10, 4.76011516e+10, 8.16629013e+09, 0.00000000e+00,
       0.00000000e+00, 2.94671568e+11, 2.86020562e+11, 9.40080656e+10,
       0.00000000e+00, 1.02479055e+11, 0.00000000e+00, 0.00000000e+00,
       0.00000000e+00, 0.00000000e+00, 5.28998555e+10, 0.00000000e+00,
       0.00000000e+00, 0.00000000e+00, 3.12627373e+11, 0.00000000e+00,
       1.03687492e+10, 3.15691884e+11, 0.00000000e+00, 2.08859400e+10,
       0.00000000e+00, 0.00000000e+00, 3.47453648e+10, 0.00000000e+00,
       9.19567546e+08, 0.00000000e+00]),
                     array([0.00000000e+00, 8.19262495e+10, 0.00000000e+00, 0.00000000e+00,
       0.00000000e+00, 0.00000000e+00, 0.00000000e+00, 0.00000000e+00,
       0.00000000e+00, 0.00000000e+00, 5.54660220e+10, 0.00000000e+00,
       0.00000000e+00, 0.00000000e+00, 0.00000000e+00, 0.00000000e+00,
       0.00000000e+00, 0.00000000e+00, 0.00000000e+00, 0.00000000e+00,
       0.00000000e+00, 0.00000000e+00, 0.00000000e+00, 0.00000000e+00,
       0.00000000e+00, 3.98487446e+10, 3.39597817e+10, 3.96337149e+09,
       0.00000000e+00, 3.85903582e+10, 0.00000000e+00, 0.00000000e+00,
       0.00000000e+00, 0.00000000e+00, 0.00000000e+00, 0.00000000e+00,
       0.00000000e+00, 1.31124225e+10, 0.00000000e+00, 4.61345467e+10,
       0.00000000e+00, 0.00000000e+00, 0.00000000e+00, 0.00000000e+00,
       0.00000000e+00, 0.00000000e+00, 0.00000000e+00, 0.00000000e+00,
       0.00000000e+00, 0.00000000e+00]),
                     array([0.00000000e+00, 0.00000000e+00, 0.00000000e+00, 0.00000000e+00,
       0.00000000e+00, 0.00000000e+00, 0.00000000e+00, 0.00000000e+00,
       0.00000000e+00, 0.00000000e+00, 0.00000000e+00, 0.00000000e+00,
       0.00000000e+00, 0.00000000e+00, 0.00000000e+00, 0.00000000e+00,
       0.00000000e+00, 0.00000000e+00, 0.00000000e+00, 0.00000000e+00,
       0.00000000e+00, 0.00000000e+00, 5.55222429e+09, 0.00000000e+00,
       0.00000000e+00, 0.00000000e+00, 0.00000000e+00, 0.00000000e+00,
       0.00000000e+00, 0.00000000e+00, 0.00000000e+00, 0.00000000e+00,
       0.00000000e+00, 1.89565267e+10, 0.00000000e+00, 0.00000000e+00,
       0.00000000e+00, 0.00000000e+00, 0.00000000e+00, 0.00000000e+00,
       0.00000000e+00, 0.00000000e+00, 0.00000000e+00, 0.00000000e+00,
       0.00000000e+00, 0.00000000e+00, 0.00000000e+00, 0.00000000e+00,
       0.00000000e+00, 0.00000000e+00]),
                     array([0.00000000e+00, 0.00000000e+00, 0.00000000e+00, 0.00000000e+00,
       0.00000000e+00, 0.00000000e+00, 0.00000000e+00, 0.00000000e+00,
       0.00000000e+00, 0.00000000e+00, 0.00000000e+00, 0.00000000e+00,
       0.00000000e+00, 0.00000000e+00, 0.00000000e+00, 0.00000000e+00,
       0.00000000e+00, 0.00000000e+00, 0.00000000e+00, 0.00000000e+00,
       0.00000000e+00, 0.00000000e+00, 0.00000000e+00, 0.00000000e+00,
       6.64952747e+09, 1.17100398e+08, 0.00000000e+00, 0.00000000e+00,
       0.00000000e+00, 0.00000000e+00, 0.00000000e+00, 0.00000000e+00,
       0.00000000e+00, 0.00000000e+00, 0.00000000e+00, 0.00000000e+00,
       0.00000000e+00, 0.00000000e+00, 0.00000000e+00, 0.00000000e+00,
       0.00000000e+00, 0.00000000e+00, 0.00000000e+00, 0.00000000e+00,
       0.00000000e+00, 0.00000000e+00, 0.00000000e+00, 0.00000000e+00,
       0.00000000e+00, 0.00000000e+00]),
                     array([0., 0., 0., 0., 0., 0., 0., 0., 0., 0., 0., 0., 0., 0., 0., 0., 0.,
       0., 0., 0., 0., 0., 0., 0., 0., 0., 0., 0., 0., 0., 0., 0., 0., 0.,
       0., 0., 0., 0., 0., 0., 0., 0., 0., 0., 0., 0., 0., 0., 0., 0.]),
                     array([0.00000000e+00, 0.00000000e+00, 0.00000000e+00, 0.00000000e+00,
       0.00000000e+00, 0.00000000e+00, 0.00000000e+00, 0.00000000e+00,
       0.00000000e+00, 0.00000000e+00, 0.00000000e+00, 0.00000000e+00,
       0.00000000e+00, 0.00000000e+00, 0.00000000e+00, 1.78767513e+10,
       0.00000000e+00, 0.00000000e+00, 0.00000000e+00, 0.00000000e+00,
       0.00000000e+00, 0.00000000e+00, 0.00000000e+00, 0.00000000e+00,
       0.00000000e+00, 0.00000000e+00, 0.00000000e+00, 0.00000000e+00,
       0.00000000e+00, 0.00000000e+00, 0.00000000e+00, 0.00000000e+00,
       0.00000000e+00, 0.00000000e+00, 0.00000000e+00, 0.00000000e+00,
       0.00000000e+00, 0.00000000e+00, 0.00000000e+00, 0.00000000e+00,
       0.00000000e+00, 0.00000000e+00, 0.00000000e+00, 0.00000000e+00,
       0.00000000e+00, 0.00000000e+00, 0.00000000e+00, 0.00000000e+00,
       0.00000000e+00, 0.00000000e+00]),
                     array([0.00000000e+00, 0.00000000e+00, 0.00000000e+00, 0.00000000e+00,
       0.00000000e+00, 0.00000000e+00, 3.79456161e+10, 0.00000000e+00,
       0.00000000e+00, 0.00000000e+00, 0.00000000e+00, 0.00000000e+00,
       0.00000000e+00, 0.00000000e+00, 0.00000000e+00, 0.00000000e+00,
       0.00000000e+00, 0.00000000e+00, 0.00000000e+00, 0.00000000e+00,
       0.00000000e+00, 0.00000000e+00, 0.00000000e+00, 0.00000000e+00,
       0.00000000e+00, 0.00000000e+00, 0.00000000e+00, 0.00000000e+00,
       0.00000000e+00, 0.00000000e+00, 0.00000000e+00, 0.00000000e+00,
       2.79143738e+09, 0.00000000e+00, 0.00000000e+00, 0.00000000e+00,
       0.00000000e+00, 0.00000000e+00, 0.00000000e+00, 3.07794489e+08,
       0.00000000e+00, 0.00000000e+00, 0.00000000e+00, 0.00000000e+00,
       0.00000000e+00, 0.00000000e+00, 0.00000000e+00, 0.00000000e+00,
       0.00000000e+00, 0.00000000e+00]),
                     array([0.00000000e+00, 0.00000000e+00, 5.69290272e+10, 0.00000000e+00,
       0.00000000e+00, 1.57382126e+10, 3.07028141e+10, 0.00000000e+00,
       0.00000000e+00, 0.00000000e+00, 0.00000000e+00, 0.00000000e+00,
       0.00000000e+00, 0.00000000e+00, 0.00000000e+00, 0.00000000e+00,
       0.00000000e+00, 0.00000000e+00, 0.00000000e+00, 0.00000000e+00,
       0.00000000e+00, 0.00000000e+00, 0.00000000e+00, 1.02566544e+09,
       2.96146949e+10, 0.00000000e+00, 0.00000000e+00, 0.00000000e+00,
       0.00000000e+00, 0.00000000e+00, 0.00000000e+00, 2.57256308e+10,
       4.57200175e+09, 0.00000000e+00, 7.14123008e+09, 0.00000000e+00,
       4.75014845e+10, 0.00000000e+00, 0.00000000e+00, 3.17388882e+10,
       0.00000000e+00, 0.00000000e+00, 2.14732199e+11, 1.86405073e+10,
       0.00000000e+00, 0.00000000e+00, 0.00000000e+00, 0.00000000e+00,
       0.00000000e+00, 0.00000000e+00]),
                     array([5.30440681e+10, 0.00000000e+00, 6.99527903e+11, 2.45476941e+09,
       4.16735613e+10, 4.01713923e+11, 4.80785268e+10, 0.00000000e+00,
       6.06649551e+09, 8.68520023e+10, 0.00000000e+00, 0.00000000e+00,
       0.00000000e+00, 1.14040535e+11, 4.24922256e+08, 2.77465155e+11,
       0.00000000e+00, 0.00000000e+00, 4.37862638e+08, 0.00000000e+00,
       0.00000000e+00, 6.31644284e+10, 7.26284323e+10, 7.06740412e+11,
       1.27267487e+10, 2.08462285e+09, 0.00000000e+00, 1.23704369e+10,
       0.00000000e+00, 0.00000000e+00, 5.53132439e+09, 3.81059385e+11,
       1.83648421e+11, 0.00000000e+00, 0.00000000e+00, 0.00000000e+00,
       1.01201574e+11, 9.01542078e+08, 4.70625029e+09, 1.99619946e+10,
       2.66861748e+09, 0.00000000e+00, 1.14871698e+12, 1.81785825e+11,
       0.00000000e+00, 0.00000000e+00, 0.00000000e+00, 0.00000000e+00,
       0.00000000e+00, 0.00000000e+00]),
                     array([8.52850432e+09, 0.00000000e+00, 2.87344406e+11, 1.92262626e+09,
       9.68549155e+11, 1.46025518e+11, 2.10293701e+11, 0.00000000e+00,
       7.37596974e+11, 2.06725037e+10, 0.00000000e+00, 0.00000000e+00,
       0.00000000e+00, 6.08974696e+11, 1.98118648e+11, 3.87489348e+10,
       2.24444698e+10, 1.23196312e+11, 7.58540879e+09, 6.46378806e+11,
       3.42026472e+10, 1.79719298e+10, 5.71662129e+08, 3.38751147e+11,
       7.18505916e+10, 1.80408937e+11, 1.11434251e+11, 0.00000000e+00,
       1.48149543e+10, 0.00000000e+00, 2.13145365e+09, 3.85017710e+09,
       4.37917364e+11, 0.00000000e+00, 9.12083797e+11, 5.92631550e+10,
       9.53272836e+10, 1.00011953e+10, 6.35692029e+09, 3.77854071e+09,
       5.98743691e+11, 1.58642170e+10, 3.38096900e+11, 6.25028348e+11,
       0.00000000e+00, 1.24876707e+10, 0.00000000e+00, 0.00000000e+00,
       0.00000000e+00, 0.00000000e+00]),
                     array([5.61938847e+11, 0.00000000e+00, 4.93781685e+08, 9.22390310e+10,
       9.08615467e+11, 1.78753506e+11, 3.41499660e+10, 9.84390773e+08,
       1.28182187e+10, 1.52367633e+11, 2.33788786e+09, 3.89863896e+10,
       9.03592776e+10, 1.69129778e+10, 5.06393953e+10, 3.40372621e+10,
       3.57660620e+11, 4.80416901e+09, 2.16925466e+09, 7.74034012e+10,
       0.00000000e+00, 7.20232640e+10, 0.00000000e+00, 1.60843938e+11,
       1.09622237e+09, 6.88567419e+10, 1.01246406e+11, 9.74069155e+09,
       4.91933054e+09, 0.00000000e+00, 2.24166718e+09, 0.00000000e+00,
       2.86057885e+11, 7.07028275e+11, 7.08465474e+10, 9.40631855e+10,
       4.58792068e+11, 2.02558518e+11, 1.59290176e+07, 0.00000000e+00,
       6.11121401e+11, 3.46508966e+11, 2.08423328e+11, 2.66980584e+11,
       3.49830284e+09, 0.00000000e+00, 0.00000000e+00, 0.00000000e+00,
       2.01904260e+08, 0.00000000e+00]),
                     array([7.48188429e+10, 1.16503568e+10, 2.34425757e+10, 0.00000000e+00,
       0.00000000e+00, 0.00000000e+00, 0.00000000e+00, 3.90121128e+10,
       0.00000000e+00, 2.83041098e+10, 3.16155306e+11, 0.00000000e+00,
       3.14846758e+11, 2.81560418e+09, 0.00000000e+00, 0.00000000e+00,
       2.09842919e+09, 0.00000000e+00, 8.72890027e+09, 2.21786313e+10,
       0.00000000e+00, 7.82725420e+10, 0.00000000e+00, 8.79829963e+08,
       0.00000000e+00, 0.00000000e+00, 2.90723055e+10, 4.28534174e+11,
       6.33859333e+09, 0.00000000e+00, 8.65602874e+08, 2.16225226e+10,
       8.27532806e+10, 2.20012255e+10, 5.66374120e+08, 6.84273747e+09,
       2.29122695e+09, 8.78573354e+09, 7.87843363e+10, 0.00000000e+00,
       1.12048343e+10, 1.94032673e+11, 0.00000000e+00, 0.00000000e+00,
       1.96303572e+10, 0.00000000e+00, 0.00000000e+00, 0.00000000e+00,
       5.75590344e+09, 0.00000000e+00]),
                     array([0.00000000e+00, 0.00000000e+00, 8.08818508e+10, 0.00000000e+00,
       0.00000000e+00, 0.00000000e+00, 0.00000000e+00, 0.00000000e+00,
       3.04679288e+10, 7.90264432e+09, 2.37953277e+11, 0.00000000e+00,
       5.72587968e+11, 2.56568502e+10, 0.00000000e+00, 8.50969535e+08,
       0.00000000e+00, 0.00000000e+00, 0.00000000e+00, 4.97895793e+09,
       0.00000000e+00, 0.00000000e+00, 0.00000000e+00, 1.28008228e+10,
       0.00000000e+00, 1.07204321e+10, 0.00000000e+00, 0.00000000e+00,
       1.63897709e+09, 0.00000000e+00, 0.00000000e+00, 0.00000000e+00,
       0.00000000e+00, 0.00000000e+00, 1.64593021e+09, 7.22120204e+09,
       0.00000000e+00, 8.29224144e+10, 0.00000000e+00, 0.00000000e+00,
       0.00000000e+00, 0.00000000e+00, 0.00000000e+00, 0.00000000e+00,
       0.00000000e+00, 0.00000000e+00, 0.00000000e+00, 0.00000000e+00,
       0.00000000e+00, 0.00000000e+00]),
                     array([0.00000000e+00, 1.94681330e+10, 0.00000000e+00, 0.00000000e+00,
       0.00000000e+00, 0.00000000e+00, 0.00000000e+00, 0.00000000e+00,
       0.00000000e+00, 0.00000000e+00, 0.00000000e+00, 0.00000000e+00,
       4.96110724e+09, 0.00000000e+00, 0.00000000e+00, 0.00000000e+00,
       0.00000000e+00, 0.00000000e+00, 0.00000000e+00, 0.00000000e+00,
       0.00000000e+00, 0.00000000e+00, 0.00000000e+00, 0.00000000e+00,
       0.00000000e+00, 0.00000000e+00, 0.00000000e+00, 0.00000000e+00,
       0.00000000e+00, 0.00000000e+00, 0.00000000e+00, 0.00000000e+00,
       0.00000000e+00, 0.00000000e+00, 5.40850431e+10, 0.00000000e+00,
       0.00000000e+00, 1.29871849e+09, 0.00000000e+00, 0.00000000e+00,
       0.00000000e+00, 0.00000000e+00, 0.00000000e+00, 0.00000000e+00,
       0.00000000e+00, 0.00000000e+00, 0.00000000e+00, 0.00000000e+00,
       0.00000000e+00, 0.00000000e+00]),
                     array([0.00000000e+00, 7.31430672e+10, 0.00000000e+00, 0.00000000e+00,
       0.00000000e+00, 0.00000000e+00, 0.00000000e+00, 0.00000000e+00,
       0.00000000e+00, 0.00000000e+00, 0.00000000e+00, 0.00000000e+00,
       0.00000000e+00, 0.00000000e+00, 0.00000000e+00, 0.00000000e+00,
       0.00000000e+00, 0.00000000e+00, 0.00000000e+00, 0.00000000e+00,
       0.00000000e+00, 0.00000000e+00, 0.00000000e+00, 0.00000000e+00,
       0.00000000e+00, 0.00000000e+00, 0.00000000e+00, 0.00000000e+00,
       0.00000000e+00, 0.00000000e+00, 0.00000000e+00, 0.00000000e+00,
       0.00000000e+00, 0.00000000e+00, 0.00000000e+00, 0.00000000e+00,
       0.00000000e+00, 0.00000000e+00, 0.00000000e+00, 0.00000000e+00,
       0.00000000e+00, 0.00000000e+00, 0.00000000e+00, 0.00000000e+00,
       0.00000000e+00, 0.00000000e+00, 0.00000000e+00, 0.00000000e+00,
       0.00000000e+00, 0.00000000e+00]),
                     array([0., 0., 0., 0., 0., 0., 0., 0., 0., 0., 0., 0., 0., 0., 0., 0., 0.,
       0., 0., 0., 0., 0., 0., 0., 0., 0., 0., 0., 0., 0., 0., 0., 0., 0.,
       0., 0., 0., 0., 0., 0., 0., 0., 0., 0., 0., 0., 0., 0., 0., 0.]),
                     array([0., 0., 0., 0., 0., 0., 0., 0., 0., 0., 0., 0., 0., 0., 0., 0., 0.,
       0., 0., 0., 0., 0., 0., 0., 0., 0., 0., 0., 0., 0., 0., 0., 0., 0.,
       0., 0., 0., 0., 0., 0., 0., 0., 0., 0., 0., 0., 0., 0., 0., 0.]),
                     array([0., 0., 0., 0., 0., 0., 0., 0., 0., 0., 0., 0., 0., 0., 0., 0., 0.,
       0., 0., 0., 0., 0., 0., 0., 0., 0., 0., 0., 0., 0., 0., 0., 0., 0.,
       0., 0., 0., 0., 0., 0., 0., 0., 0., 0., 0., 0., 0., 0., 0., 0.]),
                     array([0.00000000e+00, 0.00000000e+00, 0.00000000e+00, 0.00000000e+00,
       0.00000000e+00, 0.00000000e+00, 0.00000000e+00, 0.00000000e+00,
       0.00000000e+00, 0.00000000e+00, 0.00000000e+00, 0.00000000e+00,
       0.00000000e+00, 0.00000000e+00, 0.00000000e+00, 0.00000000e+00,
       0.00000000e+00, 0.00000000e+00, 0.00000000e+00, 0.00000000e+00,
       0.00000000e+00, 0.00000000e+00, 0.00000000e+00, 0.00000000e+00,
       0.00000000e+00, 0.00000000e+00, 0.00000000e+00, 3.11473092e+08,
       0.00000000e+00, 0.00000000e+00, 0.00000000e+00, 0.00000000e+00,
       0.00000000e+00, 0.00000000e+00, 0.00000000e+00, 0.00000000e+00,
       0.00000000e+00, 0.00000000e+00, 0.00000000e+00, 0.00000000e+00,
       0.00000000e+00, 0.00000000e+00, 0.00000000e+00, 0.00000000e+00,
       0.00000000e+00, 0.00000000e+00, 0.00000000e+00, 0.00000000e+00,
       0.00000000e+00, 0.00000000e+00]),
                     array([0.00000000e+00, 0.00000000e+00, 0.00000000e+00, 0.00000000e+00,
       0.00000000e+00, 0.00000000e+00, 0.00000000e+00, 0.00000000e+00,
       0.00000000e+00, 0.00000000e+00, 0.00000000e+00, 1.38077071e+09,
       0.00000000e+00, 0.00000000e+00, 5.80950499e+10, 0.00000000e+00,
       0.00000000e+00, 0.00000000e+00, 4.91372580e+09, 0.00000000e+00,
       0.00000000e+00, 0.00000000e+00, 0.00000000e+00, 0.00000000e+00,
       0.00000000e+00, 0.00000000e+00, 0.00000000e+00, 1.29333059e+11,
       0.00000000e+00, 0.00000000e+00, 0.00000000e+00, 0.00000000e+00,
       0.00000000e+00, 0.00000000e+00, 0.00000000e+00, 2.48517651e+11,
       0.00000000e+00, 1.87129195e+10, 0.00000000e+00, 0.00000000e+00,
       0.00000000e+00, 0.00000000e+00, 0.00000000e+00, 0.00000000e+00,
       0.00000000e+00, 0.00000000e+00, 0.00000000e+00, 0.00000000e+00,
       0.00000000e+00, 0.00000000e+00]),
                     array([0.00000000e+00, 0.00000000e+00, 0.00000000e+00, 0.00000000e+00,
       3.89077233e+10, 1.66616187e+11, 1.20928782e+08, 0.00000000e+00,
       0.00000000e+00, 0.00000000e+00, 0.00000000e+00, 0.00000000e+00,
       0.00000000e+00, 6.25040700e+10, 4.31607325e+10, 0.00000000e+00,
       0.00000000e+00, 0.00000000e+00, 4.87964505e+10, 2.65380923e+10,
       0.00000000e+00, 7.57836277e+09, 0.00000000e+00, 2.14319789e+10,
       0.00000000e+00, 0.00000000e+00, 3.41760476e+09, 0.00000000e+00,
       0.00000000e+00, 0.00000000e+00, 3.85916949e+08, 0.00000000e+00,
       5.78675650e+11, 0.00000000e+00, 0.00000000e+00, 6.95477887e+10,
       0.00000000e+00, 0.00000000e+00, 0.00000000e+00, 0.00000000e+00,
       2.55353380e+10, 0.00000000e+00, 1.57578720e+10, 0.00000000e+00,
       0.00000000e+00, 3.77305198e+08, 0.00000000e+00, 0.00000000e+00,
       0.00000000e+00, 4.02993656e+10]),
                     array([0.00000000e+00, 0.00000000e+00, 0.00000000e+00, 0.00000000e+00,
       7.92763442e+07, 1.55074818e+11, 0.00000000e+00, 0.00000000e+00,
       0.00000000e+00, 0.00000000e+00, 0.00000000e+00, 0.00000000e+00,
       0.00000000e+00, 4.46079079e+11, 1.66225840e+11, 1.03228853e+09,
       1.86683885e+11, 1.16613808e+10, 0.00000000e+00, 4.19978122e+11,
       1.83045427e+09, 1.48338669e+11, 0.00000000e+00, 2.94624308e+10,
       0.00000000e+00, 1.11015327e+10, 1.58101815e+10, 1.43762361e+11,
       2.71752295e+11, 0.00000000e+00, 5.61652698e+11, 1.61587291e+11,
       0.00000000e+00, 0.00000000e+00, 5.96535408e+10, 0.00000000e+00,
       1.08964390e+11, 2.99948724e+09, 0.00000000e+00, 0.00000000e+00,
       2.36526312e+11, 1.80267854e+10, 1.17324956e+11, 0.00000000e+00,
       0.00000000e+00, 6.97004621e+10, 1.70616054e+11, 0.00000000e+00,
       6.45754749e+10, 1.06985274e+11]),
                     array([0.00000000e+00, 0.00000000e+00, 0.00000000e+00, 0.00000000e+00,
       0.00000000e+00, 1.27336115e+11, 0.00000000e+00, 3.28751233e+10,
       0.00000000e+00, 5.85830560e+11, 0.00000000e+00, 0.00000000e+00,
       0.00000000e+00, 0.00000000e+00, 0.00000000e+00, 3.51343532e+10,
       0.00000000e+00, 0.00000000e+00, 0.00000000e+00, 3.41659587e+08,
       3.00324223e+08, 8.31149285e+09, 0.00000000e+00, 3.45403448e+10,
       0.00000000e+00, 8.38714807e+10, 3.47643595e+10, 2.38535966e+11,
       2.69573204e+09, 0.00000000e+00, 2.53523152e+11, 4.14628286e+11,
       5.75213348e+09, 7.92632286e+10, 1.50302316e+11, 0.00000000e+00,
       4.49256212e+10, 7.70039575e+11, 1.36174469e+11, 6.63476276e+10,
       0.00000000e+00, 1.92538260e+11, 7.03243208e+10, 4.63157451e+10,
       2.50750978e+10, 1.05020942e+12, 2.77189424e+11, 1.79122067e+10,
       4.36724132e+11, 2.39743331e+11]),
                     array([6.96785219e+10, 0.00000000e+00, 0.00000000e+00, 4.18666406e+09,
       0.00000000e+00, 1.13090097e+09, 0.00000000e+00, 1.24794569e+10,
       0.00000000e+00, 4.84938340e+08, 2.49766810e+09, 0.00000000e+00,
       1.91324038e+10, 6.44876176e+10, 0.00000000e+00, 0.00000000e+00,
       0.00000000e+00, 0.00000000e+00, 0.00000000e+00, 8.91289836e+09,
       0.00000000e+00, 0.00000000e+00, 0.00000000e+00, 3.82847731e+10,
       0.00000000e+00, 0.00000000e+00, 0.00000000e+00, 1.94241543e+10,
       3.30229641e+09, 7.40996977e+06, 2.55545159e+10, 3.87867046e+10,
       0.00000000e+00, 9.70397879e+10, 1.84181501e+11, 0.00000000e+00,
       0.00000000e+00, 2.04942793e+11, 0.00000000e+00, 0.00000000e+00,
       1.21478203e+10, 1.17681132e+11, 3.97291480e+10, 1.39502788e+11,
       1.49497705e+10, 5.30654540e+10, 0.00000000e+00, 2.33938806e+10,
       0.00000000e+00, 8.83055243e+08]),
                     array([0.00000000e+00, 0.00000000e+00, 0.00000000e+00, 3.83852276e+07,
       0.00000000e+00, 0.00000000e+00, 0.00000000e+00, 4.06630500e+10,
       0.00000000e+00, 0.00000000e+00, 0.00000000e+00, 0.00000000e+00,
       0.00000000e+00, 4.93419385e+08, 0.00000000e+00, 0.00000000e+00,
       3.12820339e+09, 0.00000000e+00, 2.37813702e+08, 2.72968712e+09,
       2.54760066e+11, 0.00000000e+00, 0.00000000e+00, 9.82826033e+07,
       0.00000000e+00, 0.00000000e+00, 0.00000000e+00, 1.77470847e+10,
       0.00000000e+00, 0.00000000e+00, 2.53759483e+10, 3.04522229e+09,
       0.00000000e+00, 4.58184696e+09, 8.78866643e+10, 0.00000000e+00,
       0.00000000e+00, 5.96182884e+10, 1.11332963e+10, 0.00000000e+00,
       0.00000000e+00, 3.06370971e+11, 0.00000000e+00, 1.49283852e+09,
       0.00000000e+00, 0.00000000e+00, 0.00000000e+00, 6.14111121e+10,
       0.00000000e+00, 0.00000000e+00]),
                     array([0.00000000e+00, 0.00000000e+00, 0.00000000e+00, 0.00000000e+00,
       0.00000000e+00, 0.00000000e+00, 0.00000000e+00, 0.00000000e+00,
       0.00000000e+00, 7.35306729e+09, 0.00000000e+00, 3.65680407e+09,
       0.00000000e+00, 0.00000000e+00, 0.00000000e+00, 0.00000000e+00,
       0.00000000e+00, 0.00000000e+00, 3.12341398e+09, 0.00000000e+00,
       0.00000000e+00, 0.00000000e+00, 0.00000000e+00, 0.00000000e+00,
       0.00000000e+00, 4.51770333e+09, 0.00000000e+00, 0.00000000e+00,
       0.00000000e+00, 0.00000000e+00, 0.00000000e+00, 0.00000000e+00,
       0.00000000e+00, 0.00000000e+00, 0.00000000e+00, 0.00000000e+00,
       0.00000000e+00, 0.00000000e+00, 1.33015392e+10, 0.00000000e+00,
       0.00000000e+00, 0.00000000e+00, 0.00000000e+00, 1.47559543e+07,
       0.00000000e+00, 2.73983724e+10, 0.00000000e+00, 0.00000000e+00,
       0.00000000e+00, 0.00000000e+00]),
                     array([0., 0., 0., 0., 0., 0., 0., 0., 0., 0., 0., 0., 0., 0., 0., 0., 0.,
       0., 0., 0., 0., 0., 0., 0., 0., 0., 0., 0., 0., 0., 0., 0., 0., 0.,
       0., 0., 0., 0., 0., 0., 0., 0., 0., 0., 0., 0., 0., 0., 0., 0.]),
                     array([0., 0., 0., 0., 0., 0., 0., 0., 0., 0., 0., 0., 0., 0., 0., 0., 0.,
       0., 0., 0., 0., 0., 0., 0., 0., 0., 0., 0., 0., 0., 0., 0., 0., 0.,
       0., 0., 0., 0., 0., 0., 0., 0., 0., 0., 0., 0., 0., 0., 0., 0.]),
                     array([0., 0., 0., 0., 0., 0., 0., 0., 0., 0., 0., 0., 0., 0., 0., 0., 0.,
       0., 0., 0., 0., 0., 0., 0., 0., 0., 0., 0., 0., 0., 0., 0., 0., 0.,
       0., 0., 0., 0., 0., 0., 0., 0., 0., 0., 0., 0., 0., 0., 0., 0.]),
                     array([0., 0., 0., 0., 0., 0., 0., 0., 0., 0., 0., 0., 0., 0., 0., 0., 0.,
       0., 0., 0., 0., 0., 0., 0., 0., 0., 0., 0., 0., 0., 0., 0., 0., 0.,
       0., 0., 0., 0., 0., 0., 0., 0., 0., 0., 0., 0., 0., 0., 0., 0.]),
                     array([0., 0., 0., 0., 0., 0., 0., 0., 0., 0., 0., 0., 0., 0., 0., 0., 0.,
       0., 0., 0., 0., 0., 0., 0., 0., 0., 0., 0., 0., 0., 0., 0., 0., 0.,
       0., 0., 0., 0., 0., 0., 0., 0., 0., 0., 0., 0., 0., 0., 0., 0.]),
                     array([0., 0., 0., 0., 0., 0., 0., 0., 0., 0., 0., 0., 0., 0., 0., 0., 0.,
       0., 0., 0., 0., 0., 0., 0., 0., 0., 0., 0., 0., 0., 0., 0., 0., 0.,
       0., 0., 0., 0., 0., 0., 0., 0., 0., 0., 0., 0., 0., 0., 0., 0.]),
                     array([0.00000000e+00, 0.00000000e+00, 0.00000000e+00, 0.00000000e+00,
       0.00000000e+00, 0.00000000e+00, 0.00000000e+00, 0.00000000e+00,
       6.01786975e+08, 0.00000000e+00, 0.00000000e+00, 0.00000000e+00,
       0.00000000e+00, 0.00000000e+00, 0.00000000e+00, 0.00000000e+00,
       0.00000000e+00, 0.00000000e+00, 0.00000000e+00, 0.00000000e+00,
       0.00000000e+00, 0.00000000e+00, 0.00000000e+00, 2.19745331e+10,
       0.00000000e+00, 0.00000000e+00, 0.00000000e+00, 1.40328551e+09,
       0.00000000e+00, 1.77666907e+09, 0.00000000e+00, 0.00000000e+00,
       0.00000000e+00, 0.00000000e+00, 0.00000000e+00, 0.00000000e+00,
       0.00000000e+00, 0.00000000e+00, 0.00000000e+00, 0.00000000e+00,
       0.00000000e+00, 0.00000000e+00, 0.00000000e+00, 0.00000000e+00,
       0.00000000e+00, 0.00000000e+00, 0.00000000e+00, 0.00000000e+00,
       0.00000000e+00, 0.00000000e+00]),
                     array([6.89297786e+08, 0.00000000e+00, 0.00000000e+00, 0.00000000e+00,
       9.30225551e+10, 5.24858479e+09, 2.11417694e+11, 0.00000000e+00,
       0.00000000e+00, 1.66185901e+10, 0.00000000e+00, 0.00000000e+00,
       0.00000000e+00, 0.00000000e+00, 0.00000000e+00, 0.00000000e+00,
       0.00000000e+00, 0.00000000e+00, 0.00000000e+00, 2.49945339e+10,
       0.00000000e+00, 0.00000000e+00, 2.54197690e+10, 3.51821840e+08,
       4.75372828e+09, 6.68634146e+10, 8.62916248e+09, 2.76562567e+10,
       0.00000000e+00, 8.17562590e+08, 0.00000000e+00, 3.13516835e+11,
       0.00000000e+00, 0.00000000e+00, 0.00000000e+00, 0.00000000e+00,
       0.00000000e+00, 6.39767608e+08, 0.00000000e+00, 0.00000000e+00,
       0.00000000e+00, 0.00000000e+00, 0.00000000e+00, 5.35257548e+08,
       1.18197292e+10, 0.00000000e+00, 0.00000000e+00, 1.08733463e+11,
       0.00000000e+00, 0.00000000e+00]),
                     array([6.90444727e+10, 0.00000000e+00, 6.64159353e+10, 0.00000000e+00,
       2.30928611e+11, 2.41464240e+11, 1.86366263e+10, 0.00000000e+00,
       0.00000000e+00, 1.78354658e+10, 0.00000000e+00, 0.00000000e+00,
       0.00000000e+00, 3.41533182e+10, 8.54872982e+10, 0.00000000e+00,
       1.60773170e+10, 0.00000000e+00, 3.62945528e+09, 2.28766408e+10,
       0.00000000e+00, 0.00000000e+00, 6.77264931e+08, 2.35402174e+08,
       5.05647256e+10, 0.00000000e+00, 9.58164481e+09, 0.00000000e+00,
       0.00000000e+00, 2.32496758e+09, 0.00000000e+00, 5.07953799e+11,
       0.00000000e+00, 7.77863188e+09, 0.00000000e+00, 0.00000000e+00,
       0.00000000e+00, 1.60073957e+09, 0.00000000e+00, 0.00000000e+00,
       0.00000000e+00, 0.00000000e+00, 0.00000000e+00, 0.00000000e+00,
       1.00182621e+09, 0.00000000e+00, 0.00000000e+00, 2.16526761e+10,
       0.00000000e+00, 4.76275836e+10]),
                     array([1.70162063e+11, 0.00000000e+00, 3.88846695e+10, 0.00000000e+00,
       7.05255220e+10, 3.82761958e+10, 0.00000000e+00, 1.39084963e+08,
       0.00000000e+00, 1.29646651e+11, 0.00000000e+00, 0.00000000e+00,
       0.00000000e+00, 1.07203587e+10, 0.00000000e+00, 0.00000000e+00,
       0.00000000e+00, 0.00000000e+00, 0.00000000e+00, 0.00000000e+00,
       0.00000000e+00, 0.00000000e+00, 0.00000000e+00, 0.00000000e+00,
       2.97386354e+10, 0.00000000e+00, 0.00000000e+00, 0.00000000e+00,
       0.00000000e+00, 2.51139663e+08, 4.63696307e+09, 4.96075302e+09,
       1.10866960e+11, 1.22226961e+11, 0.00000000e+00, 5.39093715e+10,
       0.00000000e+00, 0.00000000e+00, 0.00000000e+00, 0.00000000e+00,
       0.00000000e+00, 0.00000000e+00, 0.00000000e+00, 0.00000000e+00,
       6.85361738e+10, 0.00000000e+00, 0.00000000e+00, 1.94584729e+10,
       3.95857076e+10, 0.00000000e+00]),
                     array([1.29963654e+11, 0.00000000e+00, 0.00000000e+00, 0.00000000e+00,
       0.00000000e+00, 0.00000000e+00, 0.00000000e+00, 1.52136948e+10,
       0.00000000e+00, 0.00000000e+00, 0.00000000e+00, 0.00000000e+00,
       0.00000000e+00, 0.00000000e+00, 0.00000000e+00, 0.00000000e+00,
       0.00000000e+00, 0.00000000e+00, 0.00000000e+00, 0.00000000e+00,
       5.27839645e+10, 0.00000000e+00, 0.00000000e+00, 0.00000000e+00,
       5.14277466e+09, 0.00000000e+00, 0.00000000e+00, 0.00000000e+00,
       0.00000000e+00, 0.00000000e+00, 3.86371705e+07, 0.00000000e+00,
       0.00000000e+00, 1.04818607e+08, 0.00000000e+00, 0.00000000e+00,
       0.00000000e+00, 0.00000000e+00, 0.00000000e+00, 0.00000000e+00,
       0.00000000e+00, 0.00000000e+00, 0.00000000e+00, 0.00000000e+00,
       2.30725685e+11, 0.00000000e+00, 0.00000000e+00, 0.00000000e+00,
       0.00000000e+00, 2.08827257e+10]),
                     array([0.00000000e+00, 0.00000000e+00, 0.00000000e+00, 0.00000000e+00,
       0.00000000e+00, 0.00000000e+00, 0.00000000e+00, 2.16867648e+08,
       0.00000000e+00, 0.00000000e+00, 0.00000000e+00, 0.00000000e+00,
       0.00000000e+00, 0.00000000e+00, 0.00000000e+00, 0.00000000e+00,
       0.00000000e+00, 0.00000000e+00, 0.00000000e+00, 0.00000000e+00,
       0.00000000e+00, 0.00000000e+00, 0.00000000e+00, 0.00000000e+00,
       0.00000000e+00, 0.00000000e+00, 0.00000000e+00, 0.00000000e+00,
       0.00000000e+00, 0.00000000e+00, 0.00000000e+00, 0.00000000e+00,
       0.00000000e+00, 0.00000000e+00, 0.00000000e+00, 0.00000000e+00,
       0.00000000e+00, 0.00000000e+00, 0.00000000e+00, 0.00000000e+00,
       0.00000000e+00, 0.00000000e+00, 0.00000000e+00, 0.00000000e+00,
       0.00000000e+00, 0.00000000e+00, 0.00000000e+00, 0.00000000e+00,
       0.00000000e+00, 0.00000000e+00]),
                     array([0., 0., 0., 0., 0., 0., 0., 0., 0., 0., 0., 0., 0., 0., 0., 0., 0.,
       0., 0., 0., 0., 0., 0., 0., 0., 0., 0., 0., 0., 0., 0., 0., 0., 0.,
       0., 0., 0., 0., 0., 0., 0., 0., 0., 0., 0., 0., 0., 0., 0., 0.]),
                     array([0., 0., 0., 0., 0., 0., 0., 0., 0., 0., 0., 0., 0., 0., 0., 0., 0.,
       0., 0., 0., 0., 0., 0., 0., 0., 0., 0., 0., 0., 0., 0., 0., 0., 0.,
       0., 0., 0., 0., 0., 0., 0., 0., 0., 0., 0., 0., 0., 0., 0., 0.]),
                     array([0., 0., 0., 0., 0., 0., 0., 0., 0., 0., 0., 0., 0., 0., 0., 0., 0.,
       0., 0., 0., 0., 0., 0., 0., 0., 0., 0., 0., 0., 0., 0., 0., 0., 0.,
       0., 0., 0., 0., 0., 0., 0., 0., 0., 0., 0., 0., 0., 0., 0., 0.]),
                     array([0., 0., 0., 0., 0., 0., 0., 0., 0., 0., 0., 0., 0., 0., 0., 0., 0.,
       0., 0., 0., 0., 0., 0., 0., 0., 0., 0., 0., 0., 0., 0., 0., 0., 0.,
       0., 0., 0., 0., 0., 0., 0., 0., 0., 0., 0., 0., 0., 0., 0., 0.]),
                     array([0., 0., 0., 0., 0., 0., 0., 0., 0., 0., 0., 0., 0., 0., 0., 0., 0.,
       0., 0., 0., 0., 0., 0., 0., 0., 0., 0., 0., 0., 0., 0., 0., 0., 0.,
       0., 0., 0., 0., 0., 0., 0., 0., 0., 0., 0., 0., 0., 0., 0., 0.]),
                     array([0.00000000e+00, 0.00000000e+00, 0.00000000e+00, 0.00000000e+00,
       0.00000000e+00, 0.00000000e+00, 0.00000000e+00, 0.00000000e+00,
       0.00000000e+00, 0.00000000e+00, 0.00000000e+00, 0.00000000e+00,
       0.00000000e+00, 0.00000000e+00, 0.00000000e+00, 0.00000000e+00,
       0.00000000e+00, 0.00000000e+00, 0.00000000e+00, 0.00000000e+00,
       0.00000000e+00, 0.00000000e+00, 0.00000000e+00, 0.00000000e+00,
       0.00000000e+00, 0.00000000e+00, 0.00000000e+00, 0.00000000e+00,
       0.00000000e+00, 0.00000000e+00, 0.00000000e+00, 0.00000000e+00,
       0.00000000e+00, 0.00000000e+00, 0.00000000e+00, 0.00000000e+00,
       0.00000000e+00, 0.00000000e+00, 0.00000000e+00, 1.84375949e+10,
       0.00000000e+00, 0.00000000e+00, 0.00000000e+00, 0.00000000e+00,
       0.00000000e+00, 0.00000000e+00, 0.00000000e+00, 0.00000000e+00,
       0.00000000e+00, 0.00000000e+00]),
                     array([0.00000000e+00, 0.00000000e+00, 0.00000000e+00, 0.00000000e+00,
       0.00000000e+00, 0.00000000e+00, 0.00000000e+00, 0.00000000e+00,
       0.00000000e+00, 0.00000000e+00, 0.00000000e+00, 0.00000000e+00,
       0.00000000e+00, 0.00000000e+00, 0.00000000e+00, 0.00000000e+00,
       0.00000000e+00, 0.00000000e+00, 0.00000000e+00, 0.00000000e+00,
       0.00000000e+00, 0.00000000e+00, 0.00000000e+00, 0.00000000e+00,
       0.00000000e+00, 3.73391745e+10, 0.00000000e+00, 0.00000000e+00,
       0.00000000e+00, 0.00000000e+00, 0.00000000e+00, 0.00000000e+00,
       0.00000000e+00, 0.00000000e+00, 0.00000000e+00, 0.00000000e+00,
       0.00000000e+00, 0.00000000e+00, 0.00000000e+00, 7.81660300e+10,
       0.00000000e+00, 0.00000000e+00, 0.00000000e+00, 0.00000000e+00,
       0.00000000e+00, 0.00000000e+00, 0.00000000e+00, 0.00000000e+00,
       0.00000000e+00, 0.00000000e+00]),
                     array([0.00000000e+00, 0.00000000e+00, 1.58748977e+11, 0.00000000e+00,
       0.00000000e+00, 0.00000000e+00, 0.00000000e+00, 0.00000000e+00,
       0.00000000e+00, 3.49571425e+07, 0.00000000e+00, 0.00000000e+00,
       0.00000000e+00, 0.00000000e+00, 1.18105482e+10, 4.90299325e+09,
       0.00000000e+00, 0.00000000e+00, 0.00000000e+00, 0.00000000e+00,
       0.00000000e+00, 0.00000000e+00, 0.00000000e+00, 7.17448750e+09,
       0.00000000e+00, 4.32461467e+07, 0.00000000e+00, 0.00000000e+00,
       0.00000000e+00, 0.00000000e+00, 0.00000000e+00, 0.00000000e+00,
       0.00000000e+00, 1.32051821e+10, 0.00000000e+00, 0.00000000e+00,
       0.00000000e+00, 0.00000000e+00, 0.00000000e+00, 0.00000000e+00,
       0.00000000e+00, 0.00000000e+00, 0.00000000e+00, 0.00000000e+00,
       0.00000000e+00, 0.00000000e+00, 0.00000000e+00, 0.00000000e+00,
       0.00000000e+00, 7.63986886e+07]),
                     array([0.00000000e+00, 0.00000000e+00, 2.25371310e+11, 0.00000000e+00,
       9.28755030e+08, 2.08564256e+10, 1.56992105e+10, 0.00000000e+00,
       1.97302092e+09, 4.98781179e+11, 0.00000000e+00, 0.00000000e+00,
       1.42978767e+09, 0.00000000e+00, 0.00000000e+00, 3.36483673e+10,
       0.00000000e+00, 0.00000000e+00, 0.00000000e+00, 0.00000000e+00,
       0.00000000e+00, 0.00000000e+00, 0.00000000e+00, 1.80166463e+11,
       0.00000000e+00, 0.00000000e+00, 1.55719418e+11, 0.00000000e+00,
       0.00000000e+00, 0.00000000e+00, 4.64811555e+09, 2.08140256e+10,
       0.00000000e+00, 1.05350684e+10, 0.00000000e+00, 0.00000000e+00,
       0.00000000e+00, 1.29022486e+11, 3.56641841e+10, 0.00000000e+00,
       0.00000000e+00, 0.00000000e+00, 1.28449717e+09, 4.38191171e+10,
       2.66094788e+10, 0.00000000e+00, 3.75475509e+09, 0.00000000e+00,
       1.07899812e+11, 0.00000000e+00]),
                     array([0.00000000e+00, 0.00000000e+00, 4.58731146e+08, 0.00000000e+00,
       0.00000000e+00, 1.66044245e+10, 7.11273316e+09, 0.00000000e+00,
       0.00000000e+00, 1.06425910e+11, 9.01592289e+10, 0.00000000e+00,
       6.36464916e+10, 0.00000000e+00, 0.00000000e+00, 0.00000000e+00,
       0.00000000e+00, 0.00000000e+00, 0.00000000e+00, 1.40153929e+10,
       0.00000000e+00, 0.00000000e+00, 0.00000000e+00, 0.00000000e+00,
       0.00000000e+00, 0.00000000e+00, 8.79108572e+07, 0.00000000e+00,
       0.00000000e+00, 0.00000000e+00, 0.00000000e+00, 0.00000000e+00,
       0.00000000e+00, 0.00000000e+00, 1.05500292e+10, 0.00000000e+00,
       0.00000000e+00, 0.00000000e+00, 0.00000000e+00, 0.00000000e+00,
       0.00000000e+00, 1.98439499e+10, 8.85225093e+09, 6.15740103e+09,
       0.00000000e+00, 8.62780138e+09, 2.19987902e+10, 0.00000000e+00,
       3.84559725e+11, 0.00000000e+00]),
                     array([0.00000000e+00, 0.00000000e+00, 0.00000000e+00, 0.00000000e+00,
       0.00000000e+00, 0.00000000e+00, 2.78332564e+09, 0.00000000e+00,
       2.29289413e+08, 0.00000000e+00, 1.28625169e+10, 0.00000000e+00,
       9.51130023e+09, 0.00000000e+00, 0.00000000e+00, 0.00000000e+00,
       0.00000000e+00, 0.00000000e+00, 7.39964443e+09, 0.00000000e+00,
       4.13483343e+07, 0.00000000e+00, 0.00000000e+00, 0.00000000e+00,
       0.00000000e+00, 0.00000000e+00, 0.00000000e+00, 0.00000000e+00,
       0.00000000e+00, 0.00000000e+00, 0.00000000e+00, 0.00000000e+00,
       0.00000000e+00, 0.00000000e+00, 0.00000000e+00, 0.00000000e+00,
       0.00000000e+00, 0.00000000e+00, 2.03231678e+08, 0.00000000e+00,
       0.00000000e+00, 4.27869224e+08, 1.71061512e+09, 0.00000000e+00,
       9.38381775e+09, 0.00000000e+00, 0.00000000e+00, 0.00000000e+00,
       7.03022155e+08, 0.00000000e+00]),
                     array([0., 0., 0., 0., 0., 0., 0., 0., 0., 0., 0., 0., 0., 0., 0., 0., 0.,
       0., 0., 0., 0., 0., 0., 0., 0., 0., 0., 0., 0., 0., 0., 0., 0., 0.,
       0., 0., 0., 0., 0., 0., 0., 0., 0., 0., 0., 0., 0., 0., 0., 0.]),
                     array([0.00000000e+00, 0.00000000e+00, 0.00000000e+00, 0.00000000e+00,
       0.00000000e+00, 0.00000000e+00, 0.00000000e+00, 8.02241697e+08,
       0.00000000e+00, 0.00000000e+00, 0.00000000e+00, 0.00000000e+00,
       0.00000000e+00, 0.00000000e+00, 0.00000000e+00, 0.00000000e+00,
       0.00000000e+00, 0.00000000e+00, 0.00000000e+00, 0.00000000e+00,
       0.00000000e+00, 0.00000000e+00, 0.00000000e+00, 0.00000000e+00,
       0.00000000e+00, 0.00000000e+00, 0.00000000e+00, 0.00000000e+00,
       0.00000000e+00, 0.00000000e+00, 0.00000000e+00, 0.00000000e+00,
       0.00000000e+00, 0.00000000e+00, 0.00000000e+00, 0.00000000e+00,
       0.00000000e+00, 0.00000000e+00, 0.00000000e+00, 0.00000000e+00,
       0.00000000e+00, 0.00000000e+00, 0.00000000e+00, 0.00000000e+00,
       0.00000000e+00, 0.00000000e+00, 0.00000000e+00, 0.00000000e+00,
       0.00000000e+00, 0.00000000e+00]),
                     array([0., 0., 0., 0., 0., 0., 0., 0., 0., 0., 0., 0., 0., 0., 0., 0., 0.,
       0., 0., 0., 0., 0., 0., 0., 0., 0., 0., 0., 0., 0., 0., 0., 0., 0.,
       0., 0., 0., 0., 0., 0., 0., 0., 0., 0., 0., 0., 0., 0., 0., 0.])],
         'r': 10.0,
         'r_factor': 10,
         'tol_factor': 0.5},
 'ftol': 1e-05,
 'maxiter': 20,
 'method': 'Newton-CG',
 'savedata': ['alpha', 'obj_func_values', 'epf'],
 'step_size_adapt': 2}
2025-10-13 13:26:50 : INFO : popt.loop.optimize :        iter       alpha_iter obj_func        step-size       cov[0,0]        
2025-10-13 13:26:50 : INFO : popt.loop.optimize :        0                     4.0409e+02     
2025-10-13 13:26:50 : INFO : popt.loop.optimize :        -----> EPF-EnOpt: 0, 10.0 (outer iteration, penalty factor)
2025-10-13 13:32:43 : INFO : popt.loop.optimize :        1          0          2.7785e+02      1.00e-01        2.47e-03       
2025-10-13 13:38:46 : INFO : popt.loop.optimize :        2          0          2.4392e+02      1.00e-01        2.50e-03       
2025-10-13 13:45:08 : INFO : popt.loop.optimize :        3          0          2.1604e+02      1.00e-01        2.52e-03       
2025-10-13 13:51:32 : INFO : popt.loop.optimize :        4          0          2.0156e+02      1.00e-01        2.54e-03       
2025-10-13 13:58:13 : INFO : popt.loop.optimize :        5          0          1.8074e+02      1.00e-01        2.55e-03       
2025-10-13 14:05:01 : INFO : popt.loop.optimize :        6          0          1.5321e+02      1.00e-01        2.54e-03       
2025-10-13 14:11:36 : INFO : popt.loop.optimize :        7          0          1.4445e+02      1.00e-01        2.52e-03       
2025-10-13 14:18:19 : INFO : popt.loop.optimize :        8          0          1.2888e+02      1.00e-01        2.52e-03       
2025-10-13 14:25:14 : INFO : popt.loop.optimize :        9          0          1.1310e+02      1.00e-01        2.51e-03       
2025-10-13 14:32:16 : INFO : popt.loop.optimize :        10         0          1.0521e+02      1.00e-01        2.52e-03       
2025-10-13 14:57:51 : INFO : popt.loop.optimize :        11         5          1.0504e+02      3.13e-03        2.56e-03       
2025-10-13 15:05:41 : INFO : popt.loop.optimize :        12         0          1.0309e+02      1.00e-01        2.57e-03       
2025-10-13 15:12:29 : INFO : popt.loop.optimize :        13         0          9.4948e+01      1.00e-01        2.54e-03       
2025-10-13 15:20:39 : INFO : popt.loop.optimize :        14         0          8.3264e+01      1.00e-01        2.53e-03       
2025-10-13 15:27:26 : INFO : popt.loop.optimize :        15         0          7.5390e+01      1.00e-01        2.57e-03       
2025-10-13 15:34:42 : INFO : popt.loop.optimize :        16         0          7.0648e+01      1.00e-01        2.57e-03       
2025-10-13 15:42:43 : INFO : popt.loop.optimize :        17         0          6.5484e+01      1.00e-01        2.56e-03       
2025-10-13 15:51:15 : INFO : popt.loop.optimize :        18         0          6.0964e+01      1.00e-01        2.57e-03       
2025-10-13 16:16:07 : INFO : popt.loop.optimize :        19         4          6.0922e+01      6.25e-03        2.57e-03       
2025-10-13 16:24:15 : INFO : popt.loop.optimize :        20         0          5.8637e+01      1.00e-01        2.58e-03       
2025-10-13 16:24:15 : INFO : popt.loop.optimize :        Optimization converged in 20 iterations 
2025-10-13 16:24:15 : INFO : popt.loop.optimize :        Optimization converged with final obj_func = 58.6368
2025-10-13 16:24:15 : INFO : popt.loop.optimize :        Total number of function evaluations = 30
2025-10-13 16:24:15 : INFO : popt.loop.optimize :        Total number of jacobi evaluations = 20
2025-10-13 16:24:15 : INFO : popt.loop.optimize :        Total elapsed time = 180.24 minutes
2025-10-13 16:24:15 : INFO : popt.loop.optimize :        ============================================
2025-10-13 16:28:13 : INFO : popt.loop.optimize :        -----> EPF-EnOpt: 1, 100.0 (outer iteration, penalty factor)
2025-10-13 16:36:52 : INFO : popt.loop.optimize :        1          0          5.7768e+02      1.00e-01        2.57e-03       
2025-10-13 16:45:14 : INFO : popt.loop.optimize :        2          0          4.9762e+02      1.00e-01        2.59e-03       
2025-10-13 17:06:03 : INFO : popt.loop.optimize :        3          3          4.9613e+02      1.25e-02        2.61e-03       
2025-10-13 17:30:10 : INFO : popt.loop.optimize :        4          4          4.9479e+02      6.25e-03        2.58e-03       
2025-10-13 17:48:52 : INFO : popt.loop.optimize :        5          2          4.9446e+02      2.50e-02        2.61e-03       
2025-10-13 17:58:04 : INFO : popt.loop.optimize :        6          0          4.7786e+02      1.00e-01        2.63e-03       
2025-10-13 18:10:16 : INFO : popt.loop.optimize :        7          0          4.4571e+02      1.00e-01        2.65e-03       
2025-10-13 18:20:02 : INFO : popt.loop.optimize :        8          0          4.3973e+02      1.00e-01        2.66e-03       
2025-10-13 18:48:15 : INFO : popt.loop.optimize :        Optimization converged in 8 iterations 
2025-10-13 18:48:15 : INFO : popt.loop.optimize :        Optimization converged with final obj_func = 439.7266
2025-10-13 18:48:15 : INFO : popt.loop.optimize :        Total number of function evaluations = 48
2025-10-13 18:48:15 : INFO : popt.loop.optimize :        Total number of jacobi evaluations = 28
2025-10-13 18:48:15 : INFO : popt.loop.optimize :        Total elapsed time = 324.24 minutes
2025-10-13 18:48:15 : INFO : popt.loop.optimize :        ============================================
2025-10-13 18:52:45 : INFO : popt.loop.optimize :        -----> EPF-EnOpt: 2, 1000.0 (outer iteration, penalty factor)
2025-10-13 19:01:19 : INFO : popt.loop.optimize :        1          0          4.3870e+03      3.13e-03        2.66e-03       
2025-10-13 19:12:21 : INFO : popt.loop.optimize :        2          0          4.2620e+03      1.00e-01        2.66e-03       
2025-10-13 19:22:42 : INFO : popt.loop.optimize :        3          0          4.0430e+03      1.00e-01        2.67e-03       
2025-10-13 19:35:42 : INFO : popt.loop.optimize :        4          0          4.0350e+03      1.00e-01        2.66e-03       
2025-10-13 19:50:08 : INFO : popt.loop.optimize :        5          0          3.9880e+03      1.00e-01        2.66e-03       
2025-10-13 20:06:09 : INFO : popt.loop.optimize :        6          0          3.8158e+03      1.00e-01        2.66e-03       
2025-10-13 20:26:20 : INFO : popt.loop.optimize :        7          0          3.7597e+03      1.00e-01        2.67e-03       
2025-10-13 20:37:22 : INFO : popt.loop.optimize :        8          0          3.5029e+03      1.00e-01        2.67e-03       
2025-10-13 21:03:06 : INFO : popt.loop.optimize :        9          0          3.2542e+03      1.00e-01        2.64e-03       
2025-10-13 22:05:43 : INFO : popt.loop.optimize :        Optimization converged in 9 iterations 
2025-10-13 22:05:43 : INFO : popt.loop.optimize :        Optimization converged with final obj_func = 3254.1813
2025-10-13 22:05:43 : INFO : popt.loop.optimize :        Total number of function evaluations = 64
2025-10-13 22:05:43 : INFO : popt.loop.optimize :        Total number of jacobi evaluations = 38
2025-10-13 22:05:43 : INFO : popt.loop.optimize :        Total elapsed time = 521.70 minutes
2025-10-13 22:05:43 : INFO : popt.loop.optimize :        ============================================
2025-10-13 22:22:25 : INFO : popt.loop.optimize :        -----> EPF-EnOpt: 3, 10000.0 (outer iteration, penalty factor)
2025-10-13 22:37:14 : INFO : popt.loop.optimize :        1          0          3.2413e+04      3.13e-03        2.64e-03       
2025-10-13 22:51:17 : INFO : popt.loop.optimize :        2          0          2.9571e+04      1.00e-01        2.65e-03       
2025-10-13 23:10:23 : INFO : popt.loop.optimize :        3          0          2.7745e+04      1.00e-01        2.65e-03       
2025-10-13 23:33:43 : INFO : popt.loop.optimize :        4          1          2.7728e+04      5.00e-02        2.63e-03       
2025-10-14 00:46:25 : INFO : popt.loop.optimize :        Optimization converged in 4 iterations 
2025-10-14 00:46:25 : INFO : popt.loop.optimize :        Optimization converged with final obj_func = 27727.5268
2025-10-14 00:46:25 : INFO : popt.loop.optimize :        Total number of function evaluations = 76
2025-10-14 00:46:25 : INFO : popt.loop.optimize :        Total number of jacobi evaluations = 43
2025-10-14 00:46:25 : INFO : popt.loop.optimize :        Total elapsed time = 682.41 minutes
2025-10-14 00:46:25 : INFO : popt.loop.optimize :        ============================================
2025-10-14 00:54:20 : INFO : popt.loop.optimize :        -----> EPF-EnOpt: 4, 100000.0 (outer iteration, penalty factor)
2025-10-14 01:11:25 : INFO : popt.loop.optimize :        1          0          2.7655e+05      3.13e-03        2.65e-03       
2025-10-14 01:25:57 : INFO : popt.loop.optimize :        2          0          2.6885e+05      1.00e-01        2.65e-03       
2025-10-14 01:48:08 : INFO : popt.loop.optimize :        3          0          2.2225e+05      1.00e-01        2.66e-03       
2025-10-14 02:01:54 : INFO : popt.loop.optimize :        4          0          2.1771e+05      1.00e-01        2.66e-03       
2025-10-14 02:34:04 : INFO : popt.loop.optimize :        5          2          2.1685e+05      2.50e-02        2.66e-03       
2025-10-14 02:53:40 : INFO : popt.loop.optimize :        6          0          2.1557e+05      1.00e-01        2.67e-03       
2025-10-14 03:05:37 : INFO : popt.loop.optimize :        7          0          1.9641e+05      1.00e-01        2.67e-03       
2025-10-14 03:19:07 : INFO : popt.loop.optimize :        8          0          1.7729e+05      1.00e-01        2.65e-03       
2025-10-14 03:32:54 : INFO : popt.loop.optimize :        9          0          1.5803e+05      1.00e-01        2.66e-03       
2025-10-14 03:59:00 : INFO : popt.loop.optimize :        10         0          1.5664e+05      1.00e-01        2.64e-03       
2025-10-14 04:13:33 : INFO : popt.loop.optimize :        11         0          1.4514e+05      1.00e-01        2.62e-03       
2025-10-14 04:32:51 : INFO : PET : [92m--- Ensemble member 21 failed, has been replaced by ensemble member 10! ---[92m
2025-10-14 04:43:20 : INFO : PET : [92m--- Ensemble member 8 failed, has been replaced by ensemble member 24! ---[92m
2025-10-14 04:43:42 : INFO : popt.loop.optimize :        12         1          1.4499e+05      5.00e-02        2.61e-03       
2025-10-14 04:58:59 : INFO : popt.loop.optimize :        13         0          1.3403e+05      1.00e-01        2.64e-03       
2025-10-14 05:17:00 : INFO : popt.loop.optimize :        14         0          1.3180e+05      1.00e-01        2.58e-03       
2025-10-14 05:28:05 : INFO : popt.loop.optimize :        15         0          1.2198e+05      1.00e-01        2.59e-03       
2025-10-14 05:48:55 : INFO : popt.loop.optimize :        16         0          1.1971e+05      1.00e-01        2.57e-03       
2025-10-14 06:20:50 : INFO : popt.loop.optimize :        17         1          1.1520e+05      5.00e-02        2.58e-03       
2025-10-14 07:24:46 : INFO : popt.loop.optimize :        Optimization converged in 17 iterations 
2025-10-14 07:24:46 : INFO : popt.loop.optimize :        Optimization converged with final obj_func = 115203.9860
2025-10-14 07:24:46 : INFO : popt.loop.optimize :        Total number of function evaluations = 104
2025-10-14 07:24:46 : INFO : popt.loop.optimize :        Total number of jacobi evaluations = 61
2025-10-14 07:24:46 : INFO : popt.loop.optimize :        Total elapsed time = 1080.77 minutes
2025-10-14 07:24:46 : INFO : popt.loop.optimize :        ============================================
2025-10-14 07:43:12 : INFO : popt.loop.optimize :        -----> EPF-EnOpt: 5, 1000000.0 (outer iteration, penalty factor)
2025-10-14 08:36:40 : INFO : popt.loop.optimize :        1          2          1.1498e+06      7.81e-04        2.59e-03       
2025-10-14 08:54:04 : INFO : popt.loop.optimize :        2          0          1.1384e+06      1.00e-01        2.57e-03       
2025-10-14 09:25:59 : INFO : popt.loop.optimize :        3          1          1.1323e+06      5.00e-02        2.57e-03       
2025-10-14 09:40:07 : INFO : popt.loop.optimize :        4          0          1.0792e+06      1.00e-01        2.57e-03       
2025-10-14 09:59:43 : INFO : popt.loop.optimize :        5          0          1.0384e+06      1.00e-01        2.58e-03       
2025-10-14 10:11:21 : INFO : popt.loop.optimize :        6          0          8.9099e+05      1.00e-01        2.58e-03       
2025-10-14 10:22:54 : INFO : popt.loop.optimize :        7          0          8.8711e+05      1.00e-01        2.61e-03       
2025-10-14 10:35:47 : INFO : popt.loop.optimize :        8          0          8.4684e+05      1.00e-01        2.62e-03       
2025-10-14 10:47:03 : INFO : popt.loop.optimize :        9          0          8.2930e+05      1.00e-01        2.63e-03       
2025-10-14 11:27:24 : INFO : popt.loop.optimize :        10         2          8.0007e+05      2.50e-02        2.65e-03       
2025-10-14 11:42:10 : INFO : PET : [92m--- Ensemble member 49 failed, has been replaced by ensemble member 32! ---[92m
2025-10-14 12:34:54 : INFO : popt.loop.optimize :        11         4          7.9096e+05      6.25e-03        2.67e-03       
2025-10-14 13:48:56 : INFO : popt.loop.optimize :        Optimization converged in 11 iterations 
2025-10-14 13:48:56 : INFO : popt.loop.optimize :        Optimization converged with final obj_func = 790957.9971
2025-10-14 13:48:56 : INFO : popt.loop.optimize :        Total number of function evaluations = 131
2025-10-14 13:48:56 : INFO : popt.loop.optimize :        Total number of jacobi evaluations = 73
2025-10-14 13:48:56 : INFO : popt.loop.optimize :        Total elapsed time = 1464.93 minutes
2025-10-14 13:48:56 : INFO : popt.loop.optimize :        ============================================
2025-10-14 14:02:22 : INFO : popt.loop.optimize :        -----> EPF-EnOpt: 6, 10000000.0 (outer iteration, penalty factor)
2025-10-14 14:26:24 : INFO : PET : [92m--- Ensemble member 3 failed, has been replaced by ensemble member 25! ---[92m
2025-10-14 14:26:46 : INFO : popt.loop.optimize :        1          0          7.9079e+06      3.13e-03        2.69e-03       
2025-10-14 14:37:41 : INFO : popt.loop.optimize :        2          0          7.7340e+06      1.00e-01        2.74e-03       
2025-10-14 15:11:52 : INFO : popt.loop.optimize :        3          5          7.7228e+06      3.13e-03        2.70e-03       
2025-10-14 15:50:00 : INFO : popt.loop.optimize :        Optimization converged in 3 iterations 
2025-10-14 15:50:00 : INFO : popt.loop.optimize :        Optimization converged with final obj_func = 7722772.1981
2025-10-14 15:50:00 : INFO : popt.loop.optimize :        Total number of function evaluations = 146
2025-10-14 15:50:00 : INFO : popt.loop.optimize :        Total number of jacobi evaluations = 77
2025-10-14 15:50:00 : INFO : popt.loop.optimize :        Total elapsed time = 1585.99 minutes
2025-10-14 15:50:00 : INFO : popt.loop.optimize :        ============================================
2025-10-14 15:53:51 : INFO : popt.loop.optimize :        -----> EPF-EnOpt: 7, 100000000.0 (outer iteration, penalty factor)
2025-10-14 16:05:32 : INFO : popt.loop.optimize :        1          0          7.6918e+07      3.13e-03        2.72e-03       
2025-10-14 16:45:21 : INFO : popt.loop.optimize :        Optimization converged in 1 iterations 
2025-10-14 16:45:21 : INFO : popt.loop.optimize :        Optimization converged with final obj_func = 76918283.8218
2025-10-14 16:45:21 : INFO : popt.loop.optimize :        Total number of function evaluations = 154
2025-10-14 16:45:21 : INFO : popt.loop.optimize :        Total number of jacobi evaluations = 79
2025-10-14 16:45:21 : INFO : popt.loop.optimize :        Total elapsed time = 1641.34 minutes
2025-10-14 16:45:21 : INFO : popt.loop.optimize :        ============================================
2025-10-14 16:49:55 : INFO : popt.loop.optimize :        -----> EPF-EnOpt: 8, 1000000000.0 (outer iteration, penalty factor)
2025-10-14 17:00:25 : INFO : popt.loop.optimize :        1          0          7.6816e+08      3.13e-03        2.74e-03       
2025-10-14 17:22:03 : INFO : popt.loop.optimize :        2          1          7.6510e+08      5.00e-02        2.76e-03       
2025-10-14 17:58:30 : INFO : popt.loop.optimize :        Optimization converged in 2 iterations 
2025-10-14 17:58:30 : INFO : popt.loop.optimize :        Optimization converged with final obj_func = 765097795.2022
2025-10-14 17:58:30 : INFO : popt.loop.optimize :        Total number of function evaluations = 164
2025-10-14 17:58:30 : INFO : popt.loop.optimize :        Total number of jacobi evaluations = 82
2025-10-14 17:58:30 : INFO : popt.loop.optimize :        Total elapsed time = 1714.50 minutes
2025-10-14 17:58:30 : INFO : popt.loop.optimize :        ============================================
2025-10-14 18:03:07 : INFO : popt.loop.optimize :        -----> EPF-EnOpt: 9, 10000000000.0 (outer iteration, penalty factor)
2025-10-14 18:23:43 : INFO : popt.loop.optimize :        1          0          7.6210e+09      3.13e-03        2.77e-03       
2025-10-14 18:41:05 : INFO : popt.loop.optimize :        2          0          7.2999e+09      1.00e-01        2.76e-03       
2025-10-14 18:58:13 : INFO : popt.loop.optimize :        3          1          7.2038e+09      5.00e-02        2.78e-03       
2025-10-14 19:44:35 : INFO : popt.loop.optimize :        Optimization converged in 3 iterations 
2025-10-14 19:44:35 : INFO : popt.loop.optimize :        Optimization converged with final obj_func = 7203769876.2649
2025-10-14 19:44:35 : INFO : popt.loop.optimize :        Total number of function evaluations = 175
2025-10-14 19:44:35 : INFO : popt.loop.optimize :        Total number of jacobi evaluations = 86
2025-10-14 19:44:35 : INFO : popt.loop.optimize :        Total elapsed time = 1820.58 minutes
2025-10-14 19:44:35 : INFO : popt.loop.optimize :        ============================================
2025-10-14 19:49:22 : INFO : popt.loop.optimize :        -----> EPF-EnOpt: 10, 100000000000.0 (outer iteration, penalty factor)
2025-10-14 19:58:51 : INFO : popt.loop.optimize :        1          0          7.1925e+10      3.13e-03        2.80e-03       
2025-10-14 20:17:44 : INFO : popt.loop.optimize :        2          2          7.1571e+10      2.50e-02        2.84e-03       
2025-10-14 21:13:42 : INFO : popt.loop.optimize :        3          3          7.1040e+10      1.25e-02        2.86e-03       
2025-10-14 22:16:29 : INFO : popt.loop.optimize :        4          4          7.1004e+10      6.25e-03        2.89e-03       
2025-10-14 23:00:14 : INFO : popt.loop.optimize :        5          3          7.0986e+10      1.25e-02        2.92e-03       
2025-10-14 23:40:09 : INFO : popt.loop.optimize :        6          2          7.0430e+10      2.50e-02        2.92e-03       
2025-10-15 00:03:01 : INFO : popt.loop.optimize :        7          1          7.0321e+10      5.00e-02        2.94e-03       
2025-10-15 00:54:19 : INFO : popt.loop.optimize :        8          3          7.0238e+10      1.25e-02        2.95e-03       
2025-10-15 01:26:28 : INFO : popt.loop.optimize :        9          2          6.9535e+10      2.50e-02        2.97e-03       
2025-10-15 01:56:03 : INFO : popt.loop.optimize :        10         2          6.9176e+10      2.50e-02        2.98e-03       
2025-10-15 02:54:12 : INFO : popt.loop.optimize :        11         5          6.9053e+10      3.13e-03        3.01e-03       
2025-10-15 03:16:26 : INFO : popt.loop.optimize :        12         0          6.7969e+10      1.00e-01        3.04e-03       
2025-10-15 03:54:59 : INFO : popt.loop.optimize :        13         2          6.7922e+10      2.50e-02        3.05e-03       
2025-10-15 05:00:35 : INFO : popt.loop.optimize :        Optimization converged in 13 iterations 
2025-10-15 05:00:35 : INFO : popt.loop.optimize :        Optimization converged with final obj_func = 67921520973.9411
2025-10-15 05:00:35 : INFO : popt.loop.optimize :        Total number of function evaluations = 224
2025-10-15 05:00:35 : INFO : popt.loop.optimize :        Total number of jacobi evaluations = 100
2025-10-15 05:00:35 : INFO : popt.loop.optimize :        Total elapsed time = 2376.57 minutes
2025-10-15 05:00:35 : INFO : popt.loop.optimize :        ============================================
2025-10-15 05:11:17 : INFO : popt.loop.optimize :        -----> EPF-EnOpt: 11, 1000000000000.0 (outer iteration, penalty factor)
2025-10-15 05:30:16 : INFO : popt.loop.optimize :        1          0          6.7895e+11      3.13e-03        3.07e-03       
2025-10-15 06:20:59 : INFO : popt.loop.optimize :        Optimization converged in 1 iterations 
2025-10-15 06:20:59 : INFO : popt.loop.optimize :        Optimization converged with final obj_func = 678945361048.8645
2025-10-15 06:20:59 : INFO : popt.loop.optimize :        Total number of function evaluations = 232
2025-10-15 06:20:59 : INFO : popt.loop.optimize :        Total number of jacobi evaluations = 102
2025-10-15 06:20:59 : INFO : popt.loop.optimize :        Total elapsed time = 2456.97 minutes
2025-10-15 06:20:59 : INFO : popt.loop.optimize :        ============================================
2025-10-15 06:20:59 : INFO : popt.loop.optimize :        -----> EPF-EnOpt: maximum epf iterations reached
