2026-01-09│15:39:09 :  ========== Running optimization - Line search (BFGS) ==========
2026-01-09│15:39:09 :  
 
USER-SPECIFIED OPTIONS:
         maxiter: 25
     save_folder: results_BFGS
 step_size_adapt: 2
        lsmethod: 0

2026-01-09│15:39:09 : 
2026-01-09│15:39:09 :   ─────────────────────────────────────────────────────────
2026-01-09│15:39:09 :  │   iter.     │   fun(xₖ)    │  ‖jac(xₖ)‖∞  │  step-size  │
2026-01-09│15:39:09 :  │─────────────│──────────────│──────────────│─────────────│
2026-01-09│15:39:09 :  │     0       │  -2.982e+00  │  8.422e-02   │             │
2026-01-09│15:39:09 :   ─────────────────────────────────────────────────────────
2026-01-09│15:39:09 :  Performing line search.............
2026-01-09│15:43:24 : 
2026-01-09│15:43:24 :   ─────────────────────────────────────────────────────────
2026-01-09│15:43:24 :  │   iter.     │   fun(xₖ)    │  ‖jac(xₖ)‖∞  │  step-size  │
2026-01-09│15:43:24 :  │─────────────│──────────────│──────────────│─────────────│
2026-01-09│15:43:24 :  │     1       │  -3.053e+00  │  7.747e-02   │  2.968e+00  │
2026-01-09│15:43:24 :   ─────────────────────────────────────────────────────────
2026-01-09│15:43:24 :  Performing line search.............
2026-01-09│15:48:16 : 
2026-01-09│15:48:16 :   ─────────────────────────────────────────────────────────
2026-01-09│15:48:16 :  │   iter.     │   fun(xₖ)    │  ‖jac(xₖ)‖∞  │  step-size  │
2026-01-09│15:48:16 :  │─────────────│──────────────│──────────────│─────────────│
2026-01-09│15:48:16 :  │     2       │  -3.116e+00  │  6.170e-02   │  1.290e+00  │
2026-01-09│15:48:16 :   ─────────────────────────────────────────────────────────
2026-01-09│15:48:16 :  Performing line search.............
2026-01-09│15:53:37 : 
2026-01-09│15:53:37 :   ─────────────────────────────────────────────────────────
2026-01-09│15:53:37 :  │   iter.     │   fun(xₖ)    │  ‖jac(xₖ)‖∞  │  step-size  │
2026-01-09│15:53:37 :  │─────────────│──────────────│──────────────│─────────────│
2026-01-09│15:53:37 :  │     3       │  -3.169e+00  │  9.653e-02   │  3.436e+00  │
2026-01-09│15:53:37 :   ─────────────────────────────────────────────────────────
2026-01-09│15:53:37 :  Performing line search.............
2026-01-09│15:58:45 : 
2026-01-09│15:58:45 :   ─────────────────────────────────────────────────────────
2026-01-09│15:58:45 :  │   iter.     │   fun(xₖ)    │  ‖jac(xₖ)‖∞  │  step-size  │
2026-01-09│15:58:45 :  │─────────────│──────────────│──────────────│─────────────│
2026-01-09│15:58:45 :  │     4       │  -3.183e+00  │  7.288e-02   │  2.660e+00  │
2026-01-09│15:58:45 :   ─────────────────────────────────────────────────────────
2026-01-09│15:58:45 :  Performing line search.............
2026-01-09│16:04:37 : 
2026-01-09│16:04:37 :   ─────────────────────────────────────────────────────────
2026-01-09│16:04:37 :  │   iter.     │   fun(xₖ)    │  ‖jac(xₖ)‖∞  │  step-size  │
2026-01-09│16:04:37 :  │─────────────│──────────────│──────────────│─────────────│
2026-01-09│16:04:37 :  │     5       │  -3.186e+00  │  6.878e-02   │  7.508e-01  │
2026-01-09│16:04:37 :   ─────────────────────────────────────────────────────────
2026-01-09│16:04:37 :  Performing line search.............
2026-01-09│16:11:59 : 
2026-01-09│16:11:59 :   ─────────────────────────────────────────────────────────
2026-01-09│16:11:59 :  │   iter.     │   fun(xₖ)    │  ‖jac(xₖ)‖∞  │  step-size  │
2026-01-09│16:11:59 :  │─────────────│──────────────│──────────────│─────────────│
2026-01-09│16:11:59 :  │     6       │  -3.188e+00  │  4.757e-02   │  1.267e-01  │
2026-01-09│16:11:59 :   ─────────────────────────────────────────────────────────
2026-01-09│16:11:59 :  Performing line search.............
2026-01-09│16:17:52 :  
2026-01-09│16:17:52 :  ============================================
2026-01-09│16:17:52 :  Convergence was met :)
2026-01-09│16:17:52 :  Optimization converged in 6 iterations 
2026-01-09│16:17:52 :  Optimization converged with final obj_func = -3.1885
2026-01-09│16:17:52 :  Total number of function evaluations = 11
2026-01-09│16:17:52 :  Total number of jacobi evaluations = 7
2026-01-09│16:17:52 :  Total elapsed time = 43.01 minutes
2026-01-09│16:17:52 :  ============================================
