2026-01-10│13:27:18 :  ========== Running optimization - Line search (Newton-CG) ==========
2026-01-10│13:27:18 :  
 
USER-SPECIFIED OPTIONS:
         maxiter: 25
     save_folder: results_NewtonCG
 step_size_adapt: 2
        lsmethod: 0

2026-01-10│13:27:18 : 
2026-01-10│13:27:18 :   ─────────────────────────────────────────────────────────
2026-01-10│13:27:18 :  │   iter.     │   fun(xₖ)    │  ‖jac(xₖ)‖∞  │  step-size  │
2026-01-10│13:27:18 :  │─────────────│──────────────│──────────────│─────────────│
2026-01-10│13:27:18 :  │     0       │  -2.982e+00  │  8.422e-02   │             │
2026-01-10│13:27:18 :   ─────────────────────────────────────────────────────────
2026-01-10│13:27:18 :  
2026-01-10│13:27:18 :  Running Newton-CG subroutine..........
2026-01-10│13:27:18 :  iteration: 0
2026-01-10│13:27:18 :  Negative curvature detected, terminating subroutine
2026-01-10│13:27:18 :  
2026-01-10│13:27:18 :  Performing line search.............
2026-01-10│13:31:32 : 
2026-01-10│13:31:32 :   ─────────────────────────────────────────────────────────
2026-01-10│13:31:32 :  │   iter.     │   fun(xₖ)    │  ‖jac(xₖ)‖∞  │  step-size  │
2026-01-10│13:31:32 :  │─────────────│──────────────│──────────────│─────────────│
2026-01-10│13:31:32 :  │     1       │  -3.053e+00  │  7.747e-02   │  2.968e+00  │
2026-01-10│13:31:32 :   ─────────────────────────────────────────────────────────
2026-01-10│13:31:32 :  
2026-01-10│13:31:32 :  Running Newton-CG subroutine..........
2026-01-10│13:31:32 :  iteration: 0
2026-01-10│13:31:32 :  iteration: 1
2026-01-10│13:31:32 :  Negative curvature detected, terminating subroutine
2026-01-10│13:31:32 :  
2026-01-10│13:31:32 :  Performing line search.............
2026-01-10│13:36:13 : 
2026-01-10│13:36:13 :   ─────────────────────────────────────────────────────────
2026-01-10│13:36:13 :  │   iter.     │   fun(xₖ)    │  ‖jac(xₖ)‖∞  │  step-size  │
2026-01-10│13:36:13 :  │─────────────│──────────────│──────────────│─────────────│
2026-01-10│13:36:13 :  │     2       │  -3.106e+00  │  5.159e-02   │  1.592e+00  │
2026-01-10│13:36:13 :   ─────────────────────────────────────────────────────────
2026-01-10│13:36:13 :  
2026-01-10│13:36:13 :  Running Newton-CG subroutine..........
2026-01-10│13:36:13 :  iteration: 0
2026-01-10│13:36:13 :  iteration: 1
2026-01-10│13:36:13 :  Negative curvature detected, terminating subroutine
2026-01-10│13:36:13 :  
2026-01-10│13:36:13 :  Performing line search.............
2026-01-10│13:41:14 : 
2026-01-10│13:41:14 :   ─────────────────────────────────────────────────────────
2026-01-10│13:41:14 :  │   iter.     │   fun(xₖ)    │  ‖jac(xₖ)‖∞  │  step-size  │
2026-01-10│13:41:14 :  │─────────────│──────────────│──────────────│─────────────│
2026-01-10│13:41:14 :  │     3       │  -3.151e+00  │  8.036e-02   │  5.510e+00  │
2026-01-10│13:41:14 :   ─────────────────────────────────────────────────────────
2026-01-10│13:41:14 :  
2026-01-10│13:41:14 :  Running Newton-CG subroutine..........
2026-01-10│13:41:14 :  iteration: 0
2026-01-10│13:41:14 :  iteration: 1
2026-01-10│13:41:14 :  Negative curvature detected, terminating subroutine
2026-01-10│13:41:14 :  
2026-01-10│13:41:14 :  Performing line search.............
2026-01-10│13:46:02 : 
2026-01-10│13:46:02 :   ─────────────────────────────────────────────────────────
2026-01-10│13:46:02 :  │   iter.     │   fun(xₖ)    │  ‖jac(xₖ)‖∞  │  step-size  │
2026-01-10│13:46:02 :  │─────────────│──────────────│──────────────│─────────────│
2026-01-10│13:46:02 :  │     4       │  -3.167e+00  │  8.493e-02   │  3.169e+01  │
2026-01-10│13:46:02 :   ─────────────────────────────────────────────────────────
2026-01-10│13:46:02 :  
2026-01-10│13:46:02 :  Running Newton-CG subroutine..........
2026-01-10│13:46:02 :  iteration: 0
2026-01-10│13:46:02 :  iteration: 1
2026-01-10│13:46:02 :  Negative curvature detected, terminating subroutine
2026-01-10│13:46:02 :  
2026-01-10│13:46:02 :  Performing line search.............
2026-01-10│13:50:36 : 
2026-01-10│13:50:36 :   ─────────────────────────────────────────────────────────
2026-01-10│13:50:36 :  │   iter.     │   fun(xₖ)    │  ‖jac(xₖ)‖∞  │  step-size  │
2026-01-10│13:50:36 :  │─────────────│──────────────│──────────────│─────────────│
2026-01-10│13:50:36 :  │     5       │  -3.180e+00  │  6.234e-02   │  2.818e+01  │
2026-01-10│13:50:36 :   ─────────────────────────────────────────────────────────
2026-01-10│13:50:36 :  
2026-01-10│13:50:36 :  Running Newton-CG subroutine..........
2026-01-10│13:50:36 :  iteration: 0
2026-01-10│13:50:36 :  iteration: 1
2026-01-10│13:50:36 :  Negative curvature detected, terminating subroutine
2026-01-10│13:50:36 :  
2026-01-10│13:50:36 :  Performing line search.............
2026-01-10│13:55:15 : 
2026-01-10│13:55:15 :   ─────────────────────────────────────────────────────────
2026-01-10│13:55:15 :  │   iter.     │   fun(xₖ)    │  ‖jac(xₖ)‖∞  │  step-size  │
2026-01-10│13:55:15 :  │─────────────│──────────────│──────────────│─────────────│
2026-01-10│13:55:15 :  │     6       │  -3.202e+00  │  6.693e-02   │  9.901e+00  │
2026-01-10│13:55:15 :   ─────────────────────────────────────────────────────────
2026-01-10│13:55:15 :  
2026-01-10│13:55:15 :  Running Newton-CG subroutine..........
2026-01-10│13:55:15 :  iteration: 0
2026-01-10│13:55:15 :  Negative curvature detected, terminating subroutine
2026-01-10│13:55:15 :  
2026-01-10│13:55:15 :  Performing line search.............
2026-01-10│14:00:16 : 
2026-01-10│14:00:16 :   ─────────────────────────────────────────────────────────
2026-01-10│14:00:16 :  │   iter.     │   fun(xₖ)    │  ‖jac(xₖ)‖∞  │  step-size  │
2026-01-10│14:00:16 :  │─────────────│──────────────│──────────────│─────────────│
2026-01-10│14:00:16 :  │     7       │  -3.208e+00  │  4.865e-02   │  3.178e+00  │
2026-01-10│14:00:16 :   ─────────────────────────────────────────────────────────
2026-01-10│14:00:16 :  
2026-01-10│14:00:16 :  Running Newton-CG subroutine..........
2026-01-10│14:00:16 :  iteration: 0
2026-01-10│14:00:16 :  iteration: 1
2026-01-10│14:00:16 :  Negative curvature detected, terminating subroutine
2026-01-10│14:00:16 :  
2026-01-10│14:00:16 :  Performing line search.............
2026-01-10│14:04:44 : 
2026-01-10│14:04:44 :   ─────────────────────────────────────────────────────────
2026-01-10│14:04:44 :  │   iter.     │   fun(xₖ)    │  ‖jac(xₖ)‖∞  │  step-size  │
2026-01-10│14:04:44 :  │─────────────│──────────────│──────────────│─────────────│
2026-01-10│14:04:44 :  │     8       │  -3.224e+00  │  6.692e-02   │  1.225e+00  │
2026-01-10│14:04:44 :   ─────────────────────────────────────────────────────────
2026-01-10│14:04:44 :  
2026-01-10│14:04:44 :  Running Newton-CG subroutine..........
2026-01-10│14:04:44 :  iteration: 0
2026-01-10│14:04:44 :  iteration: 1
2026-01-10│14:04:44 :  Negative curvature detected, terminating subroutine
2026-01-10│14:04:44 :  
2026-01-10│14:04:44 :  Performing line search.............
2026-01-10│14:09:13 : 
2026-01-10│14:09:13 :   ─────────────────────────────────────────────────────────
2026-01-10│14:09:13 :  │   iter.     │   fun(xₖ)    │  ‖jac(xₖ)‖∞  │  step-size  │
2026-01-10│14:09:13 :  │─────────────│──────────────│──────────────│─────────────│
2026-01-10│14:09:13 :  │     9       │  -3.225e+00  │  5.392e-02   │  1.527e+01  │
2026-01-10│14:09:13 :   ─────────────────────────────────────────────────────────
2026-01-10│14:09:14 :  
2026-01-10│14:09:14 :  Running Newton-CG subroutine..........
2026-01-10│14:09:14 :  iteration: 0
2026-01-10│14:09:14 :  iteration: 1
2026-01-10│14:09:14 :  Negative curvature detected, terminating subroutine
2026-01-10│14:09:14 :  
2026-01-10│14:09:14 :  Performing line search.............
2026-01-10│19:06:57 : 
2026-01-10│19:06:57 :   ─────────────────────────────────────────────────────────
2026-01-10│19:06:57 :  │   iter.     │   fun(xₖ)    │  ‖jac(xₖ)‖∞  │  step-size  │
2026-01-10│19:06:57 :  │─────────────│──────────────│──────────────│─────────────│
2026-01-10│19:06:57 :  │     10      │  -3.226e+00  │  2.911e-02   │  1.472e+01  │
2026-01-10│19:06:57 :   ─────────────────────────────────────────────────────────
2026-01-10│19:06:57 :  
2026-01-10│19:06:57 :  Running Newton-CG subroutine..........
2026-01-10│19:06:57 :  iteration: 0
2026-01-10│19:06:57 :  iteration: 1
2026-01-10│19:06:57 :  Negative curvature detected, terminating subroutine
2026-01-10│19:06:57 :  
2026-01-10│19:06:57 :  Performing line search.............
2026-01-10│19:12:50 : 
2026-01-10│19:12:50 :   ─────────────────────────────────────────────────────────
2026-01-10│19:12:50 :  │   iter.     │   fun(xₖ)    │  ‖jac(xₖ)‖∞  │  step-size  │
2026-01-10│19:12:50 :  │─────────────│──────────────│──────────────│─────────────│
2026-01-10│19:12:50 :  │     11      │  -3.229e+00  │  3.363e-02   │  3.532e+00  │
2026-01-10│19:12:50 :   ─────────────────────────────────────────────────────────
2026-01-10│19:12:50 :  
2026-01-10│19:12:50 :  Running Newton-CG subroutine..........
2026-01-10│19:12:50 :  iteration: 0
2026-01-10│19:12:50 :  iteration: 1
2026-01-10│19:12:50 :  Negative curvature detected, terminating subroutine
2026-01-10│19:12:50 :  
2026-01-10│19:12:50 :  Performing line search.............
2026-01-10│19:17:32 : 
2026-01-10│19:17:32 :   ─────────────────────────────────────────────────────────
2026-01-10│19:17:32 :  │   iter.     │   fun(xₖ)    │  ‖jac(xₖ)‖∞  │  step-size  │
2026-01-10│19:17:32 :  │─────────────│──────────────│──────────────│─────────────│
2026-01-10│19:17:32 :  │     12      │  -3.229e+00  │  4.934e-02   │  1.425e+01  │
2026-01-10│19:17:32 :   ─────────────────────────────────────────────────────────
2026-01-10│19:17:32 :  Convergence criteria met: |f(x+dx) - f(x)| < ftol * |f(x)|
2026-01-10│19:17:32 :  
2026-01-10│19:17:32 :  ============================================
2026-01-10│19:17:32 :  Convergence criteria met: |f(x+dx) - f(x)| < ftol * |f(x)|
2026-01-10│19:17:32 :  Optimization converged in 11 iterations 
2026-01-10│19:17:32 :  Optimization converged with final obj_func = -3.2292
2026-01-10│19:17:32 :  Total number of function evaluations = 16
2026-01-10│19:17:32 :  Total number of jacobi evaluations = 13
2026-01-10│19:17:32 :  Total elapsed time = 354.68 minutes
2026-01-10│19:17:32 :  ============================================
