2026-02-10│08:16:28 :  Hessian approximation set to BFGS.
2026-02-10│08:20:28 :  ================= Running Optimization - Trust Region =================
2026-02-10│08:20:28 :  
 
USER-SPECIFIED OPTIONS:
 save_folder: results_tr_BFGS_ncg
     maxiter: 20

2026-02-10│08:20:28 : 
2026-02-10│08:20:28 :  ┌────────────┬────────────┬────────────┬────────────┬────────────┐
2026-02-10│08:20:28 :  │   Iter.    │  fun(xₖ)   │     Δₖ     │     ρₖ     │ |pₖ| = Δₖ  │
2026-02-10│08:20:28 :  ├────────────┼────────────┼────────────┼────────────┼────────────┤
2026-02-10│08:20:28 :  │     0      │ -2.982e+00 │ 1.000e+00  │ 0.000e+00  │    N/A     │
2026-02-10│08:20:28 :  └────────────┴────────────┴────────────┴────────────┴────────────┘
2026-02-10│08:20:28 : 
2026-02-10│08:20:57 : 
2026-02-10│08:20:57 :  ┌────────────┬────────────┬────────────┬────────────┬────────────┐
2026-02-10│08:20:57 :  │   Iter.    │  fun(xₖ)   │     Δₖ     │     ρₖ     │ |pₖ| = Δₖ  │
2026-02-10│08:20:57 :  ├────────────┼────────────┼────────────┼────────────┼────────────┤
2026-02-10│08:20:57 :  │     1      │ -3.132e+00 │ 1.000e+00  │ 3.463e-01  │    yes     │
2026-02-10│08:20:57 :  └────────────┴────────────┴────────────┴────────────┴────────────┘
2026-02-10│08:20:57 : 
2026-02-10│08:24:44 :  Solving subproblem ...................
2026-02-10│08:25:15 : 
2026-02-10│08:25:15 :  ┌────────────┬────────────┬────────────┬────────────┬────────────┐
2026-02-10│08:25:15 :  │   Iter.    │  fun(xₖ)   │     Δₖ     │     ρₖ     │ |pₖ| = Δₖ  │
2026-02-10│08:25:15 :  ├────────────┼────────────┼────────────┼────────────┼────────────┤
2026-02-10│08:25:15 :  │     2      │ -3.163e+00 │ 1.000e+00  │ 4.952e-01  │    yes     │
2026-02-10│08:25:15 :  └────────────┴────────────┴────────────┴────────────┴────────────┘
2026-02-10│08:25:15 : 
2026-02-10│08:29:31 :  Solving subproblem ...................
2026-02-10│08:30:04 :  Function value not reduced: fun(xₖ) = -3.1489e+00 >= -3.1631e+00
2026-02-10│08:30:04 :  Reducing Δₖ by 75%: 1.0000e+00 ───> 2.5000e-01
2026-02-10│08:30:04 :  Solving subproblem ...................
2026-02-10│08:30:36 : 
2026-02-10│08:30:36 :  ┌────────────┬────────────┬────────────┬────────────┬────────────┐
2026-02-10│08:30:36 :  │   Iter.    │  fun(xₖ)   │     Δₖ     │     ρₖ     │ |pₖ| = Δₖ  │
2026-02-10│08:30:36 :  ├────────────┼────────────┼────────────┼────────────┼────────────┤
2026-02-10│08:30:36 :  │     3      │ -3.167e+00 │ 2.500e-01  │ 1.330e-01  │    yes     │
2026-02-10│08:30:36 :  └────────────┴────────────┴────────────┴────────────┴────────────┘
2026-02-10│08:30:36 : 
2026-02-10│08:34:47 :  Solving subproblem ...................
2026-02-10│08:35:18 : 
2026-02-10│08:35:18 :  ┌────────────┬────────────┬────────────┬────────────┬────────────┐
2026-02-10│08:35:18 :  │   Iter.    │  fun(xₖ)   │     Δₖ     │     ρₖ     │ |pₖ| = Δₖ  │
2026-02-10│08:35:18 :  ├────────────┼────────────┼────────────┼────────────┼────────────┤
2026-02-10│08:35:18 :  │     4      │ -3.179e+00 │ 2.500e-01  │ 6.459e-01  │    yes     │
2026-02-10│08:35:18 :  └────────────┴────────────┴────────────┴────────────┴────────────┘
2026-02-10│08:35:18 : 
2026-02-10│08:35:18 :  Tr-radius Δₖ updated: 2.5000e-01 ───> 3.7500e-01 (50.00%)
2026-02-10│08:39:27 :  Solving subproblem ...................
2026-02-10│08:39:57 :  Function value not reduced: fun(xₖ) = -3.1725e+00 >= -3.1787e+00
2026-02-10│08:39:57 :  Reducing Δₖ by 75%: 3.7500e-01 ───> 9.3750e-02
2026-02-10│08:39:57 :  Solving subproblem ...................
2026-02-10│08:40:28 : 
2026-02-10│08:40:28 :  ┌────────────┬────────────┬────────────┬────────────┬────────────┐
2026-02-10│08:40:28 :  │   Iter.    │  fun(xₖ)   │     Δₖ     │     ρₖ     │ |pₖ| = Δₖ  │
2026-02-10│08:40:28 :  ├────────────┼────────────┼────────────┼────────────┼────────────┤
2026-02-10│08:40:28 :  │     5      │ -3.181e+00 │ 9.375e-02  │ 2.235e-01  │    yes     │
2026-02-10│08:40:28 :  └────────────┴────────────┴────────────┴────────────┴────────────┘
2026-02-10│08:40:28 : 
2026-02-10│08:44:34 :  Solving subproblem ...................
2026-02-10│08:45:06 : 
2026-02-10│08:45:06 :  ┌────────────┬────────────┬────────────┬────────────┬────────────┐
2026-02-10│08:45:06 :  │   Iter.    │  fun(xₖ)   │     Δₖ     │     ρₖ     │ |pₖ| = Δₖ  │
2026-02-10│08:45:06 :  ├────────────┼────────────┼────────────┼────────────┼────────────┤
2026-02-10│08:45:06 :  │     6      │ -3.183e+00 │ 9.375e-02  │ 1.904e-01  │    yes     │
2026-02-10│08:45:06 :  └────────────┴────────────┴────────────┴────────────┴────────────┘
2026-02-10│08:45:06 : 
2026-02-10│08:49:08 :  Solving subproblem ...................
2026-02-10│08:49:38 : 
2026-02-10│08:49:38 :  ┌────────────┬────────────┬────────────┬────────────┬────────────┐
2026-02-10│08:49:38 :  │   Iter.    │  fun(xₖ)   │     Δₖ     │     ρₖ     │ |pₖ| = Δₖ  │
2026-02-10│08:49:38 :  ├────────────┼────────────┼────────────┼────────────┼────────────┤
2026-02-10│08:49:38 :  │     7      │ -3.186e+00 │ 9.375e-02  │ 3.010e-01  │    yes     │
2026-02-10│08:49:38 :  └────────────┴────────────┴────────────┴────────────┴────────────┘
2026-02-10│08:49:38 : 
2026-02-10│08:53:37 :  Solving subproblem ...................
2026-02-10│08:54:07 : 
2026-02-10│08:54:07 :  ┌────────────┬────────────┬────────────┬────────────┬────────────┐
2026-02-10│08:54:07 :  │   Iter.    │  fun(xₖ)   │     Δₖ     │     ρₖ     │ |pₖ| = Δₖ  │
2026-02-10│08:54:07 :  ├────────────┼────────────┼────────────┼────────────┼────────────┤
2026-02-10│08:54:07 :  │     8      │ -3.186e+00 │ 9.375e-02  │ 3.775e-02  │    yes     │
2026-02-10│08:54:07 :  └────────────┴────────────┴────────────┴────────────┴────────────┘
2026-02-10│08:54:07 : 
2026-02-10│08:54:07 :  Tr-radius Δₖ updated: 9.3750e-02 ───> 4.6875e-02 (-50.00%)
2026-02-10│08:58:05 :  Solving subproblem ...................
2026-02-10│08:58:36 : 
2026-02-10│08:58:36 :  ┌────────────┬────────────┬────────────┬────────────┬────────────┐
2026-02-10│08:58:36 :  │   Iter.    │  fun(xₖ)   │     Δₖ     │     ρₖ     │ |pₖ| = Δₖ  │
2026-02-10│08:58:36 :  ├────────────┼────────────┼────────────┼────────────┼────────────┤
2026-02-10│08:58:36 :  │     9      │ -3.189e+00 │ 4.688e-02  │ 5.899e-01  │    yes     │
2026-02-10│08:58:36 :  └────────────┴────────────┴────────────┴────────────┴────────────┘
2026-02-10│08:58:36 : 
2026-02-10│08:58:36 :  Tr-radius Δₖ updated: 4.6875e-02 ───> 7.0312e-02 (50.00%)
2026-02-10│09:02:33 :  Solving subproblem ...................
2026-02-10│09:03:04 : 
2026-02-10│09:03:04 :  ┌────────────┬────────────┬────────────┬────────────┬────────────┐
2026-02-10│09:03:04 :  │   Iter.    │  fun(xₖ)   │     Δₖ     │     ρₖ     │ |pₖ| = Δₖ  │
2026-02-10│09:03:04 :  ├────────────┼────────────┼────────────┼────────────┼────────────┤
2026-02-10│09:03:04 :  │     10     │ -3.190e+00 │ 7.031e-02  │ 1.179e-01  │    yes     │
2026-02-10│09:03:04 :  └────────────┴────────────┴────────────┴────────────┴────────────┘
2026-02-10│09:03:04 : 
2026-02-10│09:07:00 :  Solving subproblem ...................
2026-02-10│09:07:31 : 
2026-02-10│09:07:31 :  ┌────────────┬────────────┬────────────┬────────────┬────────────┐
2026-02-10│09:07:31 :  │   Iter.    │  fun(xₖ)   │     Δₖ     │     ρₖ     │ |pₖ| = Δₖ  │
2026-02-10│09:07:31 :  ├────────────┼────────────┼────────────┼────────────┼────────────┤
2026-02-10│09:07:31 :  │     11     │ -3.192e+00 │ 7.031e-02  │ 2.952e-01  │    yes     │
2026-02-10│09:07:31 :  └────────────┴────────────┴────────────┴────────────┴────────────┘
2026-02-10│09:07:31 : 
2026-02-10│09:11:27 :  Solving subproblem ...................
2026-02-10│09:11:58 : 
2026-02-10│09:11:58 :  ┌────────────┬────────────┬────────────┬────────────┬────────────┐
2026-02-10│09:11:58 :  │   Iter.    │  fun(xₖ)   │     Δₖ     │     ρₖ     │ |pₖ| = Δₖ  │
2026-02-10│09:11:58 :  ├────────────┼────────────┼────────────┼────────────┼────────────┤
2026-02-10│09:11:58 :  │     12     │ -3.195e+00 │ 7.031e-02  │ 3.623e-01  │    yes     │
2026-02-10│09:11:58 :  └────────────┴────────────┴────────────┴────────────┴────────────┘
2026-02-10│09:11:58 : 
2026-02-10│09:15:56 :  Solving subproblem ...................
2026-02-10│09:16:26 : 
2026-02-10│09:16:26 :  ┌────────────┬────────────┬────────────┬────────────┬────────────┐
2026-02-10│09:16:26 :  │   Iter.    │  fun(xₖ)   │     Δₖ     │     ρₖ     │ |pₖ| = Δₖ  │
2026-02-10│09:16:26 :  ├────────────┼────────────┼────────────┼────────────┼────────────┤
2026-02-10│09:16:26 :  │     13     │ -3.196e+00 │ 7.031e-02  │ 3.312e-01  │    yes     │
2026-02-10│09:16:26 :  └────────────┴────────────┴────────────┴────────────┴────────────┘
2026-02-10│09:16:26 : 
2026-02-10│09:20:23 :  Solving subproblem ...................
2026-02-10│09:20:53 :  Function value not reduced: fun(xₖ) = -3.1950e+00 >= -3.1965e+00
2026-02-10│09:20:53 :  Reducing Δₖ by 75%: 7.0312e-02 ───> 1.7578e-02
2026-02-10│09:20:53 :  Solving subproblem ...................
2026-02-10│09:21:24 : 
2026-02-10│09:21:24 :  ┌────────────┬────────────┬────────────┬────────────┬────────────┐
2026-02-10│09:21:24 :  │   Iter.    │  fun(xₖ)   │     Δₖ     │     ρₖ     │ |pₖ| = Δₖ  │
2026-02-10│09:21:24 :  ├────────────┼────────────┼────────────┼────────────┼────────────┤
2026-02-10│09:21:24 :  │     14     │ -3.197e+00 │ 1.758e-02  │ 1.254e-01  │    yes     │
2026-02-10│09:21:24 :  └────────────┴────────────┴────────────┴────────────┴────────────┘
2026-02-10│09:21:24 : 
2026-02-10│09:25:21 :  Solving subproblem ...................
2026-02-10│09:25:52 : 
2026-02-10│09:25:52 :  ┌────────────┬────────────┬────────────┬────────────┬────────────┐
2026-02-10│09:25:52 :  │   Iter.    │  fun(xₖ)   │     Δₖ     │     ρₖ     │ |pₖ| = Δₖ  │
2026-02-10│09:25:52 :  ├────────────┼────────────┼────────────┼────────────┼────────────┤
2026-02-10│09:25:52 :  │     15     │ -3.197e+00 │ 1.758e-02  │ 2.413e-01  │    yes     │
2026-02-10│09:25:52 :  └────────────┴────────────┴────────────┴────────────┴────────────┘
2026-02-10│09:25:52 : 
2026-02-10│09:29:48 :  Solving subproblem ...................
2026-02-10│09:30:19 : 
2026-02-10│09:30:19 :  ┌────────────┬────────────┬────────────┬────────────┬────────────┐
2026-02-10│09:30:19 :  │   Iter.    │  fun(xₖ)   │     Δₖ     │     ρₖ     │ |pₖ| = Δₖ  │
2026-02-10│09:30:19 :  ├────────────┼────────────┼────────────┼────────────┼────────────┤
2026-02-10│09:30:19 :  │     16     │ -3.198e+00 │ 1.758e-02  │ 2.147e-01  │    yes     │
2026-02-10│09:30:19 :  └────────────┴────────────┴────────────┴────────────┴────────────┘
2026-02-10│09:30:19 : 
2026-02-10│09:34:16 :  Solving subproblem ...................
2026-02-10│09:34:46 : 
2026-02-10│09:34:46 :  ┌────────────┬────────────┬────────────┬────────────┬────────────┐
2026-02-10│09:34:46 :  │   Iter.    │  fun(xₖ)   │     Δₖ     │     ρₖ     │ |pₖ| = Δₖ  │
2026-02-10│09:34:46 :  ├────────────┼────────────┼────────────┼────────────┼────────────┤
2026-02-10│09:34:46 :  │     17     │ -3.198e+00 │ 1.758e-02  │ 1.896e-01  │    yes     │
2026-02-10│09:34:46 :  └────────────┴────────────┴────────────┴────────────┴────────────┘
2026-02-10│09:34:46 : 
2026-02-10│09:38:43 :  Solving subproblem ...................
2026-02-10│09:39:14 : 
2026-02-10│09:39:14 :  ┌────────────┬────────────┬────────────┬────────────┬────────────┐
2026-02-10│09:39:14 :  │   Iter.    │  fun(xₖ)   │     Δₖ     │     ρₖ     │ |pₖ| = Δₖ  │
2026-02-10│09:39:14 :  ├────────────┼────────────┼────────────┼────────────┼────────────┤
2026-02-10│09:39:14 :  │     18     │ -3.199e+00 │ 1.758e-02  │ 3.125e-01  │    yes     │
2026-02-10│09:39:14 :  └────────────┴────────────┴────────────┴────────────┴────────────┘
2026-02-10│09:39:14 : 
2026-02-10│09:43:09 :  Solving subproblem ...................
2026-02-10│09:43:39 : 
2026-02-10│09:43:39 :  ┌────────────┬────────────┬────────────┬────────────┬────────────┐
2026-02-10│09:43:39 :  │   Iter.    │  fun(xₖ)   │     Δₖ     │     ρₖ     │ |pₖ| = Δₖ  │
2026-02-10│09:43:39 :  ├────────────┼────────────┼────────────┼────────────┼────────────┤
2026-02-10│09:43:39 :  │     19     │ -3.199e+00 │ 1.758e-02  │ 3.352e-01  │    yes     │
2026-02-10│09:43:39 :  └────────────┴────────────┴────────────┴────────────┴────────────┘
2026-02-10│09:43:39 : 
2026-02-10│09:47:36 :  Solving subproblem ...................
2026-02-10│09:48:07 : 
2026-02-10│09:48:07 :  ┌────────────┬────────────┬────────────┬────────────┬────────────┐
2026-02-10│09:48:07 :  │   Iter.    │  fun(xₖ)   │     Δₖ     │     ρₖ     │ |pₖ| = Δₖ  │
2026-02-10│09:48:07 :  ├────────────┼────────────┼────────────┼────────────┼────────────┤
2026-02-10│09:48:07 :  │     20     │ -3.200e+00 │ 1.758e-02  │ 1.933e-01  │    yes     │
2026-02-10│09:48:07 :  └────────────┴────────────┴────────────┴────────────┴────────────┘
2026-02-10│09:48:07 : 
2026-02-10│09:48:07 :  
2026-02-10│09:48:07 :  ============================================
2026-02-10│09:48:07 :  Optimization stopped due to maximum iterations reached!
2026-02-10│09:48:07 :  Optimization converged in 20 iterations 
2026-02-10│09:48:07 :  Optimization converged with final obj_func = -3.1998
2026-02-10│09:48:07 :  Total number of function evaluations = 24
2026-02-10│09:48:07 :  Total number of jacobi evaluations = 20
2026-02-10│09:48:07 :  Total elapsed time = 91.65 minutes
2026-02-10│09:48:07 :  ============================================
